Archive member included to satisfy reference by file (symbol)

c:/progra~2/gnuarm~1/102020~1/bin/../lib/gcc/arm-none-eabi/10.2.1/thumb/v6-m/nofp\libgcc.a(_dvmd_tls.o)
                              CMakeFiles/bmp280_pio.dir/C_/Users/Alfonso_Samuel/Documents/pico/pico-sdk/src/rp2_common/pico_divider/divider.S.obj (__aeabi_idiv0)
c:/progra~2/gnuarm~1/102020~1/bin/../lib/gcc/arm-none-eabi/10.2.1/../../../../arm-none-eabi/lib/thumb/v6-m/nofp\libg.a(lib_a-calloc.o)
                              CMakeFiles/bmp280_pio.dir/C_/Users/Alfonso_Samuel/Documents/pico/pico-sdk/src/rp2_common/pico_malloc/pico_malloc.c.obj (calloc)
c:/progra~2/gnuarm~1/102020~1/bin/../lib/gcc/arm-none-eabi/10.2.1/../../../../arm-none-eabi/lib/thumb/v6-m/nofp\libg.a(lib_a-callocr.o)
                              c:/progra~2/gnuarm~1/102020~1/bin/../lib/gcc/arm-none-eabi/10.2.1/../../../../arm-none-eabi/lib/thumb/v6-m/nofp\libg.a(lib_a-calloc.o) (_calloc_r)
c:/progra~2/gnuarm~1/102020~1/bin/../lib/gcc/arm-none-eabi/10.2.1/../../../../arm-none-eabi/lib/thumb/v6-m/nofp\libg.a(lib_a-ctype_.o)
                              CMakeFiles/bmp280_pio.dir/C_/Users/Alfonso_Samuel/Documents/pico/pico-sdk/lib/tinyusb/src/tusb.c.obj (_ctype_)
c:/progra~2/gnuarm~1/102020~1/bin/../lib/gcc/arm-none-eabi/10.2.1/../../../../arm-none-eabi/lib/thumb/v6-m/nofp\libg.a(lib_a-impure.o)
                              c:/progra~2/gnuarm~1/102020~1/bin/../lib/gcc/arm-none-eabi/10.2.1/../../../../arm-none-eabi/lib/thumb/v6-m/nofp\libg.a(lib_a-calloc.o) (_impure_ptr)
c:/progra~2/gnuarm~1/102020~1/bin/../lib/gcc/arm-none-eabi/10.2.1/../../../../arm-none-eabi/lib/thumb/v6-m/nofp\libg.a(lib_a-init.o)
                              c:/progra~2/gnuarm~1/102020~1/bin/../lib/gcc/arm-none-eabi/10.2.1/../../../../arm-none-eabi/lib/thumb/v6-m/nofp/crt0.o (__libc_init_array)
c:/progra~2/gnuarm~1/102020~1/bin/../lib/gcc/arm-none-eabi/10.2.1/../../../../arm-none-eabi/lib/thumb/v6-m/nofp\libg.a(lib_a-malloc.o)
                              CMakeFiles/bmp280_pio.dir/C_/Users/Alfonso_Samuel/Documents/pico/pico-sdk/src/rp2_common/pico_malloc/pico_malloc.c.obj (malloc)
c:/progra~2/gnuarm~1/102020~1/bin/../lib/gcc/arm-none-eabi/10.2.1/../../../../arm-none-eabi/lib/thumb/v6-m/nofp\libg.a(lib_a-mallocr.o)
                              c:/progra~2/gnuarm~1/102020~1/bin/../lib/gcc/arm-none-eabi/10.2.1/../../../../arm-none-eabi/lib/thumb/v6-m/nofp\libg.a(lib_a-callocr.o) (_malloc_r)
c:/progra~2/gnuarm~1/102020~1/bin/../lib/gcc/arm-none-eabi/10.2.1/../../../../arm-none-eabi/lib/thumb/v6-m/nofp\libg.a(lib_a-mlock.o)
                              c:/progra~2/gnuarm~1/102020~1/bin/../lib/gcc/arm-none-eabi/10.2.1/../../../../arm-none-eabi/lib/thumb/v6-m/nofp\libg.a(lib_a-mallocr.o) (__malloc_lock)
c:/progra~2/gnuarm~1/102020~1/bin/../lib/gcc/arm-none-eabi/10.2.1/../../../../arm-none-eabi/lib/thumb/v6-m/nofp\libg.a(lib_a-sbrkr.o)
                              c:/progra~2/gnuarm~1/102020~1/bin/../lib/gcc/arm-none-eabi/10.2.1/../../../../arm-none-eabi/lib/thumb/v6-m/nofp\libg.a(lib_a-mallocr.o) (_sbrk_r)
c:/progra~2/gnuarm~1/102020~1/bin/../lib/gcc/arm-none-eabi/10.2.1/../../../../arm-none-eabi/lib/thumb/v6-m/nofp\libg.a(lib_a-strlen-stub.o)
                              CMakeFiles/bmp280_pio.dir/C_/Users/Alfonso_Samuel/Documents/pico/pico-sdk/src/rp2_common/pico_stdio/stdio.c.obj (strlen)
c:/progra~2/gnuarm~1/102020~1/bin/../lib/gcc/arm-none-eabi/10.2.1/../../../../arm-none-eabi/lib/thumb/v6-m/nofp\libg.a(lib_a-freer.o)
                              c:/progra~2/gnuarm~1/102020~1/bin/../lib/gcc/arm-none-eabi/10.2.1/../../../../arm-none-eabi/lib/thumb/v6-m/nofp\libg.a(lib_a-malloc.o) (_free_r)
c:/progra~2/gnuarm~1/102020~1/bin/../lib/gcc/arm-none-eabi/10.2.1/../../../../arm-none-eabi/lib/thumb/v6-m/nofp\libg.a(lib_a-lock.o)
                              c:/progra~2/gnuarm~1/102020~1/bin/../lib/gcc/arm-none-eabi/10.2.1/../../../../arm-none-eabi/lib/thumb/v6-m/nofp\libg.a(lib_a-mlock.o) (__retarget_lock_acquire_recursive)
c:/progra~2/gnuarm~1/102020~1/bin/../lib/gcc/arm-none-eabi/10.2.1/../../../../arm-none-eabi/lib/thumb/v6-m/nofp\libg.a(lib_a-reent.o)
                              c:/progra~2/gnuarm~1/102020~1/bin/../lib/gcc/arm-none-eabi/10.2.1/../../../../arm-none-eabi/lib/thumb/v6-m/nofp\libg.a(lib_a-sbrkr.o) (errno)

Discarded input sections

 .text          0x00000000        0x0 c:/progra~2/gnuarm~1/102020~1/bin/../lib/gcc/arm-none-eabi/10.2.1/thumb/v6-m/nofp/crti.o
 .data          0x00000000        0x0 c:/progra~2/gnuarm~1/102020~1/bin/../lib/gcc/arm-none-eabi/10.2.1/thumb/v6-m/nofp/crti.o
 .bss           0x00000000        0x0 c:/progra~2/gnuarm~1/102020~1/bin/../lib/gcc/arm-none-eabi/10.2.1/thumb/v6-m/nofp/crti.o
 .data          0x00000000        0x4 c:/progra~2/gnuarm~1/102020~1/bin/../lib/gcc/arm-none-eabi/10.2.1/thumb/v6-m/nofp/crtbegin.o
[...]
Memory Configuration

Name             Origin             Length             Attributes
FLASH            0x10000000         0x00200000         xr
RAM              0x20000000         0x00040000         xrw
SCRATCH_X        0x20040000         0x00001000         xrw
SCRATCH_Y        0x20041000         0x00001000         xrw
*default*        0x00000000         0xffffffff

Linker script and memory map

LOAD c:/progra~2/gnuarm~1/102020~1/bin/../lib/gcc/arm-none-eabi/10.2.1/thumb/v6-m/nofp/crti.o
LOAD c:/progra~2/gnuarm~1/102020~1/bin/../lib/gcc/arm-none-eabi/10.2.1/thumb/v6-m/nofp/crtbegin.o
LOAD c:/progra~2/gnuarm~1/102020~1/bin/../lib/gcc/arm-none-eabi/10.2.1/../../../../arm-none-eabi/lib/thumb/v6-m/nofp/crt0.o

.flash_begin    0x10000000        0x0
                0x10000000                __flash_binary_start = .

.boot2          0x10000000      0x100
                0x10000000                __boot2_start__ = .
 *(.boot2)
 .boot2         0x10000000      0x100 C:\Users\ALFONS~1\AppData\Local\Temp\ccwNx7Of.o
                0x10000100                __boot2_end__ = .
                0x00000001                ASSERT (((__boot2_end__ - __boot2_start__) == 0x100), ERROR: Pico second stage bootloader must be 256 bytes in size)

.text           0x10000100     0x74e8
                0x10000100                __logical_binary_start = .
 *(.vectors)
 .vectors       0x10000100       0xd4 CMakeFiles/bmp280_pio.dir/C_/Users/Alfonso_Samuel/Documents/pico/pico-sdk/src/rp2_common/pico_standard_link/crt0.S.obj
                0x10000100                __VECTOR_TABLE
                0x10000100                __vectors
                0x100001c0                isr_invalid
                0x100001c0                __default_isrs_start
                0x100001c2                isr_nmi
                0x100001c4                isr_hardfault
                0x100001c6                isr_svcall
                0x100001c8                isr_pendsv
                0x100001ca                isr_systick
                0x100001cc                isr_irq23
                0x100001cc                isr_irq18
                0x100001cc                isr_irq11
                0x100001cc                isr_irq28
                0x100001cc                isr_irq19
                0x100001cc                isr_irq0
                0x100001cc                isr_irq6
                0x100001cc                isr_irq5
                0x100001cc                isr_irq12
                0x100001cc                isr_irq22
                0x100001cc                isr_irq31
                0x100001cc                isr_irq17
                0x100001cc                isr_irq27
                0x100001cc                isr_irq30
                0x100001cc                isr_irq2
                0x100001cc                isr_irq10
                0x100001cc                isr_irq8
                0x100001cc                isr_irq24
                0x100001cc                isr_irq1
                0x100001cc                isr_irq7
                0x100001cc                isr_irq21
                0x100001cc                isr_irq20
                0x100001cc                isr_irq15
                0x100001cc                isr_irq25
                0x100001cc                isr_irq13
                0x100001cc                __unhandled_user_irq
                0x100001cc                isr_irq4
                0x100001cc                isr_irq16
                0x100001cc                isr_irq29
                0x100001cc                isr_irq26
                0x100001cc                __default_isrs_end
                0x100001cc                isr_irq3
                0x100001cc                isr_irq14
                0x100001cc                isr_irq9
                0x100001d2                unhandled_user_irq_num_in_r0
 *(.binary_info_header)
 .binary_info_header
                0x100001d4       0x14 CMakeFiles/bmp280_pio.dir/C_/Users/Alfonso_Samuel/Documents/pico/pico-sdk/src/rp2_common/pico_standard_link/crt0.S.obj
                0x100001e8                __binary_info_header_end = .
 *(.reset)
 .reset         0x100001e8       0xa8 CMakeFiles/bmp280_pio.dir/C_/Users/Alfonso_Samuel/Documents/pico/pico-sdk/src/rp2_common/pico_standard_link/crt0.S.obj
                0x100001e8                _entry_point
                0x10000266                __get_current_exception
 .reset         0x10000290       0x30 CMakeFiles/bmp280_pio.dir/C_/Users/Alfonso_Samuel/Documents/pico/pico-sdk/src/rp2_common/pico_standard_link/binary_info.c.obj
 *(.init)
 .init          0x100002c0        0x4 c:/progra~2/gnuarm~1/102020~1/bin/../lib/gcc/arm-none-eabi/10.2.1/thumb/v6-m/nofp/crti.o
                0x100002c0                _init
 *(EXCLUDE_FILE(*libm.a: *libc.a:*lib_a-mem*.o *libgcc.a:) .text*)
 .text          0x100002c4       0x48 c:/progra~2/gnuarm~1/102020~1/bin/../lib/gcc/arm-none-eabi/10.2.1/thumb/v6-m/nofp/crtbegin.o
 .text.pio_get_default_sm_config
                0x1000030c       0x28 CMakeFiles/bmp280_pio.dir/bmp280_pio.c.obj
 .text.compTemp
                0x10000334       0x48 CMakeFiles/bmp280_pio.dir/bmp280_pio.c.obj
                0x10000334                compTemp
 .text.read_temp_comp
                0x1000037c       0x78 CMakeFiles/bmp280_pio.dir/bmp280_pio.c.obj
                0x1000037c                read_temp_comp
 .text.read     0x100003f4       0x8c CMakeFiles/bmp280_pio.dir/bmp280_pio.c.obj
                0x100003f4                read
 .text.event_callback
                0x10000480       0x10 CMakeFiles/bmp280_pio.dir/bmp280_pio.c.obj
                0x10000480                event_callback
 .text.main     0x10000490      0x170 CMakeFiles/bmp280_pio.dir/bmp280_pio.c.obj
                0x10000490                main
 .text.gpio_set_function
                0x10000600       0x30 CMakeFiles/bmp280_pio.dir/C_/Users/Alfonso_Samuel/Documents/pico/pico-sdk/src/rp2_common/hardware_gpio/gpio.c.obj
                0x10000600                gpio_set_function
 .text.gpio_set_pulls
                0x10000630       0x34 CMakeFiles/bmp280_pio.dir/C_/Users/Alfonso_Samuel/Documents/pico/pico-sdk/src/rp2_common/hardware_gpio/gpio.c.obj
                0x10000630                gpio_set_pulls
 .text.gpio_set_outover
                0x10000664       0x24 CMakeFiles/bmp280_pio.dir/C_/Users/Alfonso_Samuel/Documents/pico/pico-sdk/src/rp2_common/hardware_gpio/gpio.c.obj
                0x10000664                gpio_set_outover
 .text.gpio_acknowledge_irq
                0x10000688       0x18 CMakeFiles/bmp280_pio.dir/C_/Users/Alfonso_Samuel/Documents/pico/pico-sdk/src/rp2_common/hardware_gpio/gpio.c.obj
                0x10000688                gpio_acknowledge_irq
 .text._gpio_set_irq_enabled
                0x100006a0       0x34 CMakeFiles/bmp280_pio.dir/C_/Users/Alfonso_Samuel/Documents/pico/pico-sdk/src/rp2_common/hardware_gpio/gpio.c.obj
 .text.gpio_set_irq_enabled
                0x100006d4       0x20 CMakeFiles/bmp280_pio.dir/C_/Users/Alfonso_Samuel/Documents/pico/pico-sdk/src/rp2_common/hardware_gpio/gpio.c.obj
                0x100006d4                gpio_set_irq_enabled
 .text.gpio_set_irq_enabled_with_callback
                0x100006f4       0x30 CMakeFiles/bmp280_pio.dir/C_/Users/Alfonso_Samuel/Documents/pico/pico-sdk/src/rp2_common/hardware_gpio/gpio.c.obj
                0x100006f4                gpio_set_irq_enabled_with_callback
 .text.gpio_irq_handler
                0x10000724       0x68 CMakeFiles/bmp280_pio.dir/C_/Users/Alfonso_Samuel/Documents/pico/pico-sdk/src/rp2_common/hardware_gpio/gpio.c.obj
 .text.gpio_init
                0x1000078c       0x16 CMakeFiles/bmp280_pio.dir/C_/Users/Alfonso_Samuel/Documents/pico/pico-sdk/src/rp2_common/hardware_gpio/gpio.c.obj
                0x1000078c                gpio_init
 *fill*         0x100007a2        0x2 
 .text.hw_claim_lock
                0x100007a4       0x18 CMakeFiles/bmp280_pio.dir/C_/Users/Alfonso_Samuel/Documents/pico/pico-sdk/src/rp2_common/hardware_claim/claim.c.obj
                0x100007a4                hw_claim_lock
 .text.hw_claim_unlock
                0x100007bc       0x14 CMakeFiles/bmp280_pio.dir/C_/Users/Alfonso_Samuel/Documents/pico/pico-sdk/src/rp2_common/hardware_claim/claim.c.obj
                0x100007bc                hw_claim_unlock
 .text.hw_claim_or_assert
                0x100007d0       0x32 CMakeFiles/bmp280_pio.dir/C_/Users/Alfonso_Samuel/Documents/pico/pico-sdk/src/rp2_common/hardware_claim/claim.c.obj
                0x100007d0                hw_claim_or_assert
 .text.hw_claim_unused_from_range
                0x10000802       0x50 CMakeFiles/bmp280_pio.dir/C_/Users/Alfonso_Samuel/Documents/pico/pico-sdk/src/rp2_common/hardware_claim/claim.c.obj
                0x10000802                hw_claim_unused_from_range
 *fill*         0x10000852        0x2 
 .text.running_on_fpga
                0x10000854       0x14 CMakeFiles/bmp280_pio.dir/C_/Users/Alfonso_Samuel/Documents/pico/pico-sdk/src/rp2_common/pico_platform/platform.c.obj
                0x10000854                running_on_fpga
 .text.spin_locks_reset
                0x10000868       0x20 CMakeFiles/bmp280_pio.dir/C_/Users/Alfonso_Samuel/Documents/pico/pico-sdk/src/rp2_common/hardware_sync/sync.c.obj
                0x10000868                spin_locks_reset
 .text.next_striped_spin_lock_num
                0x10000888       0x1c CMakeFiles/bmp280_pio.dir/C_/Users/Alfonso_Samuel/Documents/pico/pico-sdk/src/rp2_common/hardware_sync/sync.c.obj
                0x10000888                next_striped_spin_lock_num
 .text.spin_lock_claim_unused
                0x100008a4       0x20 CMakeFiles/bmp280_pio.dir/C_/Users/Alfonso_Samuel/Documents/pico/pico-sdk/src/rp2_common/hardware_sync/sync.c.obj
                0x100008a4                spin_lock_claim_unused
 .text.alarm_pool_post_alloc_init
                0x100008c4       0x40 CMakeFiles/bmp280_pio.dir/C_/Users/Alfonso_Samuel/Documents/pico/pico-sdk/src/common/pico_time/time.c.obj
 .text.sleep_until_callback
                0x10000904       0x30 CMakeFiles/bmp280_pio.dir/C_/Users/Alfonso_Samuel/Documents/pico/pico-sdk/src/common/pico_time/time.c.obj
 .text.timer_pool_entry_comparator
                0x10000934       0x7c CMakeFiles/bmp280_pio.dir/C_/Users/Alfonso_Samuel/Documents/pico/pico-sdk/src/common/pico_time/time.c.obj
                0x10000934                timer_pool_entry_comparator
 .text.ph_add_child_node
                0x100009b0       0xa4 CMakeFiles/bmp280_pio.dir/C_/Users/Alfonso_Samuel/Documents/pico/pico-sdk/src/common/pico_time/time.c.obj
 .text.ph_merge_nodes
                0x10000a54       0x3e CMakeFiles/bmp280_pio.dir/C_/Users/Alfonso_Samuel/Documents/pico/pico-sdk/src/common/pico_time/time.c.obj
 *fill*         0x10000a92        0x2 
 .text.add_alarm_under_lock
                0x10000a94      0x174 CMakeFiles/bmp280_pio.dir/C_/Users/Alfonso_Samuel/Documents/pico/pico-sdk/src/common/pico_time/time.c.obj
 .text.alarm_pool_alarm_callback
                0x10000c08      0x328 CMakeFiles/bmp280_pio.dir/C_/Users/Alfonso_Samuel/Documents/pico/pico-sdk/src/common/pico_time/time.c.obj
 .text.alarm_pool_init_default
                0x10000f30       0x38 CMakeFiles/bmp280_pio.dir/C_/Users/Alfonso_Samuel/Documents/pico/pico-sdk/src/common/pico_time/time.c.obj
                0x10000f30                alarm_pool_init_default
 .text.alarm_pool_get_default
                0x10000f68       0x2c CMakeFiles/bmp280_pio.dir/C_/Users/Alfonso_Samuel/Documents/pico/pico-sdk/src/common/pico_time/time.c.obj
                0x10000f68                alarm_pool_get_default
 .text.alarm_pool_add_alarm_at
                0x10000f94      0x170 CMakeFiles/bmp280_pio.dir/C_/Users/Alfonso_Samuel/Documents/pico/pico-sdk/src/common/pico_time/time.c.obj
                0x10000f94                alarm_pool_add_alarm_at
 .text.alarm_pool_cancel_alarm
                0x10001104       0xec CMakeFiles/bmp280_pio.dir/C_/Users/Alfonso_Samuel/Documents/pico/pico-sdk/src/common/pico_time/time.c.obj
                0x10001104                alarm_pool_cancel_alarm
 .text.best_effort_wfe_or_timeout
                0x100011f0       0x80 CMakeFiles/bmp280_pio.dir/C_/Users/Alfonso_Samuel/Documents/pico/pico-sdk/src/common/pico_time/time.c.obj
                0x100011f0                best_effort_wfe_or_timeout
 .text.hardware_alarm_irq_handler
                0x10001270       0x8c CMakeFiles/bmp280_pio.dir/C_/Users/Alfonso_Samuel/Documents/pico/pico-sdk/src/rp2_common/hardware_timer/timer.c.obj
 .text.hardware_alarm_claim
                0x100012fc       0x18 CMakeFiles/bmp280_pio.dir/C_/Users/Alfonso_Samuel/Documents/pico/pico-sdk/src/rp2_common/hardware_timer/timer.c.obj
                0x100012fc                hardware_alarm_claim
 .text.time_us_64
                0x10001314       0x18 CMakeFiles/bmp280_pio.dir/C_/Users/Alfonso_Samuel/Documents/pico/pico-sdk/src/rp2_common/hardware_timer/timer.c.obj
                0x10001314                time_us_64
 .text.hardware_alarm_set_callback
                0x1000132c       0x90 CMakeFiles/bmp280_pio.dir/C_/Users/Alfonso_Samuel/Documents/pico/pico-sdk/src/rp2_common/hardware_timer/timer.c.obj
                0x1000132c                hardware_alarm_set_callback
 .text.hardware_alarm_set_target
                0x100013bc       0xe8 CMakeFiles/bmp280_pio.dir/C_/Users/Alfonso_Samuel/Documents/pico/pico-sdk/src/rp2_common/hardware_timer/timer.c.obj
                0x100013bc                hardware_alarm_set_target
 .text.hardware_alarm_cancel
                0x100014a4       0x40 CMakeFiles/bmp280_pio.dir/C_/Users/Alfonso_Samuel/Documents/pico/pico-sdk/src/rp2_common/hardware_timer/timer.c.obj
                0x100014a4                hardware_alarm_cancel
 .text.lock_init
                0x100014e4       0x10 CMakeFiles/bmp280_pio.dir/C_/Users/Alfonso_Samuel/Documents/pico/pico-sdk/src/common/pico_sync/lock_core.c.obj
                0x100014e4                lock_init
 .text.mutex_init_internal
                0x100014f4       0x1e CMakeFiles/bmp280_pio.dir/C_/Users/Alfonso_Samuel/Documents/pico/pico-sdk/src/common/pico_sync/mutex.c.obj
 .text.mutex_init
                0x10001512        0xa CMakeFiles/bmp280_pio.dir/C_/Users/Alfonso_Samuel/Documents/pico/pico-sdk/src/common/pico_sync/mutex.c.obj
                0x10001512                mutex_init
 .text.recursive_mutex_init
                0x1000151c        0xa CMakeFiles/bmp280_pio.dir/C_/Users/Alfonso_Samuel/Documents/pico/pico-sdk/src/common/pico_sync/mutex.c.obj
                0x1000151c                recursive_mutex_init
 *fill*         0x10001526        0x2 
 .text.critical_section_init_with_lock_num
                0x10001528       0x14 CMakeFiles/bmp280_pio.dir/C_/Users/Alfonso_Samuel/Documents/pico/pico-sdk/src/common/pico_sync/critical_section.c.obj
                0x10001528                critical_section_init_with_lock_num
 .text.critical_section_init
                0x1000153c       0x14 CMakeFiles/bmp280_pio.dir/C_/Users/Alfonso_Samuel/Documents/pico/pico-sdk/src/common/pico_sync/critical_section.c.obj
                0x1000153c                critical_section_init
 .text.ph_add_child_node
                0x10001550       0xa4 CMakeFiles/bmp280_pio.dir/C_/Users/Alfonso_Samuel/Documents/pico/pico-sdk/src/common/pico_util/pheap.c.obj
 .text.ph_merge_nodes
                0x100015f4       0x3e CMakeFiles/bmp280_pio.dir/C_/Users/Alfonso_Samuel/Documents/pico/pico-sdk/src/common/pico_util/pheap.c.obj
 *fill*         0x10001632        0x2 
 .text.ph_clear
                0x10001634       0x70 CMakeFiles/bmp280_pio.dir/C_/Users/Alfonso_Samuel/Documents/pico/pico-sdk/src/common/pico_util/pheap.c.obj
                0x10001634                ph_clear
 .text.ph_post_alloc_init
                0x100016a4        0xe CMakeFiles/bmp280_pio.dir/C_/Users/Alfonso_Samuel/Documents/pico/pico-sdk/src/common/pico_util/pheap.c.obj
                0x100016a4                ph_post_alloc_init
 *fill*         0x100016b2        0x2 
 .text.ph_merge_two_pass
                0x100016b4       0xa8 CMakeFiles/bmp280_pio.dir/C_/Users/Alfonso_Samuel/Documents/pico/pico-sdk/src/common/pico_util/pheap.c.obj
                0x100016b4                ph_merge_two_pass
 .text.ph_remove_any_head
                0x1000175c      0x108 CMakeFiles/bmp280_pio.dir/C_/Users/Alfonso_Samuel/Documents/pico/pico-sdk/src/common/pico_util/pheap.c.obj
 .text.ph_remove_head
                0x10001864       0x14 CMakeFiles/bmp280_pio.dir/C_/Users/Alfonso_Samuel/Documents/pico/pico-sdk/src/common/pico_util/pheap.c.obj
                0x10001864                ph_remove_head
 .text.ph_remove_and_free_node
                0x10001878       0xf8 CMakeFiles/bmp280_pio.dir/C_/Users/Alfonso_Samuel/Documents/pico/pico-sdk/src/common/pico_util/pheap.c.obj
                0x10001878                ph_remove_and_free_node
 .text.runtime_init
                0x10001970       0xd8 CMakeFiles/bmp280_pio.dir/C_/Users/Alfonso_Samuel/Documents/pico/pico-sdk/src/rp2_common/pico_runtime/runtime.c.obj
                0x10001970                runtime_init
 .text._exit    0x10001a48        0x4 CMakeFiles/bmp280_pio.dir/C_/Users/Alfonso_Samuel/Documents/pico/pico-sdk/src/rp2_common/pico_runtime/runtime.c.obj
                0x10001a48                _exit
 .text.exit     0x10001a4c        0x6 CMakeFiles/bmp280_pio.dir/C_/Users/Alfonso_Samuel/Documents/pico/pico-sdk/src/rp2_common/pico_runtime/runtime.c.obj
                0x10001a4c                exit
 *fill*         0x10001a52        0x2 
 .text.__assert_func
                0x10001a54       0x3c CMakeFiles/bmp280_pio.dir/C_/Users/Alfonso_Samuel/Documents/pico/pico-sdk/src/rp2_common/pico_runtime/runtime.c.obj
                0x10001a54                __assert_func
 .text.panic    0x10001a90       0x30 CMakeFiles/bmp280_pio.dir/C_/Users/Alfonso_Samuel/Documents/pico/pico-sdk/src/rp2_common/pico_runtime/runtime.c.obj
                0x10001a90                panic
 .text.clock_configure
                0x10001ac0      0x104 CMakeFiles/bmp280_pio.dir/C_/Users/Alfonso_Samuel/Documents/pico/pico-sdk/src/rp2_common/hardware_clocks/clocks.c.obj
                0x10001ac0                clock_configure
 .text.clocks_init
                0x10001bc4      0x100 CMakeFiles/bmp280_pio.dir/C_/Users/Alfonso_Samuel/Documents/pico/pico-sdk/src/rp2_common/hardware_clocks/clocks.c.obj
                0x10001bc4                clocks_init
 .text.set_raw_irq_handler_and_unlock
                0x10001cc4       0x28 CMakeFiles/bmp280_pio.dir/C_/Users/Alfonso_Samuel/Documents/pico/pico-sdk/src/rp2_common/hardware_irq/irq.c.obj
 .text.make_branch
                0x10001cec       0x34 CMakeFiles/bmp280_pio.dir/C_/Users/Alfonso_Samuel/Documents/pico/pico-sdk/src/rp2_common/hardware_irq/irq.c.obj
 .text.insert_branch_and_link
                0x10001d20       0x40 CMakeFiles/bmp280_pio.dir/C_/Users/Alfonso_Samuel/Documents/pico/pico-sdk/src/rp2_common/hardware_irq/irq.c.obj
 .text.irq_is_enabled
                0x10001d60       0x18 CMakeFiles/bmp280_pio.dir/C_/Users/Alfonso_Samuel/Documents/pico/pico-sdk/src/rp2_common/hardware_irq/irq.c.obj
                0x10001d60                irq_is_enabled
 .text.irq_set_mask_enabled
                0x10001d78       0x20 CMakeFiles/bmp280_pio.dir/C_/Users/Alfonso_Samuel/Documents/pico/pico-sdk/src/rp2_common/hardware_irq/irq.c.obj
                0x10001d78                irq_set_mask_enabled
 .text.irq_set_enabled
                0x10001d98        0xe CMakeFiles/bmp280_pio.dir/C_/Users/Alfonso_Samuel/Documents/pico/pico-sdk/src/rp2_common/hardware_irq/irq.c.obj
                0x10001d98                irq_set_enabled
 *fill*         0x10001da6        0x2 
 .text.irq_set_pending
                0x10001da8       0x10 CMakeFiles/bmp280_pio.dir/C_/Users/Alfonso_Samuel/Documents/pico/pico-sdk/src/rp2_common/hardware_irq/irq.c.obj
                0x10001da8                irq_set_pending
 .text.irq_get_vtable_handler
                0x10001db8       0x10 CMakeFiles/bmp280_pio.dir/C_/Users/Alfonso_Samuel/Documents/pico/pico-sdk/src/rp2_common/hardware_irq/irq.c.obj
                0x10001db8                irq_get_vtable_handler
 .text.irq_set_exclusive_handler
                0x10001dc8       0x54 CMakeFiles/bmp280_pio.dir/C_/Users/Alfonso_Samuel/Documents/pico/pico-sdk/src/rp2_common/hardware_irq/irq.c.obj
                0x10001dc8                irq_set_exclusive_handler
 .text.irq_remove_handler
                0x10001e1c      0x1ac CMakeFiles/bmp280_pio.dir/C_/Users/Alfonso_Samuel/Documents/pico/pico-sdk/src/rp2_common/hardware_irq/irq.c.obj
                0x10001e1c                irq_remove_handler
 .text.irq_set_priority
                0x10001fc8       0x28 CMakeFiles/bmp280_pio.dir/C_/Users/Alfonso_Samuel/Documents/pico/pico-sdk/src/rp2_common/hardware_irq/irq.c.obj
                0x10001fc8                irq_set_priority
 .text.irq_add_tail_to_free_list
                0x10001ff0       0xf0 CMakeFiles/bmp280_pio.dir/C_/Users/Alfonso_Samuel/Documents/pico/pico-sdk/src/rp2_common/hardware_irq/irq.c.obj
                0x10001ff0                irq_add_tail_to_free_list
 .text.irq_init_priorities
                0x100020e0       0x16 CMakeFiles/bmp280_pio.dir/C_/Users/Alfonso_Samuel/Documents/pico/pico-sdk/src/rp2_common/hardware_irq/irq.c.obj
                0x100020e0                irq_init_priorities
 *fill*         0x100020f6        0x2 
 .text.pll_init
                0x100020f8      0x118 CMakeFiles/bmp280_pio.dir/C_/Users/Alfonso_Samuel/Documents/pico/pico-sdk/src/rp2_common/hardware_pll/pll.c.obj
                0x100020f8                pll_init
 .text.watchdog_start_tick
                0x10002210       0x10 CMakeFiles/bmp280_pio.dir/C_/Users/Alfonso_Samuel/Documents/pico/pico-sdk/src/rp2_common/hardware_watchdog/watchdog.c.obj
                0x10002210                watchdog_start_tick
 .text.watchdog_update
                0x10002220       0x14 CMakeFiles/bmp280_pio.dir/C_/Users/Alfonso_Samuel/Documents/pico/pico-sdk/src/rp2_common/hardware_watchdog/watchdog.c.obj
                0x10002220                watchdog_update
 .text._watchdog_enable
                0x10002234       0x70 CMakeFiles/bmp280_pio.dir/C_/Users/Alfonso_Samuel/Documents/pico/pico-sdk/src/rp2_common/hardware_watchdog/watchdog.c.obj
                0x10002234                _watchdog_enable
 .text.watchdog_reboot
                0x100022a4       0x48 CMakeFiles/bmp280_pio.dir/C_/Users/Alfonso_Samuel/Documents/pico/pico-sdk/src/rp2_common/hardware_watchdog/watchdog.c.obj
                0x100022a4                watchdog_reboot
 .text.xosc_init
                0x100022ec       0x28 CMakeFiles/bmp280_pio.dir/C_/Users/Alfonso_Samuel/Documents/pico/pico-sdk/src/rp2_common/hardware_xosc/xosc.c.obj
                0x100022ec                xosc_init
 .text._out_null
                0x10002314        0x2 CMakeFiles/bmp280_pio.dir/C_/Users/Alfonso_Samuel/Documents/pico/pico-sdk/src/rp2_common/pico_printf/printf.c.obj
 .text._out_fct
                0x10002316        0xe CMakeFiles/bmp280_pio.dir/C_/Users/Alfonso_Samuel/Documents/pico/pico-sdk/src/rp2_common/pico_printf/printf.c.obj
 .text._atoi    0x10002324       0x24 CMakeFiles/bmp280_pio.dir/C_/Users/Alfonso_Samuel/Documents/pico/pico-sdk/src/rp2_common/pico_printf/printf.c.obj
 .text._out_rev
                0x10002348       0xae CMakeFiles/bmp280_pio.dir/C_/Users/Alfonso_Samuel/Documents/pico/pico-sdk/src/rp2_common/pico_printf/printf.c.obj
 .text._ntoa_format
                0x100023f6      0x112 CMakeFiles/bmp280_pio.dir/C_/Users/Alfonso_Samuel/Documents/pico/pico-sdk/src/rp2_common/pico_printf/printf.c.obj
 .text._ntoa_long
                0x10002508       0xbc CMakeFiles/bmp280_pio.dir/C_/Users/Alfonso_Samuel/Documents/pico/pico-sdk/src/rp2_common/pico_printf/printf.c.obj
 .text._ntoa_long_long
                0x100025c4       0xe2 CMakeFiles/bmp280_pio.dir/C_/Users/Alfonso_Samuel/Documents/pico/pico-sdk/src/rp2_common/pico_printf/printf.c.obj
 *fill*         0x100026a6        0x2 
 .text._etoa    0x100026a8      0x414 CMakeFiles/bmp280_pio.dir/C_/Users/Alfonso_Samuel/Documents/pico/pico-sdk/src/rp2_common/pico_printf/printf.c.obj
 .text._ftoa    0x10002abc      0x354 CMakeFiles/bmp280_pio.dir/C_/Users/Alfonso_Samuel/Documents/pico/pico-sdk/src/rp2_common/pico_printf/printf.c.obj
 .text._vsnprintf
                0x10002e10      0x624 CMakeFiles/bmp280_pio.dir/C_/Users/Alfonso_Samuel/Documents/pico/pico-sdk/src/rp2_common/pico_printf/printf.c.obj
 .text.vfctprintf
                0x10003434       0x20 CMakeFiles/bmp280_pio.dir/C_/Users/Alfonso_Samuel/Documents/pico/pico-sdk/src/rp2_common/pico_printf/printf.c.obj
                0x10003434                vfctprintf
 .text          0x10003454       0x10 CMakeFiles/bmp280_pio.dir/C_/Users/Alfonso_Samuel/Documents/pico/pico-sdk/src/rp2_common/pico_bit_ops/bit_ops_aeabi.S.obj
 .text.ctzsi    0x10003464        0xc CMakeFiles/bmp280_pio.dir/C_/Users/Alfonso_Samuel/Documents/pico/pico-sdk/src/rp2_common/pico_bit_ops/bit_ops_aeabi.S.obj
                0x10003464                __wrap___ctzsi2
 .text.rom_func_lookup
                0x10003470       0x10 CMakeFiles/bmp280_pio.dir/C_/Users/Alfonso_Samuel/Documents/pico/pico-sdk/src/rp2_common/pico_bootrom/bootrom.c.obj
                0x10003470                rom_func_lookup
 .text.rom_data_lookup
                0x10003480       0x10 CMakeFiles/bmp280_pio.dir/C_/Users/Alfonso_Samuel/Documents/pico/pico-sdk/src/rp2_common/pico_bootrom/bootrom.c.obj
                0x10003480                rom_data_lookup
 .text.rom_funcs_lookup
                0x10003490       0x36 CMakeFiles/bmp280_pio.dir/C_/Users/Alfonso_Samuel/Documents/pico/pico-sdk/src/rp2_common/pico_bootrom/bootrom.c.obj
                0x10003490                rom_funcs_lookup
 *fill*         0x100034c6        0x2 
 .text.__wrap___aeabi_idiv
                0x100034c8       0x50 CMakeFiles/bmp280_pio.dir/C_/Users/Alfonso_Samuel/Documents/pico/pico-sdk/src/rp2_common/pico_divider/divider.S.obj
                0x100034c8                __wrap___aeabi_idivmod
                0x100034c8                divmod_s32s32
                0x100034c8                div_s32s32
                0x100034c8                __wrap___aeabi_idiv
                0x100034d0                divmod_s32s32_unsafe
                0x100034fc                divmod_s32s32_savestate
 .text.__wrap___aeabi_uidiv
                0x10003518       0x4c CMakeFiles/bmp280_pio.dir/C_/Users/Alfonso_Samuel/Documents/pico/pico-sdk/src/rp2_common/pico_divider/divider.S.obj
                0x10003518                __wrap___aeabi_uidiv
                0x10003518                __wrap___aeabi_uidivmod
                0x10003518                div_u32u32
                0x10003518                divmod_u32u32
                0x10003520                divmod_u32u32_unsafe
                0x10003548                divmod_u32u32_savestate
 .text.__wrap___aeabi_ldiv
                0x10003564      0x430 CMakeFiles/bmp280_pio.dir/C_/Users/Alfonso_Samuel/Documents/pico/pico-sdk/src/rp2_common/pico_divider/divider.S.obj
                0x10003564                div_s64s64
                0x10003564                divmod_s64s64
                0x10003564                __wrap___aeabi_ldivmod
                0x1000359c                divmod_u64u64
                0x1000359c                div_u64u64
                0x1000359c                __wrap___aeabi_uldivmod
                0x100035ac                divmod_u64u64_savestate
                0x100035d4                divmod_s64s64_unsafe
                0x1000365c                divmod_u64u64_unsafe
 .text.__wrap___aeabi_darithmetic
                0x10003994       0x80 CMakeFiles/bmp280_pio.dir/C_/Users/Alfonso_Samuel/Documents/pico/pico-sdk/src/rp2_common/pico_double/double_aeabi.S.obj
                0x10003994                __wrap___aeabi_drsub
                0x1000399a                __wrap___aeabi_dsub
                0x100039ac                __wrap___aeabi_dadd
                0x100039be                __wrap___aeabi_ddiv
                0x100039fa                __wrap___aeabi_dmul
 .text.__wrap___aeabi_cdcmple
                0x10003a14       0x6c CMakeFiles/bmp280_pio.dir/C_/Users/Alfonso_Samuel/Documents/pico/pico-sdk/src/rp2_common/pico_double/double_aeabi.S.obj
                0x10003a14                __wrap___aeabi_cdrcmple
                0x10003a24                __wrap___aeabi_cdcmpeq
                0x10003a24                __wrap___aeabi_cdcmple
 .text.__wrap___aeabi_dcmplt
                0x10003a80        0xc CMakeFiles/bmp280_pio.dir/C_/Users/Alfonso_Samuel/Documents/pico/pico-sdk/src/rp2_common/pico_double/double_aeabi.S.obj
                0x10003a80                __wrap___aeabi_dcmplt
 .text.__wrap___aeabi_dcmple
                0x10003a8c       0x10 CMakeFiles/bmp280_pio.dir/C_/Users/Alfonso_Samuel/Documents/pico/pico-sdk/src/rp2_common/pico_double/double_aeabi.S.obj
                0x10003a8c                __wrap___aeabi_dcmple
 .text.__wrap___aeabi_dcmpge
                0x10003a9c       0x10 CMakeFiles/bmp280_pio.dir/C_/Users/Alfonso_Samuel/Documents/pico/pico-sdk/src/rp2_common/pico_double/double_aeabi.S.obj
                0x10003a9c                __wrap___aeabi_dcmpge
 .text.__wrap___aeabi_dcmpgt
                0x10003aac        0xa CMakeFiles/bmp280_pio.dir/C_/Users/Alfonso_Samuel/Documents/pico/pico-sdk/src/rp2_common/pico_double/double_aeabi.S.obj
                0x10003aac                __wrap___aeabi_dcmpgt
 .text.__wrap___aeabi_dcmpun
                0x10003ab6       0x1c CMakeFiles/bmp280_pio.dir/C_/Users/Alfonso_Samuel/Documents/pico/pico-sdk/src/rp2_common/pico_double/double_aeabi.S.obj
                0x10003ab6                __wrap___aeabi_dcmpun
 *fill*         0x10003ad2        0x2 
 .text.__wrap___aeabi_i2d
                0x10003ad4       0x38 CMakeFiles/bmp280_pio.dir/C_/Users/Alfonso_Samuel/Documents/pico/pico-sdk/src/rp2_common/pico_double/double_aeabi.S.obj
                0x10003ad4                __wrap___aeabi_ui2d
                0x10003adc                __wrap___aeabi_i2d
 .text.__wrap___aeabi_d2iz
                0x10003b0c       0x48 CMakeFiles/bmp280_pio.dir/C_/Users/Alfonso_Samuel/Documents/pico/pico-sdk/src/rp2_common/pico_double/double_aeabi.S.obj
                0x10003b0c                double2int_z
                0x10003b0c                __wrap___aeabi_d2iz
 .text.__wrap___aeabi_d2uiz
                0x10003b54       0x18 CMakeFiles/bmp280_pio.dir/C_/Users/Alfonso_Samuel/Documents/pico/pico-sdk/src/rp2_common/pico_double/double_aeabi.S.obj
                0x10003b54                __wrap___aeabi_d2uiz
                0x10003b54                double2uint
 .text.__aeabi_double_init
                0x10003b6c       0xb8 CMakeFiles/bmp280_pio.dir/C_/Users/Alfonso_Samuel/Documents/pico/pico-sdk/src/rp2_common/pico_double/double_init_rom.c.obj
                0x10003b6c                __aeabi_double_init
 .text.double_table_shim_on_use_helper
                0x10003c24       0x34 CMakeFiles/bmp280_pio.dir/C_/Users/Alfonso_Samuel/Documents/pico/pico-sdk/src/rp2_common/pico_double/double_v1_rom_shim.S.obj
                0x10003c24                double_table_shim_on_use_helper
 .text.__wrap___aeabi_dsub
                0x10003c58       0x10 CMakeFiles/bmp280_pio.dir/C_/Users/Alfonso_Samuel/Documents/pico/pico-sdk/src/rp2_common/pico_double/double_v1_rom_shim.S.obj
                0x10003c58                drsub_shim
                0x10003c5e                dsub_shim
 .text.dadd_shim
                0x10003c68      0x15c CMakeFiles/bmp280_pio.dir/C_/Users/Alfonso_Samuel/Documents/pico/pico-sdk/src/rp2_common/pico_double/double_v1_rom_shim.S.obj
                0x10003c68                dadd_shim
 .text.dmul_shim
                0x10003dc4      0x15c CMakeFiles/bmp280_pio.dir/C_/Users/Alfonso_Samuel/Documents/pico/pico-sdk/src/rp2_common/pico_double/double_v1_rom_shim.S.obj
                0x10003dc4                dmul_shim
 .text.ddiv_shim
                0x10003f20      0x1b0 CMakeFiles/bmp280_pio.dir/C_/Users/Alfonso_Samuel/Documents/pico/pico-sdk/src/rp2_common/pico_double/double_v1_rom_shim.S.obj
                0x10003f20                ddiv_shim
 .text.dcordic_rot_step
                0x100040d0       0x7c CMakeFiles/bmp280_pio.dir/C_/Users/Alfonso_Samuel/Documents/pico/pico-sdk/src/rp2_common/pico_double/double_v1_rom_shim.S.obj
                0x100040d0                dcordic_rot_step
 .text.double2uint_shim
                0x1000414c        0xe CMakeFiles/bmp280_pio.dir/C_/Users/Alfonso_Samuel/Documents/pico/pico-sdk/src/rp2_common/pico_double/double_v1_rom_shim.S.obj
                0x1000414c                double2uint_shim
                0x1000414e                double2ufix_shim
 *fill*         0x1000415a        0x2 
 .text.double2uint64_shim
                0x1000415c       0x6c CMakeFiles/bmp280_pio.dir/C_/Users/Alfonso_Samuel/Documents/pico/pico-sdk/src/rp2_common/pico_double/double_v1_rom_shim.S.obj
                0x1000415c                double2uint64_shim
                0x1000415e                double2ufix64_shim
                0x10004178                d2fix_a
 .text.dunpacks
                0x100041c8       0x3c CMakeFiles/bmp280_pio.dir/C_/Users/Alfonso_Samuel/Documents/pico/pico-sdk/src/rp2_common/pico_double/double_v1_rom_shim.S.obj
                0x100041c8                dunpacks
 .text.__aeabi_lmul
                0x10004204       0x32 CMakeFiles/bmp280_pio.dir/C_/Users/Alfonso_Samuel/Documents/pico/pico-sdk/src/rp2_common/pico_int64_ops/pico_int64_ops_aeabi.S.obj
                0x10004204                __wrap___aeabi_lmul
 *fill*         0x10004236        0x2 
 .text.__aeabi_float_init
                0x10004238       0xfc CMakeFiles/bmp280_pio.dir/C_/Users/Alfonso_Samuel/Documents/pico/pico-sdk/src/rp2_common/pico_float/float_init_rom.c.obj
                0x10004238                __aeabi_float_init
 .text.float_table_shim_on_use_helper
                0x10004334       0x34 CMakeFiles/bmp280_pio.dir/C_/Users/Alfonso_Samuel/Documents/pico/pico-sdk/src/rp2_common/pico_float/float_v1_rom_shim.S.obj
                0x10004334                float_table_shim_on_use_helper
 .text          0x10004368       0x10 CMakeFiles/bmp280_pio.dir/C_/Users/Alfonso_Samuel/Documents/pico/pico-sdk/src/rp2_common/pico_mem_ops/mem_ops_aeabi.S.obj
                0x10004368                __aeabi_mem_init
 .text.memset   0x10004378        0xc CMakeFiles/bmp280_pio.dir/C_/Users/Alfonso_Samuel/Documents/pico/pico-sdk/src/rp2_common/pico_mem_ops/mem_ops_aeabi.S.obj
                0x10004378                __wrap_memset
 .text.memcpy   0x10004384        0xc CMakeFiles/bmp280_pio.dir/C_/Users/Alfonso_Samuel/Documents/pico/pico-sdk/src/rp2_common/pico_mem_ops/mem_ops_aeabi.S.obj
                0x10004384                __wrap_memcpy
                0x10004384                __wrap___aeabi_memcpy
 .text.stdio_out_chars_crlf
                0x10004390       0x80 CMakeFiles/bmp280_pio.dir/C_/Users/Alfonso_Samuel/Documents/pico/pico-sdk/src/rp2_common/pico_stdio/stdio.c.obj
 .text.stdio_stack_buffer_flush
                0x10004410       0x44 CMakeFiles/bmp280_pio.dir/C_/Users/Alfonso_Samuel/Documents/pico/pico-sdk/src/rp2_common/pico_stdio/stdio.c.obj
 .text.stdio_buffered_printer
                0x10004454       0x20 CMakeFiles/bmp280_pio.dir/C_/Users/Alfonso_Samuel/Documents/pico/pico-sdk/src/rp2_common/pico_stdio/stdio.c.obj
 .text.stdout_serialize_begin
                0x10004474       0x30 CMakeFiles/bmp280_pio.dir/C_/Users/Alfonso_Samuel/Documents/pico/pico-sdk/src/rp2_common/pico_stdio/stdio.c.obj
                0x10004474                stdout_serialize_begin
 .text.stdout_serialize_end
                0x100044a4       0x10 CMakeFiles/bmp280_pio.dir/C_/Users/Alfonso_Samuel/Documents/pico/pico-sdk/src/rp2_common/pico_stdio/stdio.c.obj
                0x100044a4                stdout_serialize_end
 .text.stdio_put_string
                0x100044b4       0x84 CMakeFiles/bmp280_pio.dir/C_/Users/Alfonso_Samuel/Documents/pico/pico-sdk/src/rp2_common/pico_stdio/stdio.c.obj
 .text.stdio_set_driver_enabled
                0x10004538       0x38 CMakeFiles/bmp280_pio.dir/C_/Users/Alfonso_Samuel/Documents/pico/pico-sdk/src/rp2_common/pico_stdio/stdio.c.obj
                0x10004538                stdio_set_driver_enabled
 .text.stdio_flush
                0x10004570       0x20 CMakeFiles/bmp280_pio.dir/C_/Users/Alfonso_Samuel/Documents/pico/pico-sdk/src/rp2_common/pico_stdio/stdio.c.obj
                0x10004570                stdio_flush
 .text.__wrap_puts
                0x10004590       0x1c CMakeFiles/bmp280_pio.dir/C_/Users/Alfonso_Samuel/Documents/pico/pico-sdk/src/rp2_common/pico_stdio/stdio.c.obj
                0x10004590                __wrap_puts
 .text.__wrap_vprintf
                0x100045ac       0x44 CMakeFiles/bmp280_pio.dir/C_/Users/Alfonso_Samuel/Documents/pico/pico-sdk/src/rp2_common/pico_stdio/stdio.c.obj
                0x100045ac                __wrap_vprintf
 .text.__wrap_printf
                0x100045f0       0x18 CMakeFiles/bmp280_pio.dir/C_/Users/Alfonso_Samuel/Documents/pico/pico-sdk/src/rp2_common/pico_stdio/stdio.c.obj
                0x100045f0                __wrap_printf
 .text.stdio_init_all
                0x10004608        0x8 CMakeFiles/bmp280_pio.dir/C_/Users/Alfonso_Samuel/Documents/pico/pico-sdk/src/rp2_common/pico_stdio/stdio.c.obj
                0x10004608                stdio_init_all
 .text.resetd_init
                0x10004610        0x2 CMakeFiles/bmp280_pio.dir/C_/Users/Alfonso_Samuel/Documents/pico/pico-sdk/src/rp2_common/pico_stdio_usb/reset_interface.c.obj
 *fill*         0x10004612        0x2 
 .text.resetd_reset
                0x10004614        0xc CMakeFiles/bmp280_pio.dir/C_/Users/Alfonso_Samuel/Documents/pico/pico-sdk/src/rp2_common/pico_stdio_usb/reset_interface.c.obj
 .text.resetd_open
                0x10004620       0x34 CMakeFiles/bmp280_pio.dir/C_/Users/Alfonso_Samuel/Documents/pico/pico-sdk/src/rp2_common/pico_stdio_usb/reset_interface.c.obj
 .text.resetd_xfer_cb
                0x10004654        0x4 CMakeFiles/bmp280_pio.dir/C_/Users/Alfonso_Samuel/Documents/pico/pico-sdk/src/rp2_common/pico_stdio_usb/reset_interface.c.obj
 .text.reset_usb_boot
                0x10004658       0x18 CMakeFiles/bmp280_pio.dir/C_/Users/Alfonso_Samuel/Documents/pico/pico-sdk/src/rp2_common/pico_stdio_usb/reset_interface.c.obj
 .text.resetd_control_xfer_cb
                0x10004670       0x5c CMakeFiles/bmp280_pio.dir/C_/Users/Alfonso_Samuel/Documents/pico/pico-sdk/src/rp2_common/pico_stdio_usb/reset_interface.c.obj
 .text.usbd_app_driver_get_cb
                0x100046cc        0xc CMakeFiles/bmp280_pio.dir/C_/Users/Alfonso_Samuel/Documents/pico/pico-sdk/src/rp2_common/pico_stdio_usb/reset_interface.c.obj
                0x100046cc                usbd_app_driver_get_cb
 .text.tud_cdc_line_coding_cb
                0x100046d8       0x28 CMakeFiles/bmp280_pio.dir/C_/Users/Alfonso_Samuel/Documents/pico/pico-sdk/src/rp2_common/pico_stdio_usb/reset_interface.c.obj
                0x100046d8                tud_cdc_line_coding_cb
 .text.stdio_usb_in_chars
                0x10004700       0x70 CMakeFiles/bmp280_pio.dir/C_/Users/Alfonso_Samuel/Documents/pico/pico-sdk/src/rp2_common/pico_stdio_usb/stdio_usb.c.obj
                0x10004700                stdio_usb_in_chars
 .text.low_priority_worker_irq
                0x10004770       0x20 CMakeFiles/bmp280_pio.dir/C_/Users/Alfonso_Samuel/Documents/pico/pico-sdk/src/rp2_common/pico_stdio_usb/stdio_usb.c.obj
 .text.stdio_usb_out_chars
                0x10004790       0xd4 CMakeFiles/bmp280_pio.dir/C_/Users/Alfonso_Samuel/Documents/pico/pico-sdk/src/rp2_common/pico_stdio_usb/stdio_usb.c.obj
 .text.timer_task
                0x10004864       0x10 CMakeFiles/bmp280_pio.dir/C_/Users/Alfonso_Samuel/Documents/pico/pico-sdk/src/rp2_common/pico_stdio_usb/stdio_usb.c.obj
 .text.stdio_usb_init
                0x10004874       0xb8 CMakeFiles/bmp280_pio.dir/C_/Users/Alfonso_Samuel/Documents/pico/pico-sdk/src/rp2_common/pico_stdio_usb/stdio_usb.c.obj
                0x10004874                stdio_usb_init
 .text.tud_descriptor_device_cb
                0x1000492c        0x8 CMakeFiles/bmp280_pio.dir/C_/Users/Alfonso_Samuel/Documents/pico/pico-sdk/src/rp2_common/pico_stdio_usb/stdio_usb_descriptors.c.obj
                0x1000492c                tud_descriptor_device_cb
 .text.tud_descriptor_configuration_cb
                0x10004934        0x8 CMakeFiles/bmp280_pio.dir/C_/Users/Alfonso_Samuel/Documents/pico/pico-sdk/src/rp2_common/pico_stdio_usb/stdio_usb_descriptors.c.obj
                0x10004934                tud_descriptor_configuration_cb
 .text.tud_descriptor_string_cb
                0x1000493c       0x68 CMakeFiles/bmp280_pio.dir/C_/Users/Alfonso_Samuel/Documents/pico/pico-sdk/src/rp2_common/pico_stdio_usb/stdio_usb_descriptors.c.obj
                0x1000493c                tud_descriptor_string_cb
 .text.hw_endpoint_get_by_addr
                0x100049a4       0x18 CMakeFiles/bmp280_pio.dir/C_/Users/Alfonso_Samuel/Documents/pico/pico-sdk/lib/tinyusb/src/portable/raspberrypi/rp2040/dcd_rp2040.c.obj
 .text.reset_ep0
                0x100049bc       0x2c CMakeFiles/bmp280_pio.dir/C_/Users/Alfonso_Samuel/Documents/pico/pico-sdk/lib/tinyusb/src/portable/raspberrypi/rp2040/dcd_rp2040.c.obj
 .text._hw_endpoint_alloc
                0x100049e8       0x80 CMakeFiles/bmp280_pio.dir/C_/Users/Alfonso_Samuel/Documents/pico/pico-sdk/lib/tinyusb/src/portable/raspberrypi/rp2040/dcd_rp2040.c.obj
 .text._hw_endpoint_init
                0x10004a68       0xbc CMakeFiles/bmp280_pio.dir/C_/Users/Alfonso_Samuel/Documents/pico/pico-sdk/lib/tinyusb/src/portable/raspberrypi/rp2040/dcd_rp2040.c.obj
 .text.hw_endpoint_init
                0x10004b24       0x18 CMakeFiles/bmp280_pio.dir/C_/Users/Alfonso_Samuel/Documents/pico/pico-sdk/lib/tinyusb/src/portable/raspberrypi/rp2040/dcd_rp2040.c.obj
 .text.hw_handle_buff_status
                0x10004b3c       0xb4 CMakeFiles/bmp280_pio.dir/C_/Users/Alfonso_Samuel/Documents/pico/pico-sdk/lib/tinyusb/src/portable/raspberrypi/rp2040/dcd_rp2040.c.obj
 .text.dcd_rp2040_irq
                0x10004bf0       0xa8 CMakeFiles/bmp280_pio.dir/C_/Users/Alfonso_Samuel/Documents/pico/pico-sdk/lib/tinyusb/src/portable/raspberrypi/rp2040/dcd_rp2040.c.obj
 .text.hw_endpoint_xfer
                0x10004c98       0x18 CMakeFiles/bmp280_pio.dir/C_/Users/Alfonso_Samuel/Documents/pico/pico-sdk/lib/tinyusb/src/portable/raspberrypi/rp2040/dcd_rp2040.c.obj
 .text.ep0_0len_status
                0x10004cb0       0x14 CMakeFiles/bmp280_pio.dir/C_/Users/Alfonso_Samuel/Documents/pico/pico-sdk/lib/tinyusb/src/portable/raspberrypi/rp2040/dcd_rp2040.c.obj
 .text._hw_endpoint_stall
                0x10004cc4       0x54 CMakeFiles/bmp280_pio.dir/C_/Users/Alfonso_Samuel/Documents/pico/pico-sdk/lib/tinyusb/src/portable/raspberrypi/rp2040/dcd_rp2040.c.obj
 .text.hw_endpoint_stall
                0x10004d18        0xc CMakeFiles/bmp280_pio.dir/C_/Users/Alfonso_Samuel/Documents/pico/pico-sdk/lib/tinyusb/src/portable/raspberrypi/rp2040/dcd_rp2040.c.obj
 .text._hw_endpoint_clear_stall
                0x10004d24       0x34 CMakeFiles/bmp280_pio.dir/C_/Users/Alfonso_Samuel/Documents/pico/pico-sdk/lib/tinyusb/src/portable/raspberrypi/rp2040/dcd_rp2040.c.obj
 .text.hw_endpoint_clear_stall
                0x10004d58        0xc CMakeFiles/bmp280_pio.dir/C_/Users/Alfonso_Samuel/Documents/pico/pico-sdk/lib/tinyusb/src/portable/raspberrypi/rp2040/dcd_rp2040.c.obj
 .text.dcd_int_enable
                0x10004d64       0x2c CMakeFiles/bmp280_pio.dir/C_/Users/Alfonso_Samuel/Documents/pico/pico-sdk/lib/tinyusb/src/portable/raspberrypi/rp2040/dcd_rp2040.c.obj
                0x10004d64                dcd_int_enable
 .text.dcd_set_address
                0x10004d90       0x28 CMakeFiles/bmp280_pio.dir/C_/Users/Alfonso_Samuel/Documents/pico/pico-sdk/lib/tinyusb/src/portable/raspberrypi/rp2040/dcd_rp2040.c.obj
                0x10004d90                dcd_set_address
 .text.dcd_connect
                0x10004db8       0x30 CMakeFiles/bmp280_pio.dir/C_/Users/Alfonso_Samuel/Documents/pico/pico-sdk/lib/tinyusb/src/portable/raspberrypi/rp2040/dcd_rp2040.c.obj
                0x10004db8                dcd_connect
 .text.dcd_init
                0x10004de8       0x84 CMakeFiles/bmp280_pio.dir/C_/Users/Alfonso_Samuel/Documents/pico/pico-sdk/lib/tinyusb/src/portable/raspberrypi/rp2040/dcd_rp2040.c.obj
                0x10004de8                dcd_init
 .text.dcd_edpt0_status_complete
                0x10004e6c       0x40 CMakeFiles/bmp280_pio.dir/C_/Users/Alfonso_Samuel/Documents/pico/pico-sdk/lib/tinyusb/src/portable/raspberrypi/rp2040/dcd_rp2040.c.obj
                0x10004e6c                dcd_edpt0_status_complete
 .text.dcd_edpt_open
                0x10004eac       0x40 CMakeFiles/bmp280_pio.dir/C_/Users/Alfonso_Samuel/Documents/pico/pico-sdk/lib/tinyusb/src/portable/raspberrypi/rp2040/dcd_rp2040.c.obj
                0x10004eac                dcd_edpt_open
 .text.dcd_edpt_xfer
                0x10004eec       0x34 CMakeFiles/bmp280_pio.dir/C_/Users/Alfonso_Samuel/Documents/pico/pico-sdk/lib/tinyusb/src/portable/raspberrypi/rp2040/dcd_rp2040.c.obj
                0x10004eec                dcd_edpt_xfer
 .text.dcd_edpt_stall
                0x10004f20       0x28 CMakeFiles/bmp280_pio.dir/C_/Users/Alfonso_Samuel/Documents/pico/pico-sdk/lib/tinyusb/src/portable/raspberrypi/rp2040/dcd_rp2040.c.obj
                0x10004f20                dcd_edpt_stall
 .text.dcd_edpt_clear_stall
                0x10004f48       0x2c CMakeFiles/bmp280_pio.dir/C_/Users/Alfonso_Samuel/Documents/pico/pico-sdk/lib/tinyusb/src/portable/raspberrypi/rp2040/dcd_rp2040.c.obj
                0x10004f48                dcd_edpt_clear_stall
 .text.rp2040_usb_init
                0x10004f74       0x50 CMakeFiles/bmp280_pio.dir/C_/Users/Alfonso_Samuel/Documents/pico/pico-sdk/lib/tinyusb/src/portable/raspberrypi/rp2040/rp2040_usb.c.obj
                0x10004f74                rp2040_usb_init
 .text.hw_endpoint_reset_transfer
                0x10004fc4       0x10 CMakeFiles/bmp280_pio.dir/C_/Users/Alfonso_Samuel/Documents/pico/pico-sdk/lib/tinyusb/src/portable/raspberrypi/rp2040/rp2040_usb.c.obj
                0x10004fc4                hw_endpoint_reset_transfer
 .text._hw_endpoint_buffer_control_update32
                0x10004fd4       0x58 CMakeFiles/bmp280_pio.dir/C_/Users/Alfonso_Samuel/Documents/pico/pico-sdk/lib/tinyusb/src/portable/raspberrypi/rp2040/rp2040_usb.c.obj
                0x10004fd4                _hw_endpoint_buffer_control_update32
 .text._hw_endpoint_start_next_buffer
                0x1000502c       0x50 CMakeFiles/bmp280_pio.dir/C_/Users/Alfonso_Samuel/Documents/pico/pico-sdk/lib/tinyusb/src/portable/raspberrypi/rp2040/rp2040_usb.c.obj
                0x1000502c                _hw_endpoint_start_next_buffer
 .text._hw_endpoint_xfer_start
                0x1000507c       0x3e CMakeFiles/bmp280_pio.dir/C_/Users/Alfonso_Samuel/Documents/pico/pico-sdk/lib/tinyusb/src/portable/raspberrypi/rp2040/rp2040_usb.c.obj
                0x1000507c                _hw_endpoint_xfer_start
 *fill*         0x100050ba        0x2 
 .text._hw_endpoint_xfer_sync
                0x100050bc       0x74 CMakeFiles/bmp280_pio.dir/C_/Users/Alfonso_Samuel/Documents/pico/pico-sdk/lib/tinyusb/src/portable/raspberrypi/rp2040/rp2040_usb.c.obj
                0x100050bc                _hw_endpoint_xfer_sync
 .text._hw_endpoint_xfer_continue
                0x10005130       0x60 CMakeFiles/bmp280_pio.dir/C_/Users/Alfonso_Samuel/Documents/pico/pico-sdk/lib/tinyusb/src/portable/raspberrypi/rp2040/rp2040_usb.c.obj
                0x10005130                _hw_endpoint_xfer_continue
 .text._hw_endpoint_xfer
                0x10005190       0x34 CMakeFiles/bmp280_pio.dir/C_/Users/Alfonso_Samuel/Documents/pico/pico-sdk/lib/tinyusb/src/portable/raspberrypi/rp2040/rp2040_usb.c.obj
                0x10005190                _hw_endpoint_xfer
 .text.mark_interface_endpoint
                0x100051c4       0x2a CMakeFiles/bmp280_pio.dir/C_/Users/Alfonso_Samuel/Documents/pico/pico-sdk/lib/tinyusb/src/device/usbd.c.obj
 *fill*         0x100051ee        0x2 
 .text.usbd_reset
                0x100051f0       0x88 CMakeFiles/bmp280_pio.dir/C_/Users/Alfonso_Samuel/Documents/pico/pico-sdk/lib/tinyusb/src/device/usbd.c.obj
 .text.invoke_class_control
                0x10005278       0x1a CMakeFiles/bmp280_pio.dir/C_/Users/Alfonso_Samuel/Documents/pico/pico-sdk/lib/tinyusb/src/device/usbd.c.obj
 *fill*         0x10005292        0x2 
 .text.process_set_config
                0x10005294      0x1d4 CMakeFiles/bmp280_pio.dir/C_/Users/Alfonso_Samuel/Documents/pico/pico-sdk/lib/tinyusb/src/device/usbd.c.obj
 .text.process_get_descriptor
                0x10005468       0xf8 CMakeFiles/bmp280_pio.dir/C_/Users/Alfonso_Samuel/Documents/pico/pico-sdk/lib/tinyusb/src/device/usbd.c.obj
 .text.tud_mounted
                0x10005560       0x10 CMakeFiles/bmp280_pio.dir/C_/Users/Alfonso_Samuel/Documents/pico/pico-sdk/lib/tinyusb/src/device/usbd.c.obj
                0x10005560                tud_mounted
 .text.tud_suspended
                0x10005570       0x10 CMakeFiles/bmp280_pio.dir/C_/Users/Alfonso_Samuel/Documents/pico/pico-sdk/lib/tinyusb/src/device/usbd.c.obj
                0x10005570                tud_suspended
 .text.tud_inited
                0x10005580        0xc CMakeFiles/bmp280_pio.dir/C_/Users/Alfonso_Samuel/Documents/pico/pico-sdk/lib/tinyusb/src/device/usbd.c.obj
                0x10005580                tud_inited
 .text.tud_init
                0x1000558c       0xcc CMakeFiles/bmp280_pio.dir/C_/Users/Alfonso_Samuel/Documents/pico/pico-sdk/lib/tinyusb/src/device/usbd.c.obj
                0x1000558c                tud_init
 .text.dcd_event_handler
                0x10005658      0x174 CMakeFiles/bmp280_pio.dir/C_/Users/Alfonso_Samuel/Documents/pico/pico-sdk/lib/tinyusb/src/device/usbd.c.obj
                0x10005658                dcd_event_handler
 .text.dcd_event_bus_signal
                0x100057cc       0x26 CMakeFiles/bmp280_pio.dir/C_/Users/Alfonso_Samuel/Documents/pico/pico-sdk/lib/tinyusb/src/device/usbd.c.obj
                0x100057cc                dcd_event_bus_signal
 .text.dcd_event_bus_reset
                0x100057f2       0x2a CMakeFiles/bmp280_pio.dir/C_/Users/Alfonso_Samuel/Documents/pico/pico-sdk/lib/tinyusb/src/device/usbd.c.obj
                0x100057f2                dcd_event_bus_reset
 .text.dcd_event_setup_received
                0x1000581c       0x34 CMakeFiles/bmp280_pio.dir/C_/Users/Alfonso_Samuel/Documents/pico/pico-sdk/lib/tinyusb/src/device/usbd.c.obj
                0x1000581c                dcd_event_setup_received
 .text.dcd_event_xfer_complete
                0x10005850       0x44 CMakeFiles/bmp280_pio.dir/C_/Users/Alfonso_Samuel/Documents/pico/pico-sdk/lib/tinyusb/src/device/usbd.c.obj
                0x10005850                dcd_event_xfer_complete
 .text.usbd_edpt_open
                0x10005894       0xe0 CMakeFiles/bmp280_pio.dir/C_/Users/Alfonso_Samuel/Documents/pico/pico-sdk/lib/tinyusb/src/device/usbd.c.obj
                0x10005894                usbd_edpt_open
 .text.usbd_open_edpt_pair
                0x10005974       0x8c CMakeFiles/bmp280_pio.dir/C_/Users/Alfonso_Samuel/Documents/pico/pico-sdk/lib/tinyusb/src/device/usbd.c.obj
                0x10005974                usbd_open_edpt_pair
 .text.usbd_edpt_claim
                0x10005a00       0x8c CMakeFiles/bmp280_pio.dir/C_/Users/Alfonso_Samuel/Documents/pico/pico-sdk/lib/tinyusb/src/device/usbd.c.obj
                0x10005a00                usbd_edpt_claim
 .text.usbd_edpt_release
                0x10005a8c       0x68 CMakeFiles/bmp280_pio.dir/C_/Users/Alfonso_Samuel/Documents/pico/pico-sdk/lib/tinyusb/src/device/usbd.c.obj
                0x10005a8c                usbd_edpt_release
 .text.usbd_edpt_xfer
                0x10005af4       0x80 CMakeFiles/bmp280_pio.dir/C_/Users/Alfonso_Samuel/Documents/pico/pico-sdk/lib/tinyusb/src/device/usbd.c.obj
                0x10005af4                usbd_edpt_xfer
 .text.usbd_edpt_stall
                0x10005b74       0x2c CMakeFiles/bmp280_pio.dir/C_/Users/Alfonso_Samuel/Documents/pico/pico-sdk/lib/tinyusb/src/device/usbd.c.obj
                0x10005b74                usbd_edpt_stall
 .text.usbd_edpt_clear_stall
                0x10005ba0       0x2c CMakeFiles/bmp280_pio.dir/C_/Users/Alfonso_Samuel/Documents/pico/pico-sdk/lib/tinyusb/src/device/usbd.c.obj
                0x10005ba0                usbd_edpt_clear_stall
 .text.usbd_edpt_stalled
                0x10005bcc       0x1c CMakeFiles/bmp280_pio.dir/C_/Users/Alfonso_Samuel/Documents/pico/pico-sdk/lib/tinyusb/src/device/usbd.c.obj
                0x10005bcc                usbd_edpt_stalled
 .text.process_control_request
                0x10005be8      0x380 CMakeFiles/bmp280_pio.dir/C_/Users/Alfonso_Samuel/Documents/pico/pico-sdk/lib/tinyusb/src/device/usbd.c.obj
 .text.tud_task
                0x10005f68      0x204 CMakeFiles/bmp280_pio.dir/C_/Users/Alfonso_Samuel/Documents/pico/pico-sdk/lib/tinyusb/src/device/usbd.c.obj
                0x10005f68                tud_task
 .text._data_stage_xact
                0x1000616c       0x58 CMakeFiles/bmp280_pio.dir/C_/Users/Alfonso_Samuel/Documents/pico/pico-sdk/lib/tinyusb/src/device/usbd_control.c.obj
 .text.tud_control_status
                0x100061c4       0x38 CMakeFiles/bmp280_pio.dir/C_/Users/Alfonso_Samuel/Documents/pico/pico-sdk/lib/tinyusb/src/device/usbd_control.c.obj
                0x100061c4                tud_control_status
 .text.tud_control_xfer
                0x100061fc       0xa8 CMakeFiles/bmp280_pio.dir/C_/Users/Alfonso_Samuel/Documents/pico/pico-sdk/lib/tinyusb/src/device/usbd_control.c.obj
                0x100061fc                tud_control_xfer
 .text.usbd_control_reset
                0x100062a4       0x14 CMakeFiles/bmp280_pio.dir/C_/Users/Alfonso_Samuel/Documents/pico/pico-sdk/lib/tinyusb/src/device/usbd_control.c.obj
                0x100062a4                usbd_control_reset
 .text.usbd_control_set_complete_callback
                0x100062b8        0xc CMakeFiles/bmp280_pio.dir/C_/Users/Alfonso_Samuel/Documents/pico/pico-sdk/lib/tinyusb/src/device/usbd_control.c.obj
                0x100062b8                usbd_control_set_complete_callback
 .text.usbd_control_set_request
                0x100062c4       0x1c CMakeFiles/bmp280_pio.dir/C_/Users/Alfonso_Samuel/Documents/pico/pico-sdk/lib/tinyusb/src/device/usbd_control.c.obj
                0x100062c4                usbd_control_set_request
 .text.usbd_control_xfer_cb
                0x100062e0       0xfc CMakeFiles/bmp280_pio.dir/C_/Users/Alfonso_Samuel/Documents/pico/pico-sdk/lib/tinyusb/src/device/usbd_control.c.obj
                0x100062e0                usbd_control_xfer_cb
 .text._prep_out_transaction
                0x100063dc       0x46 CMakeFiles/bmp280_pio.dir/C_/Users/Alfonso_Samuel/Documents/pico/pico-sdk/lib/tinyusb/src/class/cdc/cdc_device.c.obj
 *fill*         0x10006422        0x2 
 .text.tud_cdc_n_connected
                0x10006424       0x44 CMakeFiles/bmp280_pio.dir/C_/Users/Alfonso_Samuel/Documents/pico/pico-sdk/lib/tinyusb/src/class/cdc/cdc_device.c.obj
                0x10006424                tud_cdc_n_connected
 .text.tud_cdc_n_available
                0x10006468       0x18 CMakeFiles/bmp280_pio.dir/C_/Users/Alfonso_Samuel/Documents/pico/pico-sdk/lib/tinyusb/src/class/cdc/cdc_device.c.obj
                0x10006468                tud_cdc_n_available
 .text.tud_cdc_n_read
                0x10006480       0x28 CMakeFiles/bmp280_pio.dir/C_/Users/Alfonso_Samuel/Documents/pico/pico-sdk/lib/tinyusb/src/class/cdc/cdc_device.c.obj
                0x10006480                tud_cdc_n_read
 .text.tud_cdc_n_write_flush
                0x100064a8       0xcc CMakeFiles/bmp280_pio.dir/C_/Users/Alfonso_Samuel/Documents/pico/pico-sdk/lib/tinyusb/src/class/cdc/cdc_device.c.obj
                0x100064a8                tud_cdc_n_write_flush
 .text.tud_cdc_n_write
                0x10006574       0x38 CMakeFiles/bmp280_pio.dir/C_/Users/Alfonso_Samuel/Documents/pico/pico-sdk/lib/tinyusb/src/class/cdc/cdc_device.c.obj
                0x10006574                tud_cdc_n_write
 .text.tud_cdc_n_write_available
                0x100065ac       0x1c CMakeFiles/bmp280_pio.dir/C_/Users/Alfonso_Samuel/Documents/pico/pico-sdk/lib/tinyusb/src/class/cdc/cdc_device.c.obj
                0x100065ac                tud_cdc_n_write_available
 .text.cdcd_init
                0x100065c8       0xbc CMakeFiles/bmp280_pio.dir/C_/Users/Alfonso_Samuel/Documents/pico/pico-sdk/lib/tinyusb/src/class/cdc/cdc_device.c.obj
                0x100065c8                cdcd_init
 .text.cdcd_reset
                0x10006684       0x44 CMakeFiles/bmp280_pio.dir/C_/Users/Alfonso_Samuel/Documents/pico/pico-sdk/lib/tinyusb/src/class/cdc/cdc_device.c.obj
                0x10006684                cdcd_reset
 .text.cdcd_open
                0x100066c8      0x10c CMakeFiles/bmp280_pio.dir/C_/Users/Alfonso_Samuel/Documents/pico/pico-sdk/lib/tinyusb/src/class/cdc/cdc_device.c.obj
                0x100066c8                cdcd_open
 .text.cdcd_control_xfer_cb
                0x100067d4      0x134 CMakeFiles/bmp280_pio.dir/C_/Users/Alfonso_Samuel/Documents/pico/pico-sdk/lib/tinyusb/src/class/cdc/cdc_device.c.obj
                0x100067d4                cdcd_control_xfer_cb
 .text.cdcd_xfer_cb
                0x10006908      0x144 CMakeFiles/bmp280_pio.dir/C_/Users/Alfonso_Samuel/Documents/pico/pico-sdk/lib/tinyusb/src/class/cdc/cdc_device.c.obj
                0x10006908                cdcd_xfer_cb
 .text.tusb_init
                0x10006a4c       0x24 CMakeFiles/bmp280_pio.dir/C_/Users/Alfonso_Samuel/Documents/pico/pico-sdk/lib/tinyusb/src/tusb.c.obj
                0x10006a4c                tusb_init
 .text.tusb_inited
                0x10006a70        0xe CMakeFiles/bmp280_pio.dir/C_/Users/Alfonso_Samuel/Documents/pico/pico-sdk/lib/tinyusb/src/tusb.c.obj
                0x10006a70                tusb_inited
 .text.advance_pointer
                0x10006a7e       0x1e CMakeFiles/bmp280_pio.dir/C_/Users/Alfonso_Samuel/Documents/pico/pico-sdk/lib/tinyusb/src/common/tusb_fifo.c.obj
 .text.backward_pointer
                0x10006a9c       0x1a CMakeFiles/bmp280_pio.dir/C_/Users/Alfonso_Samuel/Documents/pico/pico-sdk/lib/tinyusb/src/common/tusb_fifo.c.obj
 .text.get_relative_pointer
                0x10006ab6       0x10 CMakeFiles/bmp280_pio.dir/C_/Users/Alfonso_Samuel/Documents/pico/pico-sdk/lib/tinyusb/src/common/tusb_fifo.c.obj
 .text._tu_fifo_peek
                0x10006ac6       0x50 CMakeFiles/bmp280_pio.dir/C_/Users/Alfonso_Samuel/Documents/pico/pico-sdk/lib/tinyusb/src/common/tusb_fifo.c.obj
 .text._ff_pull_const_addr
                0x10006b16       0x4c CMakeFiles/bmp280_pio.dir/C_/Users/Alfonso_Samuel/Documents/pico/pico-sdk/lib/tinyusb/src/common/tusb_fifo.c.obj
 .text._ff_pull_n
                0x10006b62      0x10c CMakeFiles/bmp280_pio.dir/C_/Users/Alfonso_Samuel/Documents/pico/pico-sdk/lib/tinyusb/src/common/tusb_fifo.c.obj
 .text._tu_fifo_peek_n
                0x10006c6e       0x5e CMakeFiles/bmp280_pio.dir/C_/Users/Alfonso_Samuel/Documents/pico/pico-sdk/lib/tinyusb/src/common/tusb_fifo.c.obj
 .text._tu_fifo_read_n
                0x10006ccc       0x4e CMakeFiles/bmp280_pio.dir/C_/Users/Alfonso_Samuel/Documents/pico/pico-sdk/lib/tinyusb/src/common/tusb_fifo.c.obj
 .text._ff_push_const_addr
                0x10006d1a       0x40 CMakeFiles/bmp280_pio.dir/C_/Users/Alfonso_Samuel/Documents/pico/pico-sdk/lib/tinyusb/src/common/tusb_fifo.c.obj
 .text._ff_push_n
                0x10006d5a      0x108 CMakeFiles/bmp280_pio.dir/C_/Users/Alfonso_Samuel/Documents/pico/pico-sdk/lib/tinyusb/src/common/tusb_fifo.c.obj
 .text._tu_fifo_write_n
                0x10006e62       0x9e CMakeFiles/bmp280_pio.dir/C_/Users/Alfonso_Samuel/Documents/pico/pico-sdk/lib/tinyusb/src/common/tusb_fifo.c.obj
 .text.tu_fifo_config
                0x10006f00       0x72 CMakeFiles/bmp280_pio.dir/C_/Users/Alfonso_Samuel/Documents/pico/pico-sdk/lib/tinyusb/src/common/tusb_fifo.c.obj
                0x10006f00                tu_fifo_config
 .text.tu_fifo_count
                0x10006f72       0x26 CMakeFiles/bmp280_pio.dir/C_/Users/Alfonso_Samuel/Documents/pico/pico-sdk/lib/tinyusb/src/common/tusb_fifo.c.obj
                0x10006f72                tu_fifo_count
 .text.tu_fifo_empty
                0x10006f98       0x10 CMakeFiles/bmp280_pio.dir/C_/Users/Alfonso_Samuel/Documents/pico/pico-sdk/lib/tinyusb/src/common/tusb_fifo.c.obj
                0x10006f98                tu_fifo_empty
 .text.tu_fifo_remaining
                0x10006fa8       0x20 CMakeFiles/bmp280_pio.dir/C_/Users/Alfonso_Samuel/Documents/pico/pico-sdk/lib/tinyusb/src/common/tusb_fifo.c.obj
                0x10006fa8                tu_fifo_remaining
 .text.tu_fifo_read
                0x10006fc8       0x42 CMakeFiles/bmp280_pio.dir/C_/Users/Alfonso_Samuel/Documents/pico/pico-sdk/lib/tinyusb/src/common/tusb_fifo.c.obj
                0x10006fc8                tu_fifo_read
 .text.tu_fifo_read_n
                0x1000700a        0xa CMakeFiles/bmp280_pio.dir/C_/Users/Alfonso_Samuel/Documents/pico/pico-sdk/lib/tinyusb/src/common/tusb_fifo.c.obj
                0x1000700a                tu_fifo_read_n
 .text.tu_fifo_write
                0x10007014       0x6c CMakeFiles/bmp280_pio.dir/C_/Users/Alfonso_Samuel/Documents/pico/pico-sdk/lib/tinyusb/src/common/tusb_fifo.c.obj
                0x10007014                tu_fifo_write
 .text.tu_fifo_write_n
                0x10007080        0xa CMakeFiles/bmp280_pio.dir/C_/Users/Alfonso_Samuel/Documents/pico/pico-sdk/lib/tinyusb/src/common/tusb_fifo.c.obj
                0x10007080                tu_fifo_write_n
 .text.tu_fifo_clear
                0x1000708a       0x4c CMakeFiles/bmp280_pio.dir/C_/Users/Alfonso_Samuel/Documents/pico/pico-sdk/lib/tinyusb/src/common/tusb_fifo.c.obj
                0x1000708a                tu_fifo_clear
 .text.tu_fifo_set_overwritable
                0x100070d6       0x3c CMakeFiles/bmp280_pio.dir/C_/Users/Alfonso_Samuel/Documents/pico/pico-sdk/lib/tinyusb/src/common/tusb_fifo.c.obj
                0x100070d6                tu_fifo_set_overwritable
 *fill*         0x10007112        0x2 
 .text._retrieve_unique_id_on_boot
                0x10007114       0x10 CMakeFiles/bmp280_pio.dir/C_/Users/Alfonso_Samuel/Documents/pico/pico-sdk/src/rp2_common/pico_unique_id/unique_id.c.obj
 .text.pico_get_unique_board_id_string
                0x10007124       0x60 CMakeFiles/bmp280_pio.dir/C_/Users/Alfonso_Samuel/Documents/pico/pico-sdk/src/rp2_common/pico_unique_id/unique_id.c.obj
                0x10007124                pico_get_unique_board_id_string
 .text.flash_get_unique_id
                0x10007184       0x46 CMakeFiles/bmp280_pio.dir/C_/Users/Alfonso_Samuel/Documents/pico/pico-sdk/src/rp2_common/hardware_flash/flash.c.obj
                0x10007184                flash_get_unique_id
 *fill*         0x100071ca        0x2 
 .text._pio_can_add_program_at_offset
                0x100071cc       0x3c CMakeFiles/bmp280_pio.dir/C_/Users/Alfonso_Samuel/Documents/pico/pico-sdk/src/rp2_common/hardware_pio/pio.c.obj
 .text._pio_find_offset_for_program
                0x10007208       0x7c CMakeFiles/bmp280_pio.dir/C_/Users/Alfonso_Samuel/Documents/pico/pico-sdk/src/rp2_common/hardware_pio/pio.c.obj
 .text._pio_add_program_at_offset
                0x10007284       0x78 CMakeFiles/bmp280_pio.dir/C_/Users/Alfonso_Samuel/Documents/pico/pico-sdk/src/rp2_common/hardware_pio/pio.c.obj
 .text.pio_add_program
                0x100072fc       0x38 CMakeFiles/bmp280_pio.dir/C_/Users/Alfonso_Samuel/Documents/pico/pico-sdk/src/rp2_common/hardware_pio/pio.c.obj
                0x100072fc                pio_add_program
 .text.pio_sm_set_pins_with_mask
                0x10007334       0x6c CMakeFiles/bmp280_pio.dir/C_/Users/Alfonso_Samuel/Documents/pico/pico-sdk/src/rp2_common/hardware_pio/pio.c.obj
                0x10007334                pio_sm_set_pins_with_mask
 .text.pio_sm_set_pindirs_with_mask
                0x100073a0       0x70 CMakeFiles/bmp280_pio.dir/C_/Users/Alfonso_Samuel/Documents/pico/pico-sdk/src/rp2_common/hardware_pio/pio.c.obj
                0x100073a0                pio_sm_set_pindirs_with_mask
 .text.pio_sm_init
                0x10007410       0xe4 CMakeFiles/bmp280_pio.dir/C_/Users/Alfonso_Samuel/Documents/pico/pico-sdk/src/rp2_common/hardware_pio/pio.c.obj
                0x10007410                pio_sm_init
 .text.strlen   0x100074f4       0x5c c:/progra~2/gnuarm~1/102020~1/bin/../lib/gcc/arm-none-eabi/10.2.1/../../../../arm-none-eabi/lib/thumb/v6-m/nofp\libg.a(lib_a-strlen-stub.o)
                0x100074f4                strlen
 *(.fini)
 .fini          0x10007550        0x4 c:/progra~2/gnuarm~1/102020~1/bin/../lib/gcc/arm-none-eabi/10.2.1/thumb/v6-m/nofp/crti.o
                0x10007550                _fini
 *fill*         0x10007554        0x4 
 .fini.__stub   0x10007558       0x90 linker stubs
 *crtbegin.o(.ctors)
 *crtbegin?.o(.ctors)
 *(EXCLUDE_FILE(*crtend.o *crtend?.o) .ctors)
 *(SORT_BY_NAME(.ctors.*))
 *(.ctors)
 *crtbegin.o(.dtors)
 *crtbegin?.o(.dtors)
 *(EXCLUDE_FILE(*crtend.o *crtend?.o) .dtors)
 *(SORT_BY_NAME(.dtors.*))
 *(.dtors)
 *(.eh_frame*)
 .eh_frame      0x100075e8        0x0 c:/progra~2/gnuarm~1/102020~1/bin/../lib/gcc/arm-none-eabi/10.2.1/thumb/v6-m/nofp/crtbegin.o
                0x100075e8                . = ALIGN (0x4)

.glue_7         0x100075e8        0x0
 .glue_7        0x100075e8        0x0 linker stubs

.glue_7t        0x100075e8        0x0
 .glue_7t       0x100075e8        0x0 linker stubs

.vfp11_veneer   0x100075e8        0x0
 .vfp11_veneer  0x100075e8        0x0 linker stubs

.v4_bx          0x100075e8        0x0
 .v4_bx         0x100075e8        0x0 linker stubs

.iplt           0x100075e8        0x0
 .iplt          0x100075e8        0x0 c:/progra~2/gnuarm~1/102020~1/bin/../lib/gcc/arm-none-eabi/10.2.1/thumb/v6-m/nofp/crtbegin.o

.rodata         0x100075e8     0x1800
 *(EXCLUDE_FILE(*libm.a: *libc.a:*lib_a-mem*.o *libgcc.a:) .rodata*)
 .rodata.read.str1.4
                0x100075e8        0xf CMakeFiles/bmp280_pio.dir/bmp280_pio.c.obj
 *fill*         0x100075f7        0x1 
 .rodata.main.str1.4
                0x100075f8       0x16 CMakeFiles/bmp280_pio.dir/bmp280_pio.c.obj
 *fill*         0x1000760e        0x2 
 .rodata        0x10007610       0x18 CMakeFiles/bmp280_pio.dir/bmp280_pio.c.obj
 .rodata.spi_cpha0_program
                0x10007628        0x6 CMakeFiles/bmp280_pio.dir/bmp280_pio.c.obj
 *fill*         0x1000762e        0x2 
 .rodata.spi_cpha0_program_instructions
                0x10007630        0x4 CMakeFiles/bmp280_pio.dir/bmp280_pio.c.obj
 .rodata.spin_lock_claim_unused.str1.4
                0x10007634       0x1b CMakeFiles/bmp280_pio.dir/C_/Users/Alfonso_Samuel/Documents/pico/pico-sdk/src/rp2_common/hardware_sync/sync.c.obj
 *fill*         0x1000764f        0x1 
 .rodata.repeating_timer_callback.str1.4
                0x10007650       0x60 CMakeFiles/bmp280_pio.dir/C_/Users/Alfonso_Samuel/Documents/pico/pico-sdk/src/common/pico_time/time.c.obj
 .rodata.alarm_pool_dump_key.str1.4
                0x100076b0       0x33 CMakeFiles/bmp280_pio.dir/C_/Users/Alfonso_Samuel/Documents/pico/pico-sdk/src/common/pico_time/time.c.obj
 *fill*         0x100076e3        0x1 
 .rodata.ph_add_child_node.str1.4
                0x100076e4       0xa2 CMakeFiles/bmp280_pio.dir/C_/Users/Alfonso_Samuel/Documents/pico/pico-sdk/src/common/pico_time/time.c.obj
 *fill*         0x10007786        0x2 
 .rodata.add_alarm_under_lock.str1.4
                0x10007788       0x28 CMakeFiles/bmp280_pio.dir/C_/Users/Alfonso_Samuel/Documents/pico/pico-sdk/src/common/pico_time/time.c.obj
                                 0x2b (size before relaxing)
 .rodata.alarm_pool_alarm_callback.str1.4
                0x100077b0       0xf2 CMakeFiles/bmp280_pio.dir/C_/Users/Alfonso_Samuel/Documents/pico/pico-sdk/src/common/pico_time/time.c.obj
 *fill*         0x100078a2        0x2 
 .rodata.alarm_pool_get_default.str1.4
                0x100078a4       0x21 CMakeFiles/bmp280_pio.dir/C_/Users/Alfonso_Samuel/Documents/pico/pico-sdk/src/common/pico_time/time.c.obj
 *fill*         0x100078c5        0x3 
 .rodata.alarm_pool_cancel_alarm.str1.4
                0x100078c8       0x27 CMakeFiles/bmp280_pio.dir/C_/Users/Alfonso_Samuel/Documents/pico/pico-sdk/src/common/pico_time/time.c.obj
 *fill*         0x100078ef        0x1 
 .rodata.__func__.1
                0x100078f0       0x18 CMakeFiles/bmp280_pio.dir/C_/Users/Alfonso_Samuel/Documents/pico/pico-sdk/src/common/pico_time/time.c.obj
 .rodata.__func__.10
                0x10007908       0x15 CMakeFiles/bmp280_pio.dir/C_/Users/Alfonso_Samuel/Documents/pico/pico-sdk/src/common/pico_time/time.c.obj
 *fill*         0x1000791d        0x3 
 .rodata.__func__.11
                0x10007920       0x1a CMakeFiles/bmp280_pio.dir/C_/Users/Alfonso_Samuel/Documents/pico/pico-sdk/src/common/pico_time/time.c.obj
 *fill*         0x1000793a        0x2 
 .rodata.__func__.12
                0x1000793c        0xa CMakeFiles/bmp280_pio.dir/C_/Users/Alfonso_Samuel/Documents/pico/pico-sdk/src/common/pico_time/time.c.obj
 *fill*         0x10007946        0x2 
 .rodata.__func__.3
                0x10007948       0x17 CMakeFiles/bmp280_pio.dir/C_/Users/Alfonso_Samuel/Documents/pico/pico-sdk/src/common/pico_time/time.c.obj
 *fill*         0x1000795f        0x1 
 .rodata.__func__.4
                0x10007960       0x12 CMakeFiles/bmp280_pio.dir/C_/Users/Alfonso_Samuel/Documents/pico/pico-sdk/src/common/pico_time/time.c.obj
 *fill*         0x10007972        0x2 
 .rodata.__func__.5
                0x10007974        0xd CMakeFiles/bmp280_pio.dir/C_/Users/Alfonso_Samuel/Documents/pico/pico-sdk/src/common/pico_time/time.c.obj
 *fill*         0x10007981        0x3 
 .rodata.__func__.6
                0x10007984       0x12 CMakeFiles/bmp280_pio.dir/C_/Users/Alfonso_Samuel/Documents/pico/pico-sdk/src/common/pico_time/time.c.obj
 *fill*         0x10007996        0x2 
 .rodata.__func__.7
                0x10007998        0xf CMakeFiles/bmp280_pio.dir/C_/Users/Alfonso_Samuel/Documents/pico/pico-sdk/src/common/pico_time/time.c.obj
 *fill*         0x100079a7        0x1 
 .rodata.__func__.8
                0x100079a8        0xc CMakeFiles/bmp280_pio.dir/C_/Users/Alfonso_Samuel/Documents/pico/pico-sdk/src/common/pico_time/time.c.obj
 .rodata.__func__.9
                0x100079b4       0x15 CMakeFiles/bmp280_pio.dir/C_/Users/Alfonso_Samuel/Documents/pico/pico-sdk/src/common/pico_time/time.c.obj
 *fill*         0x100079c9        0x3 
 .rodata.hardware_alarm_claim.str1.4
                0x100079cc       0x22 CMakeFiles/bmp280_pio.dir/C_/Users/Alfonso_Samuel/Documents/pico/pico-sdk/src/rp2_common/hardware_timer/timer.c.obj
 *fill*         0x100079ee        0x2 
 .rodata.hardware_alarm_set_target.str1.4
                0x100079f0       0x7a CMakeFiles/bmp280_pio.dir/C_/Users/Alfonso_Samuel/Documents/pico/pico-sdk/src/rp2_common/hardware_timer/timer.c.obj
 *fill*         0x10007a6a        0x2 
 .rodata.__func__.0
                0x10007a6c       0x1a CMakeFiles/bmp280_pio.dir/C_/Users/Alfonso_Samuel/Documents/pico/pico-sdk/src/rp2_common/hardware_timer/timer.c.obj
 *fill*         0x10007a86        0x2 
 .rodata.str1.4
                0x10007a88       0xc9 CMakeFiles/bmp280_pio.dir/C_/Users/Alfonso_Samuel/Documents/pico/pico-sdk/src/common/pico_sync/mutex.c.obj
                                0x139 (size before relaxing)
 *fill*         0x10007b51        0x3 
 .rodata.__func__.0
                0x10007b54        0xb CMakeFiles/bmp280_pio.dir/C_/Users/Alfonso_Samuel/Documents/pico/pico-sdk/src/common/pico_sync/mutex.c.obj
 *fill*         0x10007b5f        0x1 
 .rodata.__func__.1
                0x10007b60       0x18 CMakeFiles/bmp280_pio.dir/C_/Users/Alfonso_Samuel/Documents/pico/pico-sdk/src/common/pico_sync/mutex.c.obj
 .rodata.__func__.2
                0x10007b78       0x15 CMakeFiles/bmp280_pio.dir/C_/Users/Alfonso_Samuel/Documents/pico/pico-sdk/src/common/pico_sync/mutex.c.obj
 *fill*         0x10007b8d        0x3 
 .rodata.__func__.3
                0x10007b90       0x15 CMakeFiles/bmp280_pio.dir/C_/Users/Alfonso_Samuel/Documents/pico/pico-sdk/src/common/pico_sync/mutex.c.obj
 .rodata.ph_add_child_node.str1.4
                0x10007ba5       0xa2 CMakeFiles/bmp280_pio.dir/C_/Users/Alfonso_Samuel/Documents/pico/pico-sdk/src/common/pico_util/pheap.c.obj
 *fill*         0x10007ba5        0x3 
 .rodata.ph_remove_any_head.str1.4
                0x10007ba8       0xa4 CMakeFiles/bmp280_pio.dir/C_/Users/Alfonso_Samuel/Documents/pico/pico-sdk/src/common/pico_util/pheap.c.obj
 .rodata.ph_remove_and_free_node.str1.4
                0x10007c4c       0x26 CMakeFiles/bmp280_pio.dir/C_/Users/Alfonso_Samuel/Documents/pico/pico-sdk/src/common/pico_util/pheap.c.obj
 *fill*         0x10007c72        0x2 
 .rodata.__func__.0
                0x10007c74       0x18 CMakeFiles/bmp280_pio.dir/C_/Users/Alfonso_Samuel/Documents/pico/pico-sdk/src/common/pico_util/pheap.c.obj
 .rodata.__func__.1
                0x10007c8c       0x13 CMakeFiles/bmp280_pio.dir/C_/Users/Alfonso_Samuel/Documents/pico/pico-sdk/src/common/pico_util/pheap.c.obj
 *fill*         0x10007c9f        0x1 
 .rodata.__func__.2
                0x10007ca0       0x12 CMakeFiles/bmp280_pio.dir/C_/Users/Alfonso_Samuel/Documents/pico/pico-sdk/src/common/pico_util/pheap.c.obj
 *fill*         0x10007cb2        0x2 
 .rodata.__func__.3
                0x10007cb4        0xc CMakeFiles/bmp280_pio.dir/C_/Users/Alfonso_Samuel/Documents/pico/pico-sdk/src/common/pico_util/pheap.c.obj
 .rodata.__assert_func.str1.4
                0x10007cc0       0x3f CMakeFiles/bmp280_pio.dir/C_/Users/Alfonso_Samuel/Documents/pico/pico-sdk/src/rp2_common/pico_runtime/runtime.c.obj
                                 0x43 (size before relaxing)
 *fill*         0x10007cff        0x1 
 .rodata.panic.str1.4
                0x10007d00       0x10 CMakeFiles/bmp280_pio.dir/C_/Users/Alfonso_Samuel/Documents/pico/pico-sdk/src/rp2_common/pico_runtime/runtime.c.obj
                                 0x12 (size before relaxing)
 .rodata.clock_configure.str1.4
                0x10007d10       0x6c CMakeFiles/bmp280_pio.dir/C_/Users/Alfonso_Samuel/Documents/pico/pico-sdk/src/rp2_common/hardware_clocks/clocks.c.obj
 .rodata.__func__.1
                0x10007d7c       0x10 CMakeFiles/bmp280_pio.dir/C_/Users/Alfonso_Samuel/Documents/pico/pico-sdk/src/rp2_common/hardware_clocks/clocks.c.obj
 .rodata.make_branch.str1.4
                0x10007d8c       0x62 CMakeFiles/bmp280_pio.dir/C_/Users/Alfonso_Samuel/Documents/pico/pico-sdk/src/rp2_common/hardware_irq/irq.c.obj
 *fill*         0x10007dee        0x2 
 .rodata.irq_set_exclusive_handler.str1.4
                0x10007df0       0x36 CMakeFiles/bmp280_pio.dir/C_/Users/Alfonso_Samuel/Documents/pico/pico-sdk/src/rp2_common/hardware_irq/irq.c.obj
 *fill*         0x10007e26        0x2 
 .rodata.irq_add_shared_handler.str1.4
                0x10007e28       0xd9 CMakeFiles/bmp280_pio.dir/C_/Users/Alfonso_Samuel/Documents/pico/pico-sdk/src/rp2_common/hardware_irq/irq.c.obj
 *fill*         0x10007f01        0x3 
 .rodata.irq_remove_handler.str1.4
                0x10007f04       0x2a CMakeFiles/bmp280_pio.dir/C_/Users/Alfonso_Samuel/Documents/pico/pico-sdk/src/rp2_common/hardware_irq/irq.c.obj
 *fill*         0x10007f2e        0x2 
 .rodata.irq_add_tail_to_free_list.str1.4
                0x10007f30       0x32 CMakeFiles/bmp280_pio.dir/C_/Users/Alfonso_Samuel/Documents/pico/pico-sdk/src/rp2_common/hardware_irq/irq.c.obj
                                 0x3a (size before relaxing)
 *fill*         0x10007f62        0x2 
 .rodata.__func__.0
                0x10007f64       0x1a CMakeFiles/bmp280_pio.dir/C_/Users/Alfonso_Samuel/Documents/pico/pico-sdk/src/rp2_common/hardware_irq/irq.c.obj
 *fill*         0x10007f7e        0x2 
 .rodata.__func__.1
                0x10007f80       0x17 CMakeFiles/bmp280_pio.dir/C_/Users/Alfonso_Samuel/Documents/pico/pico-sdk/src/rp2_common/hardware_irq/irq.c.obj
 *fill*         0x10007f97        0x1 
 .rodata.__func__.2
                0x10007f98       0x13 CMakeFiles/bmp280_pio.dir/C_/Users/Alfonso_Samuel/Documents/pico/pico-sdk/src/rp2_common/hardware_irq/irq.c.obj
 *fill*         0x10007fab        0x1 
 .rodata.__func__.3
                0x10007fac        0xc CMakeFiles/bmp280_pio.dir/C_/Users/Alfonso_Samuel/Documents/pico/pico-sdk/src/rp2_common/hardware_irq/irq.c.obj
 .rodata.__func__.4
                0x10007fb8        0xf CMakeFiles/bmp280_pio.dir/C_/Users/Alfonso_Samuel/Documents/pico/pico-sdk/src/rp2_common/hardware_irq/irq.c.obj
 *fill*         0x10007fc7        0x1 
 .rodata.__func__.6
                0x10007fc8       0x1a CMakeFiles/bmp280_pio.dir/C_/Users/Alfonso_Samuel/Documents/pico/pico-sdk/src/rp2_common/hardware_irq/irq.c.obj
 *fill*         0x10007fe2        0x2 
 .rodata.pll_init.str1.4
                0x10007fe4       0xef CMakeFiles/bmp280_pio.dir/C_/Users/Alfonso_Samuel/Documents/pico/pico-sdk/src/rp2_common/hardware_pll/pll.c.obj
 *fill*         0x100080d3        0x1 
 .rodata.__func__.0
                0x100080d4        0x9 CMakeFiles/bmp280_pio.dir/C_/Users/Alfonso_Samuel/Documents/pico/pico-sdk/src/rp2_common/hardware_pll/pll.c.obj
 *fill*         0x100080dd        0x3 
 .rodata._ftoa.str1.4
                0x100080e0       0x15 CMakeFiles/bmp280_pio.dir/C_/Users/Alfonso_Samuel/Documents/pico/pico-sdk/src/rp2_common/pico_printf/printf.c.obj
 *fill*         0x100080f5        0x3 
 .rodata._vsnprintf
                0x100080f8      0x1e0 CMakeFiles/bmp280_pio.dir/C_/Users/Alfonso_Samuel/Documents/pico/pico-sdk/src/rp2_common/pico_printf/printf.c.obj
 .rodata.pow10.0
                0x100082d8       0x50 CMakeFiles/bmp280_pio.dir/C_/Users/Alfonso_Samuel/Documents/pico/pico-sdk/src/rp2_common/pico_printf/printf.c.obj
 .rodata.__aeabi_double_init.str1.4
                0x10008328       0xbd CMakeFiles/bmp280_pio.dir/C_/Users/Alfonso_Samuel/Documents/pico/pico-sdk/src/rp2_common/pico_double/double_init_rom.c.obj
 *fill*         0x100083e5        0x3 
 .rodata.__func__.0
                0x100083e8       0x14 CMakeFiles/bmp280_pio.dir/C_/Users/Alfonso_Samuel/Documents/pico/pico-sdk/src/rp2_common/pico_double/double_init_rom.c.obj
 .rodata.__aeabi_float_init.str1.4
                0x100083fc       0x8f CMakeFiles/bmp280_pio.dir/C_/Users/Alfonso_Samuel/Documents/pico/pico-sdk/src/rp2_common/pico_float/float_init_rom.c.obj
                                 0x93 (size before relaxing)
 *fill*         0x1000848b        0x1 
 .rodata.__func__.0
                0x1000848c       0x13 CMakeFiles/bmp280_pio.dir/C_/Users/Alfonso_Samuel/Documents/pico/pico-sdk/src/rp2_common/pico_float/float_init_rom.c.obj
 *fill*         0x1000849f        0x1 
 .rodata.str1.4
                0x100084a0       0x40 CMakeFiles/bmp280_pio.dir/C_/Users/Alfonso_Samuel/Documents/pico/pico-sdk/src/rp2_common/pico_standard_link/binary_info.c.obj
 .rodata.__bi_44
                0x100084e0        0xc CMakeFiles/bmp280_pio.dir/C_/Users/Alfonso_Samuel/Documents/pico/pico-sdk/src/rp2_common/pico_standard_link/binary_info.c.obj
 .rodata.__bi_75
                0x100084ec        0xc CMakeFiles/bmp280_pio.dir/C_/Users/Alfonso_Samuel/Documents/pico/pico-sdk/src/rp2_common/pico_standard_link/binary_info.c.obj
 .rodata.__bi_81
                0x100084f8        0xc CMakeFiles/bmp280_pio.dir/C_/Users/Alfonso_Samuel/Documents/pico/pico-sdk/src/rp2_common/pico_standard_link/binary_info.c.obj
 .rodata.crlf_str.3
                0x10008504        0x2 CMakeFiles/bmp280_pio.dir/C_/Users/Alfonso_Samuel/Documents/pico/pico-sdk/src/rp2_common/pico_stdio/stdio.c.obj
 *fill*         0x10008506        0x2 
 .rodata._resetd_driver
                0x10008508       0x18 CMakeFiles/bmp280_pio.dir/C_/Users/Alfonso_Samuel/Documents/pico/pico-sdk/src/rp2_common/pico_stdio_usb/reset_interface.c.obj
 .rodata.stdio_usb_init.str1.4
                0x10008520       0x6e CMakeFiles/bmp280_pio.dir/C_/Users/Alfonso_Samuel/Documents/pico/pico-sdk/src/rp2_common/pico_stdio_usb/stdio_usb.c.obj
 .rodata.str1.4
                0x10008520       0x13 CMakeFiles/bmp280_pio.dir/C_/Users/Alfonso_Samuel/Documents/pico/pico-sdk/src/rp2_common/pico_stdio_usb/stdio_usb.c.obj
 *fill*         0x10008533        0x1 
 .rodata.__bi_93.1
                0x10008534        0xc CMakeFiles/bmp280_pio.dir/C_/Users/Alfonso_Samuel/Documents/pico/pico-sdk/src/rp2_common/pico_stdio_usb/stdio_usb.c.obj
 .rodata.__func__.0
                0x10008540       0x15 CMakeFiles/bmp280_pio.dir/C_/Users/Alfonso_Samuel/Documents/pico/pico-sdk/src/rp2_common/pico_stdio_usb/stdio_usb.c.obj
 *fill*         0x10008555        0x3 
 .rodata.str1.4
                0x10008558       0x2a CMakeFiles/bmp280_pio.dir/C_/Users/Alfonso_Samuel/Documents/pico/pico-sdk/src/rp2_common/pico_stdio_usb/stdio_usb_descriptors.c.obj
 *fill*         0x10008582        0x2 
 .rodata.usbd_desc_cfg
                0x10008584       0x54 CMakeFiles/bmp280_pio.dir/C_/Users/Alfonso_Samuel/Documents/pico/pico-sdk/src/rp2_common/pico_stdio_usb/stdio_usb_descriptors.c.obj
 .rodata.usbd_desc_device
                0x100085d8       0x12 CMakeFiles/bmp280_pio.dir/C_/Users/Alfonso_Samuel/Documents/pico/pico-sdk/src/rp2_common/pico_stdio_usb/stdio_usb_descriptors.c.obj
 *fill*         0x100085ea        0x2 
 .rodata.usbd_desc_str
                0x100085ec       0x18 CMakeFiles/bmp280_pio.dir/C_/Users/Alfonso_Samuel/Documents/pico/pico-sdk/src/rp2_common/pico_stdio_usb/stdio_usb_descriptors.c.obj
 .rodata._hw_endpoint_alloc.str1.4
                0x10008604       0xcd CMakeFiles/bmp280_pio.dir/C_/Users/Alfonso_Samuel/Documents/pico/pico-sdk/lib/tinyusb/src/portable/raspberrypi/rp2040/dcd_rp2040.c.obj
 *fill*         0x100086d1        0x3 
 .rodata._hw_endpoint_init.str1.4
                0x100086d4       0x28 CMakeFiles/bmp280_pio.dir/C_/Users/Alfonso_Samuel/Documents/pico/pico-sdk/lib/tinyusb/src/portable/raspberrypi/rp2040/dcd_rp2040.c.obj
 .rodata.hw_handle_buff_status.str1.4
                0x100086fc        0xb CMakeFiles/bmp280_pio.dir/C_/Users/Alfonso_Samuel/Documents/pico/pico-sdk/lib/tinyusb/src/portable/raspberrypi/rp2040/dcd_rp2040.c.obj
 *fill*         0x10008707        0x1 
 .rodata.dcd_rp2040_irq.str1.4
                0x10008708       0x14 CMakeFiles/bmp280_pio.dir/C_/Users/Alfonso_Samuel/Documents/pico/pico-sdk/lib/tinyusb/src/portable/raspberrypi/rp2040/dcd_rp2040.c.obj
 .rodata._hw_endpoint_stall.str1.4
                0x1000871c        0xd CMakeFiles/bmp280_pio.dir/C_/Users/Alfonso_Samuel/Documents/pico/pico-sdk/lib/tinyusb/src/portable/raspberrypi/rp2040/dcd_rp2040.c.obj
 *fill*         0x10008729        0x3 
 .rodata.dcd_int_enable.str1.4
                0x1000872c        0xc CMakeFiles/bmp280_pio.dir/C_/Users/Alfonso_Samuel/Documents/pico/pico-sdk/lib/tinyusb/src/portable/raspberrypi/rp2040/dcd_rp2040.c.obj
 .rodata.__func__.0
                0x10008738       0x15 CMakeFiles/bmp280_pio.dir/C_/Users/Alfonso_Samuel/Documents/pico/pico-sdk/lib/tinyusb/src/portable/raspberrypi/rp2040/dcd_rp2040.c.obj
 *fill*         0x1000874d        0x3 
 .rodata.__func__.1
                0x10008750       0x13 CMakeFiles/bmp280_pio.dir/C_/Users/Alfonso_Samuel/Documents/pico/pico-sdk/lib/tinyusb/src/portable/raspberrypi/rp2040/dcd_rp2040.c.obj
 *fill*         0x10008763        0x1 
 .rodata.__func__.11
                0x10008764        0xf CMakeFiles/bmp280_pio.dir/C_/Users/Alfonso_Samuel/Documents/pico/pico-sdk/lib/tinyusb/src/portable/raspberrypi/rp2040/dcd_rp2040.c.obj
 *fill*         0x10008773        0x1 
 .rodata.__func__.12
                0x10008774       0x13 CMakeFiles/bmp280_pio.dir/C_/Users/Alfonso_Samuel/Documents/pico/pico-sdk/lib/tinyusb/src/portable/raspberrypi/rp2040/dcd_rp2040.c.obj
 *fill*         0x10008787        0x1 
 .rodata.__func__.13
                0x10008788       0x16 CMakeFiles/bmp280_pio.dir/C_/Users/Alfonso_Samuel/Documents/pico/pico-sdk/lib/tinyusb/src/portable/raspberrypi/rp2040/dcd_rp2040.c.obj
 *fill*         0x1000879e        0x2 
 .rodata.__func__.14
                0x100087a0        0x9 CMakeFiles/bmp280_pio.dir/C_/Users/Alfonso_Samuel/Documents/pico/pico-sdk/lib/tinyusb/src/portable/raspberrypi/rp2040/dcd_rp2040.c.obj
 *fill*         0x100087a9        0x3 
 .rodata.__func__.2
                0x100087ac        0xf CMakeFiles/bmp280_pio.dir/C_/Users/Alfonso_Samuel/Documents/pico/pico-sdk/lib/tinyusb/src/portable/raspberrypi/rp2040/dcd_rp2040.c.obj
 *fill*         0x100087bb        0x1 
 .rodata.__func__.3
                0x100087bc        0xe CMakeFiles/bmp280_pio.dir/C_/Users/Alfonso_Samuel/Documents/pico/pico-sdk/lib/tinyusb/src/portable/raspberrypi/rp2040/dcd_rp2040.c.obj
 *fill*         0x100087ca        0x2 
 .rodata.__func__.4
                0x100087cc        0xe CMakeFiles/bmp280_pio.dir/C_/Users/Alfonso_Samuel/Documents/pico/pico-sdk/lib/tinyusb/src/portable/raspberrypi/rp2040/dcd_rp2040.c.obj
 *fill*         0x100087da        0x2 
 .rodata.__func__.5
                0x100087dc       0x1a CMakeFiles/bmp280_pio.dir/C_/Users/Alfonso_Samuel/Documents/pico/pico-sdk/lib/tinyusb/src/portable/raspberrypi/rp2040/dcd_rp2040.c.obj
 *fill*         0x100087f6        0x2 
 .rodata.__func__.6
                0x100087f8        0xc CMakeFiles/bmp280_pio.dir/C_/Users/Alfonso_Samuel/Documents/pico/pico-sdk/lib/tinyusb/src/portable/raspberrypi/rp2040/dcd_rp2040.c.obj
 .rodata.__func__.9
                0x10008804       0x10 CMakeFiles/bmp280_pio.dir/C_/Users/Alfonso_Samuel/Documents/pico/pico-sdk/lib/tinyusb/src/portable/raspberrypi/rp2040/dcd_rp2040.c.obj
 .rodata._hw_endpoint_buffer_control_update32.str1.4
                0x10008814       0x1f CMakeFiles/bmp280_pio.dir/C_/Users/Alfonso_Samuel/Documents/pico/pico-sdk/lib/tinyusb/src/portable/raspberrypi/rp2040/rp2040_usb.c.obj
 *fill*         0x10008833        0x1 
 .rodata._hw_endpoint_xfer_sync.str1.4
                0x10008834       0xa9 CMakeFiles/bmp280_pio.dir/C_/Users/Alfonso_Samuel/Documents/pico/pico-sdk/lib/tinyusb/src/portable/raspberrypi/rp2040/rp2040_usb.c.obj
 *fill*         0x100088dd        0x3 
 .rodata._hw_endpoint_xfer_continue.str1.4
                0x100088e0       0x50 CMakeFiles/bmp280_pio.dir/C_/Users/Alfonso_Samuel/Documents/pico/pico-sdk/lib/tinyusb/src/portable/raspberrypi/rp2040/rp2040_usb.c.obj
 .rodata._hw_endpoint_xfer.str1.4
                0x10008930        0xf CMakeFiles/bmp280_pio.dir/C_/Users/Alfonso_Samuel/Documents/pico/pico-sdk/lib/tinyusb/src/portable/raspberrypi/rp2040/rp2040_usb.c.obj
 *fill*         0x1000893f        0x1 
 .rodata.str1.4
                0x10008940        0x7 CMakeFiles/bmp280_pio.dir/C_/Users/Alfonso_Samuel/Documents/pico/pico-sdk/lib/tinyusb/src/portable/raspberrypi/rp2040/rp2040_usb.c.obj
 *fill*         0x10008947        0x1 
 .rodata.__func__.0
                0x10008948       0x12 CMakeFiles/bmp280_pio.dir/C_/Users/Alfonso_Samuel/Documents/pico/pico-sdk/lib/tinyusb/src/portable/raspberrypi/rp2040/rp2040_usb.c.obj
 *fill*         0x1000895a        0x2 
 .rodata.__func__.1
                0x1000895c       0x17 CMakeFiles/bmp280_pio.dir/C_/Users/Alfonso_Samuel/Documents/pico/pico-sdk/lib/tinyusb/src/portable/raspberrypi/rp2040/rp2040_usb.c.obj
 *fill*         0x10008973        0x1 
 .rodata.process_set_config.str1.4
                0x10008974       0x17 CMakeFiles/bmp280_pio.dir/C_/Users/Alfonso_Samuel/Documents/pico/pico-sdk/lib/tinyusb/src/device/usbd.c.obj
 *fill*         0x1000898b        0x1 
 .rodata.process_get_descriptor
                0x1000898c       0x40 CMakeFiles/bmp280_pio.dir/C_/Users/Alfonso_Samuel/Documents/pico/pico-sdk/lib/tinyusb/src/device/usbd.c.obj
 .rodata.process_control_request
                0x100089cc       0x28 CMakeFiles/bmp280_pio.dir/C_/Users/Alfonso_Samuel/Documents/pico/pico-sdk/lib/tinyusb/src/device/usbd.c.obj
 .rodata.tud_task
                0x100089f4       0x24 CMakeFiles/bmp280_pio.dir/C_/Users/Alfonso_Samuel/Documents/pico/pico-sdk/lib/tinyusb/src/device/usbd.c.obj
 .rodata.__func__.2
                0x10008a18        0xf CMakeFiles/bmp280_pio.dir/C_/Users/Alfonso_Samuel/Documents/pico/pico-sdk/lib/tinyusb/src/device/usbd.c.obj
 *fill*         0x10008a27        0x1 
 .rodata.__func__.3
                0x10008a28        0xf CMakeFiles/bmp280_pio.dir/C_/Users/Alfonso_Samuel/Documents/pico/pico-sdk/lib/tinyusb/src/device/usbd.c.obj
 *fill*         0x10008a37        0x1 
 .rodata.__func__.4
                0x10008a38       0x14 CMakeFiles/bmp280_pio.dir/C_/Users/Alfonso_Samuel/Documents/pico/pico-sdk/lib/tinyusb/src/device/usbd.c.obj
 .rodata.__func__.5
                0x10008a4c       0x10 CMakeFiles/bmp280_pio.dir/C_/Users/Alfonso_Samuel/Documents/pico/pico-sdk/lib/tinyusb/src/device/usbd.c.obj
 .rodata.__func__.6
                0x10008a5c       0x17 CMakeFiles/bmp280_pio.dir/C_/Users/Alfonso_Samuel/Documents/pico/pico-sdk/lib/tinyusb/src/device/usbd.c.obj
 *fill*         0x10008a73        0x1 
 .rodata.__func__.7
                0x10008a74       0x13 CMakeFiles/bmp280_pio.dir/C_/Users/Alfonso_Samuel/Documents/pico/pico-sdk/lib/tinyusb/src/device/usbd.c.obj
 *fill*         0x10008a87        0x1 
 .rodata.__func__.8
                0x10008a88       0x18 CMakeFiles/bmp280_pio.dir/C_/Users/Alfonso_Samuel/Documents/pico/pico-sdk/lib/tinyusb/src/device/usbd.c.obj
 .rodata.__func__.9
                0x10008aa0        0x9 CMakeFiles/bmp280_pio.dir/C_/Users/Alfonso_Samuel/Documents/pico/pico-sdk/lib/tinyusb/src/device/usbd.c.obj
 *fill*         0x10008aa9        0x3 
 .rodata._usbd_driver
                0x10008aac       0x18 CMakeFiles/bmp280_pio.dir/C_/Users/Alfonso_Samuel/Documents/pico/pico-sdk/lib/tinyusb/src/device/usbd.c.obj
 .rodata.tud_control_xfer.str1.4
                0x10008ac4       0x17 CMakeFiles/bmp280_pio.dir/C_/Users/Alfonso_Samuel/Documents/pico/pico-sdk/lib/tinyusb/src/device/usbd_control.c.obj
 .rodata.__func__.0
                0x10008ac4       0x15 CMakeFiles/bmp280_pio.dir/C_/Users/Alfonso_Samuel/Documents/pico/pico-sdk/lib/tinyusb/src/device/usbd_control.c.obj
 *fill*         0x10008ad9        0x3 
 .rodata.__func__.1
                0x10008adc       0x11 CMakeFiles/bmp280_pio.dir/C_/Users/Alfonso_Samuel/Documents/pico/pico-sdk/lib/tinyusb/src/device/usbd_control.c.obj
 .rodata.tud_cdc_n_write_flush.str1.4
                0x10008aed       0x17 CMakeFiles/bmp280_pio.dir/C_/Users/Alfonso_Samuel/Documents/pico/pico-sdk/lib/tinyusb/src/class/cdc/cdc_device.c.obj
 *fill*         0x10008aed        0x3 
 .rodata.__func__.0
                0x10008af0        0xd CMakeFiles/bmp280_pio.dir/C_/Users/Alfonso_Samuel/Documents/pico/pico-sdk/lib/tinyusb/src/class/cdc/cdc_device.c.obj
 *fill*         0x10008afd        0x3 
 .rodata.__func__.1
                0x10008b00        0xa CMakeFiles/bmp280_pio.dir/C_/Users/Alfonso_Samuel/Documents/pico/pico-sdk/lib/tinyusb/src/class/cdc/cdc_device.c.obj
 *fill*         0x10008b0a        0x2 
 .rodata.__func__.2
                0x10008b0c       0x16 CMakeFiles/bmp280_pio.dir/C_/Users/Alfonso_Samuel/Documents/pico/pico-sdk/lib/tinyusb/src/class/cdc/cdc_device.c.obj
 .rodata.tusb_init.str1.4
                0x10008b22       0x17 CMakeFiles/bmp280_pio.dir/C_/Users/Alfonso_Samuel/Documents/pico/pico-sdk/lib/tinyusb/src/tusb.c.obj
 *fill*         0x10008b22        0x2 
 .rodata.__func__.0
                0x10008b24        0xa CMakeFiles/bmp280_pio.dir/C_/Users/Alfonso_Samuel/Documents/pico/pico-sdk/lib/tinyusb/src/tusb.c.obj
 *fill*         0x10008b2e        0x2 
 .rodata.pico_get_unique_board_id_string.str1.4
                0x10008b30       0x62 CMakeFiles/bmp280_pio.dir/C_/Users/Alfonso_Samuel/Documents/pico/pico-sdk/src/rp2_common/pico_unique_id/unique_id.c.obj
 *fill*         0x10008b92        0x2 
 .rodata.__func__.0
                0x10008b94       0x20 CMakeFiles/bmp280_pio.dir/C_/Users/Alfonso_Samuel/Documents/pico/pico-sdk/src/rp2_common/pico_unique_id/unique_id.c.obj
 .rodata.str1.4
                0x10008bb4      0x16e CMakeFiles/bmp280_pio.dir/C_/Users/Alfonso_Samuel/Documents/pico/pico-sdk/src/rp2_common/hardware_flash/flash.c.obj
 *fill*         0x10008d22        0x2 
 .rodata.__func__.0
                0x10008d24        0xd CMakeFiles/bmp280_pio.dir/C_/Users/Alfonso_Samuel/Documents/pico/pico-sdk/src/rp2_common/hardware_flash/flash.c.obj
 *fill*         0x10008d31        0x3 
 .rodata._pio_find_offset_for_program.str1.4
                0x10008d34       0x7e CMakeFiles/bmp280_pio.dir/C_/Users/Alfonso_Samuel/Documents/pico/pico-sdk/src/rp2_common/hardware_pio/pio.c.obj
 *fill*         0x10008db2        0x2 
 .rodata._pio_add_program_at_offset.str1.4
                0x10008db4       0x11 CMakeFiles/bmp280_pio.dir/C_/Users/Alfonso_Samuel/Documents/pico/pico-sdk/src/rp2_common/hardware_pio/pio.c.obj
 *fill*         0x10008dc5        0x3 
 .rodata.__func__.1
                0x10008dc8       0x1d CMakeFiles/bmp280_pio.dir/C_/Users/Alfonso_Samuel/Documents/pico/pico-sdk/src/rp2_common/hardware_pio/pio.c.obj
                0x10008de8                . = ALIGN (0x4)
 *fill*         0x10008de5        0x3 
 *(SORT_BY_ALIGNMENT(SORT_BY_NAME(.flashdata*)))