Archive member included to satisfy reference by file (symbol)

c:/progra~2/gnuarm~1/102020~1/bin/../lib/gcc/arm-none-eabi/10.2.1/thumb/v6-m/nofp\libgcc.a(_dvmd_tls.o)
                              CMakeFiles/bmp280_pio.dir/C_/Users/Alfonso_Samuel/Documents/pico/pico-sdk/src/rp2_common/pico_divider/divider.S.obj (__aeabi_idiv0)
c:/progra~2/gnuarm~1/102020~1/bin/../lib/gcc/arm-none-eabi/10.2.1/../../../../arm-none-eabi/lib/thumb/v6-m/nofp\libg.a(lib_a-calloc.o)
                              CMakeFiles/bmp280_pio.dir/C_/Users/Alfonso_Samuel/Documents/pico/pico-sdk/src/rp2_common/pico_malloc/pico_malloc.c.obj (calloc)
c:/progra~2/gnuarm~1/102020~1/bin/../lib/gcc/arm-none-eabi/10.2.1/../../../../arm-none-eabi/lib/thumb/v6-m/nofp\libg.a(lib_a-callocr.o)
                              c:/progra~2/gnuarm~1/102020~1/bin/../lib/gcc/arm-none-eabi/10.2.1/../../../../arm-none-eabi/lib/thumb/v6-m/nofp\libg.a(lib_a-calloc.o) (_calloc_r)
c:/progra~2/gnuarm~1/102020~1/bin/../lib/gcc/arm-none-eabi/10.2.1/../../../../arm-none-eabi/lib/thumb/v6-m/nofp\libg.a(lib_a-ctype_.o)
                              CMakeFiles/bmp280_pio.dir/C_/Users/Alfonso_Samuel/Documents/pico/pico-sdk/lib/tinyusb/src/tusb.c.obj (_ctype_)
c:/progra~2/gnuarm~1/102020~1/bin/../lib/gcc/arm-none-eabi/10.2.1/../../../../arm-none-eabi/lib/thumb/v6-m/nofp\libg.a(lib_a-impure.o)
                              c:/progra~2/gnuarm~1/102020~1/bin/../lib/gcc/arm-none-eabi/10.2.1/../../../../arm-none-eabi/lib/thumb/v6-m/nofp\libg.a(lib_a-calloc.o) (_impure_ptr)
c:/progra~2/gnuarm~1/102020~1/bin/../lib/gcc/arm-none-eabi/10.2.1/../../../../arm-none-eabi/lib/thumb/v6-m/nofp\libg.a(lib_a-init.o)
                              c:/progra~2/gnuarm~1/102020~1/bin/../lib/gcc/arm-none-eabi/10.2.1/../../../../arm-none-eabi/lib/thumb/v6-m/nofp/crt0.o (__libc_init_array)
c:/progra~2/gnuarm~1/102020~1/bin/../lib/gcc/arm-none-eabi/10.2.1/../../../../arm-none-eabi/lib/thumb/v6-m/nofp\libg.a(lib_a-malloc.o)
                              CMakeFiles/bmp280_pio.dir/C_/Users/Alfonso_Samuel/Documents/pico/pico-sdk/src/rp2_common/pico_malloc/pico_malloc.c.obj (malloc)
c:/progra~2/gnuarm~1/102020~1/bin/../lib/gcc/arm-none-eabi/10.2.1/../../../../arm-none-eabi/lib/thumb/v6-m/nofp\libg.a(lib_a-mallocr.o)
                              c:/progra~2/gnuarm~1/102020~1/bin/../lib/gcc/arm-none-eabi/10.2.1/../../../../arm-none-eabi/lib/thumb/v6-m/nofp\libg.a(lib_a-callocr.o) (_malloc_r)
c:/progra~2/gnuarm~1/102020~1/bin/../lib/gcc/arm-none-eabi/10.2.1/../../../../arm-none-eabi/lib/thumb/v6-m/nofp\libg.a(lib_a-mlock.o)
                              c:/progra~2/gnuarm~1/102020~1/bin/../lib/gcc/arm-none-eabi/10.2.1/../../../../arm-none-eabi/lib/thumb/v6-m/nofp\libg.a(lib_a-mallocr.o) (__malloc_lock)
c:/progra~2/gnuarm~1/102020~1/bin/../lib/gcc/arm-none-eabi/10.2.1/../../../../arm-none-eabi/lib/thumb/v6-m/nofp\libg.a(lib_a-sbrkr.o)
                              c:/progra~2/gnuarm~1/102020~1/bin/../lib/gcc/arm-none-eabi/10.2.1/../../../../arm-none-eabi/lib/thumb/v6-m/nofp\libg.a(lib_a-mallocr.o) (_sbrk_r)
c:/progra~2/gnuarm~1/102020~1/bin/../lib/gcc/arm-none-eabi/10.2.1/../../../../arm-none-eabi/lib/thumb/v6-m/nofp\libg.a(lib_a-strlen-stub.o)
                              CMakeFiles/bmp280_pio.dir/C_/Users/Alfonso_Samuel/Documents/pico/pico-sdk/src/rp2_common/pico_stdio/stdio.c.obj (strlen)
c:/progra~2/gnuarm~1/102020~1/bin/../lib/gcc/arm-none-eabi/10.2.1/../../../../arm-none-eabi/lib/thumb/v6-m/nofp\libg.a(lib_a-freer.o)
                              c:/progra~2/gnuarm~1/102020~1/bin/../lib/gcc/arm-none-eabi/10.2.1/../../../../arm-none-eabi/lib/thumb/v6-m/nofp\libg.a(lib_a-malloc.o) (_free_r)
c:/progra~2/gnuarm~1/102020~1/bin/../lib/gcc/arm-none-eabi/10.2.1/../../../../arm-none-eabi/lib/thumb/v6-m/nofp\libg.a(lib_a-lock.o)
                              c:/progra~2/gnuarm~1/102020~1/bin/../lib/gcc/arm-none-eabi/10.2.1/../../../../arm-none-eabi/lib/thumb/v6-m/nofp\libg.a(lib_a-mlock.o) (__retarget_lock_acquire_recursive)
c:/progra~2/gnuarm~1/102020~1/bin/../lib/gcc/arm-none-eabi/10.2.1/../../../../arm-none-eabi/lib/thumb/v6-m/nofp\libg.a(lib_a-reent.o)
                              c:/progra~2/gnuarm~1/102020~1/bin/../lib/gcc/arm-none-eabi/10.2.1/../../../../arm-none-eabi/lib/thumb/v6-m/nofp\libg.a(lib_a-sbrkr.o) (errno)

Discarded input sections

 .text          0x00000000        0x0 c:/progra~2/gnuarm~1/102020~1/bin/../lib/gcc/arm-none-eabi/10.2.1/thumb/v6-m/nofp/crti.o
 .data          0x00000000        0x0 c:/progra~2/gnuarm~1/102020~1/bin/../lib/gcc/arm-none-eabi/10.2.1/thumb/v6-m/nofp/crti.o
 .bss           0x00000000        0x0 c:/progra~2/gnuarm~1/102020~1/bin/../lib/gcc/arm-none-eabi/10.2.1/thumb/v6-m/nofp/crti.o
 .data          0x00000000        0x4 c:/progra~2/gnuarm~1/102020~1/bin/../lib/gcc/arm-none-eabi/10.2.1/thumb/v6-m/nofp/crtbegin.o
[...]
Memory Configuration

Name             Origin             Length             Attributes
FLASH            0x10000000         0x00200000         xr
RAM              0x20000000         0x00040000         xrw
SCRATCH_X        0x20040000         0x00001000         xrw
SCRATCH_Y        0x20041000         0x00001000         xrw
*default*        0x00000000         0xffffffff

Linker script and memory map

LOAD c:/progra~2/gnuarm~1/102020~1/bin/../lib/gcc/arm-none-eabi/10.2.1/thumb/v6-m/nofp/crti.o
LOAD c:/progra~2/gnuarm~1/102020~1/bin/../lib/gcc/arm-none-eabi/10.2.1/thumb/v6-m/nofp/crtbegin.o
LOAD c:/progra~2/gnuarm~1/102020~1/bin/../lib/gcc/arm-none-eabi/10.2.1/../../../../arm-none-eabi/lib/thumb/v6-m/nofp/crt0.o

.flash_begin    0x10000000        0x0
                0x10000000                __flash_binary_start = .

.boot2          0x10000000      0x100
                0x10000000                __boot2_start__ = .
 *(.boot2)
 .boot2         0x10000000      0x100 C:\Users\ALFONS~1\AppData\Local\Temp\ccuhL3W3.o
                0x10000100                __boot2_end__ = .
                0x00000001                ASSERT (((__boot2_end__ - __boot2_start__) == 0x100), ERROR: Pico second stage bootloader must be 256 bytes in size)

.text           0x10000100     0x7558
                0x10000100                __logical_binary_start = .
 *(.vectors)
 .vectors       0x10000100       0xd4 CMakeFiles/bmp280_pio.dir/C_/Users/Alfonso_Samuel/Documents/pico/pico-sdk/src/rp2_common/pico_standard_link/crt0.S.obj
                0x10000100                __VECTOR_TABLE
                0x10000100                __vectors
                0x100001c0                isr_invalid
                0x100001c0                __default_isrs_start
                0x100001c2                isr_nmi
                0x100001c4                isr_hardfault
                0x100001c6                isr_svcall
                0x100001c8                isr_pendsv
                0x100001ca                isr_systick
                0x100001cc                isr_irq23
                0x100001cc                isr_irq18
                0x100001cc                isr_irq11
                0x100001cc                isr_irq28
                0x100001cc                isr_irq19
                0x100001cc                isr_irq0
                0x100001cc                isr_irq6
                0x100001cc                isr_irq5
                0x100001cc                isr_irq12
                0x100001cc                isr_irq22
                0x100001cc                isr_irq31
                0x100001cc                isr_irq17
                0x100001cc                isr_irq27
                0x100001cc                isr_irq30
                0x100001cc                isr_irq2
                0x100001cc                isr_irq10
                0x100001cc                isr_irq8
                0x100001cc                isr_irq24
                0x100001cc                isr_irq1
                0x100001cc                isr_irq7
                0x100001cc                isr_irq21
                0x100001cc                isr_irq20
                0x100001cc                isr_irq15
                0x100001cc                isr_irq25
                0x100001cc                isr_irq13
                0x100001cc                __unhandled_user_irq
                0x100001cc                isr_irq4
                0x100001cc                isr_irq16
                0x100001cc                isr_irq29
                0x100001cc                isr_irq26
                0x100001cc                __default_isrs_end
                0x100001cc                isr_irq3
                0x100001cc                isr_irq14
                0x100001cc                isr_irq9
                0x100001d2                unhandled_user_irq_num_in_r0
 *(.binary_info_header)
 .binary_info_header
                0x100001d4       0x14 CMakeFiles/bmp280_pio.dir/C_/Users/Alfonso_Samuel/Documents/pico/pico-sdk/src/rp2_common/pico_standard_link/crt0.S.obj
                0x100001e8                __binary_info_header_end = .
 *(.reset)
 .reset         0x100001e8       0xa8 CMakeFiles/bmp280_pio.dir/C_/Users/Alfonso_Samuel/Documents/pico/pico-sdk/src/rp2_common/pico_standard_link/crt0.S.obj
                0x100001e8                _entry_point
                0x10000266                __get_current_exception
 .reset         0x10000290       0x30 CMakeFiles/bmp280_pio.dir/C_/Users/Alfonso_Samuel/Documents/pico/pico-sdk/src/rp2_common/pico_standard_link/binary_info.c.obj
 *(.init)
 .init          0x100002c0        0x4 c:/progra~2/gnuarm~1/102020~1/bin/../lib/gcc/arm-none-eabi/10.2.1/thumb/v6-m/nofp/crti.o
                0x100002c0                _init
 *(EXCLUDE_FILE(*libm.a: *libc.a:*lib_a-mem*.o *libgcc.a:) .text*)
 .text          0x100002c4       0x48 c:/progra~2/gnuarm~1/102020~1/bin/../lib/gcc/arm-none-eabi/10.2.1/thumb/v6-m/nofp/crtbegin.o
 .text.pio_get_default_sm_config
                0x1000030c       0x28 CMakeFiles/bmp280_pio.dir/bmp280_pio.c.obj
 .text.compTemp
                0x10000334       0x48 CMakeFiles/bmp280_pio.dir/bmp280_pio.c.obj
                0x10000334                compTemp
 .text.read_temp_comp
                0x1000037c       0x78 CMakeFiles/bmp280_pio.dir/bmp280_pio.c.obj
                0x1000037c                read_temp_comp
 .text.main     0x100003f4      0x224 CMakeFiles/bmp280_pio.dir/bmp280_pio.c.obj
                0x100003f4                main
 .text.gpio_set_function
                0x10000618       0x30 CMakeFiles/bmp280_pio.dir/C_/Users/Alfonso_Samuel/Documents/pico/pico-sdk/src/rp2_common/hardware_gpio/gpio.c.obj
                0x10000618                gpio_set_function
 .text.gpio_set_outover
                0x10000648       0x24 CMakeFiles/bmp280_pio.dir/C_/Users/Alfonso_Samuel/Documents/pico/pico-sdk/src/rp2_common/hardware_gpio/gpio.c.obj
                0x10000648                gpio_set_outover
 .text.gpio_init
                0x1000066c       0x16 CMakeFiles/bmp280_pio.dir/C_/Users/Alfonso_Samuel/Documents/pico/pico-sdk/src/rp2_common/hardware_gpio/gpio.c.obj
                0x1000066c                gpio_init
 *fill*         0x10000682        0x2 
 .text.hw_claim_lock
                0x10000684       0x18 CMakeFiles/bmp280_pio.dir/C_/Users/Alfonso_Samuel/Documents/pico/pico-sdk/src/rp2_common/hardware_claim/claim.c.obj
                0x10000684                hw_claim_lock
 .text.hw_claim_unlock
                0x1000069c       0x14 CMakeFiles/bmp280_pio.dir/C_/Users/Alfonso_Samuel/Documents/pico/pico-sdk/src/rp2_common/hardware_claim/claim.c.obj
                0x1000069c                hw_claim_unlock
 .text.hw_claim_or_assert
                0x100006b0       0x32 CMakeFiles/bmp280_pio.dir/C_/Users/Alfonso_Samuel/Documents/pico/pico-sdk/src/rp2_common/hardware_claim/claim.c.obj
                0x100006b0                hw_claim_or_assert
 .text.hw_claim_unused_from_range
                0x100006e2       0x50 CMakeFiles/bmp280_pio.dir/C_/Users/Alfonso_Samuel/Documents/pico/pico-sdk/src/rp2_common/hardware_claim/claim.c.obj
                0x100006e2                hw_claim_unused_from_range
 *fill*         0x10000732        0x2 
 .text.running_on_fpga
                0x10000734       0x14 CMakeFiles/bmp280_pio.dir/C_/Users/Alfonso_Samuel/Documents/pico/pico-sdk/src/rp2_common/pico_platform/platform.c.obj
                0x10000734                running_on_fpga
 .text.spin_locks_reset
                0x10000748       0x20 CMakeFiles/bmp280_pio.dir/C_/Users/Alfonso_Samuel/Documents/pico/pico-sdk/src/rp2_common/hardware_sync/sync.c.obj
                0x10000748                spin_locks_reset
 .text.next_striped_spin_lock_num
                0x10000768       0x1c CMakeFiles/bmp280_pio.dir/C_/Users/Alfonso_Samuel/Documents/pico/pico-sdk/src/rp2_common/hardware_sync/sync.c.obj
                0x10000768                next_striped_spin_lock_num
 .text.spin_lock_claim_unused
                0x10000784       0x20 CMakeFiles/bmp280_pio.dir/C_/Users/Alfonso_Samuel/Documents/pico/pico-sdk/src/rp2_common/hardware_sync/sync.c.obj
                0x10000784                spin_lock_claim_unused
 .text.alarm_pool_post_alloc_init
                0x100007a4       0x40 CMakeFiles/bmp280_pio.dir/C_/Users/Alfonso_Samuel/Documents/pico/pico-sdk/src/common/pico_time/time.c.obj
 .text.sleep_until_callback
                0x100007e4       0x30 CMakeFiles/bmp280_pio.dir/C_/Users/Alfonso_Samuel/Documents/pico/pico-sdk/src/common/pico_time/time.c.obj
 .text.timer_pool_entry_comparator
                0x10000814       0x7c CMakeFiles/bmp280_pio.dir/C_/Users/Alfonso_Samuel/Documents/pico/pico-sdk/src/common/pico_time/time.c.obj
                0x10000814                timer_pool_entry_comparator
 .text.ph_add_child_node
                0x10000890       0xa4 CMakeFiles/bmp280_pio.dir/C_/Users/Alfonso_Samuel/Documents/pico/pico-sdk/src/common/pico_time/time.c.obj
 .text.ph_merge_nodes
                0x10000934       0x3e CMakeFiles/bmp280_pio.dir/C_/Users/Alfonso_Samuel/Documents/pico/pico-sdk/src/common/pico_time/time.c.obj
 *fill*         0x10000972        0x2 
 .text.add_alarm_under_lock
                0x10000974      0x174 CMakeFiles/bmp280_pio.dir/C_/Users/Alfonso_Samuel/Documents/pico/pico-sdk/src/common/pico_time/time.c.obj
 .text.alarm_pool_alarm_callback
                0x10000ae8      0x328 CMakeFiles/bmp280_pio.dir/C_/Users/Alfonso_Samuel/Documents/pico/pico-sdk/src/common/pico_time/time.c.obj
 .text.alarm_pool_init_default
                0x10000e10       0x38 CMakeFiles/bmp280_pio.dir/C_/Users/Alfonso_Samuel/Documents/pico/pico-sdk/src/common/pico_time/time.c.obj
                0x10000e10                alarm_pool_init_default
 .text.alarm_pool_get_default
                0x10000e48       0x2c CMakeFiles/bmp280_pio.dir/C_/Users/Alfonso_Samuel/Documents/pico/pico-sdk/src/common/pico_time/time.c.obj
                0x10000e48                alarm_pool_get_default
 .text.alarm_pool_add_alarm_at
                0x10000e74      0x170 CMakeFiles/bmp280_pio.dir/C_/Users/Alfonso_Samuel/Documents/pico/pico-sdk/src/common/pico_time/time.c.obj
                0x10000e74                alarm_pool_add_alarm_at
 .text.alarm_pool_cancel_alarm
                0x10000fe4       0xec CMakeFiles/bmp280_pio.dir/C_/Users/Alfonso_Samuel/Documents/pico/pico-sdk/src/common/pico_time/time.c.obj
                0x10000fe4                alarm_pool_cancel_alarm
 .text.sleep_until
                0x100010d0       0xfc CMakeFiles/bmp280_pio.dir/C_/Users/Alfonso_Samuel/Documents/pico/pico-sdk/src/common/pico_time/time.c.obj
                0x100010d0                sleep_until
 .text.sleep_us
                0x100011cc       0x58 CMakeFiles/bmp280_pio.dir/C_/Users/Alfonso_Samuel/Documents/pico/pico-sdk/src/common/pico_time/time.c.obj
                0x100011cc                sleep_us
 .text.sleep_ms
                0x10001224       0x14 CMakeFiles/bmp280_pio.dir/C_/Users/Alfonso_Samuel/Documents/pico/pico-sdk/src/common/pico_time/time.c.obj
                0x10001224                sleep_ms
 .text.best_effort_wfe_or_timeout
                0x10001238       0x80 CMakeFiles/bmp280_pio.dir/C_/Users/Alfonso_Samuel/Documents/pico/pico-sdk/src/common/pico_time/time.c.obj
                0x10001238                best_effort_wfe_or_timeout
 .text.hardware_alarm_irq_handler
                0x100012b8       0x8c CMakeFiles/bmp280_pio.dir/C_/Users/Alfonso_Samuel/Documents/pico/pico-sdk/src/rp2_common/hardware_timer/timer.c.obj
 .text.hardware_alarm_claim
                0x10001344       0x18 CMakeFiles/bmp280_pio.dir/C_/Users/Alfonso_Samuel/Documents/pico/pico-sdk/src/rp2_common/hardware_timer/timer.c.obj
                0x10001344                hardware_alarm_claim
 .text.time_us_64
                0x1000135c       0x18 CMakeFiles/bmp280_pio.dir/C_/Users/Alfonso_Samuel/Documents/pico/pico-sdk/src/rp2_common/hardware_timer/timer.c.obj
                0x1000135c                time_us_64
 .text.busy_wait_until
                0x10001374       0x28 CMakeFiles/bmp280_pio.dir/C_/Users/Alfonso_Samuel/Documents/pico/pico-sdk/src/rp2_common/hardware_timer/timer.c.obj
                0x10001374                busy_wait_until
 .text.hardware_alarm_set_callback
                0x1000139c       0x90 CMakeFiles/bmp280_pio.dir/C_/Users/Alfonso_Samuel/Documents/pico/pico-sdk/src/rp2_common/hardware_timer/timer.c.obj
                0x1000139c                hardware_alarm_set_callback
 .text.hardware_alarm_set_target
                0x1000142c       0xe8 CMakeFiles/bmp280_pio.dir/C_/Users/Alfonso_Samuel/Documents/pico/pico-sdk/src/rp2_common/hardware_timer/timer.c.obj
                0x1000142c                hardware_alarm_set_target
 .text.hardware_alarm_cancel
                0x10001514       0x40 CMakeFiles/bmp280_pio.dir/C_/Users/Alfonso_Samuel/Documents/pico/pico-sdk/src/rp2_common/hardware_timer/timer.c.obj
                0x10001514                hardware_alarm_cancel
 .text.lock_init
                0x10001554       0x10 CMakeFiles/bmp280_pio.dir/C_/Users/Alfonso_Samuel/Documents/pico/pico-sdk/src/common/pico_sync/lock_core.c.obj
                0x10001554                lock_init
 .text.mutex_init_internal
                0x10001564       0x1e CMakeFiles/bmp280_pio.dir/C_/Users/Alfonso_Samuel/Documents/pico/pico-sdk/src/common/pico_sync/mutex.c.obj
 .text.mutex_init
                0x10001582        0xa CMakeFiles/bmp280_pio.dir/C_/Users/Alfonso_Samuel/Documents/pico/pico-sdk/src/common/pico_sync/mutex.c.obj
                0x10001582                mutex_init
 .text.recursive_mutex_init
                0x1000158c        0xa CMakeFiles/bmp280_pio.dir/C_/Users/Alfonso_Samuel/Documents/pico/pico-sdk/src/common/pico_sync/mutex.c.obj
                0x1000158c                recursive_mutex_init
 *fill*         0x10001596        0x2 
 .text.critical_section_init_with_lock_num
                0x10001598       0x14 CMakeFiles/bmp280_pio.dir/C_/Users/Alfonso_Samuel/Documents/pico/pico-sdk/src/common/pico_sync/critical_section.c.obj
                0x10001598                critical_section_init_with_lock_num
 .text.critical_section_init
                0x100015ac       0x14 CMakeFiles/bmp280_pio.dir/C_/Users/Alfonso_Samuel/Documents/pico/pico-sdk/src/common/pico_sync/critical_section.c.obj
                0x100015ac                critical_section_init
 .text.ph_add_child_node
                0x100015c0       0xa4 CMakeFiles/bmp280_pio.dir/C_/Users/Alfonso_Samuel/Documents/pico/pico-sdk/src/common/pico_util/pheap.c.obj
 .text.ph_merge_nodes
                0x10001664       0x3e CMakeFiles/bmp280_pio.dir/C_/Users/Alfonso_Samuel/Documents/pico/pico-sdk/src/common/pico_util/pheap.c.obj
 *fill*         0x100016a2        0x2 
 .text.ph_clear
                0x100016a4       0x70 CMakeFiles/bmp280_pio.dir/C_/Users/Alfonso_Samuel/Documents/pico/pico-sdk/src/common/pico_util/pheap.c.obj
                0x100016a4                ph_clear
 .text.ph_post_alloc_init
                0x10001714        0xe CMakeFiles/bmp280_pio.dir/C_/Users/Alfonso_Samuel/Documents/pico/pico-sdk/src/common/pico_util/pheap.c.obj
                0x10001714                ph_post_alloc_init
 *fill*         0x10001722        0x2 
 .text.ph_merge_two_pass
                0x10001724       0xa8 CMakeFiles/bmp280_pio.dir/C_/Users/Alfonso_Samuel/Documents/pico/pico-sdk/src/common/pico_util/pheap.c.obj
                0x10001724                ph_merge_two_pass
 .text.ph_remove_any_head
                0x100017cc      0x108 CMakeFiles/bmp280_pio.dir/C_/Users/Alfonso_Samuel/Documents/pico/pico-sdk/src/common/pico_util/pheap.c.obj
 .text.ph_remove_head
                0x100018d4       0x14 CMakeFiles/bmp280_pio.dir/C_/Users/Alfonso_Samuel/Documents/pico/pico-sdk/src/common/pico_util/pheap.c.obj
                0x100018d4                ph_remove_head
 .text.ph_remove_and_free_node
                0x100018e8       0xf8 CMakeFiles/bmp280_pio.dir/C_/Users/Alfonso_Samuel/Documents/pico/pico-sdk/src/common/pico_util/pheap.c.obj
                0x100018e8                ph_remove_and_free_node
 .text.runtime_init
                0x100019e0       0xd8 CMakeFiles/bmp280_pio.dir/C_/Users/Alfonso_Samuel/Documents/pico/pico-sdk/src/rp2_common/pico_runtime/runtime.c.obj
                0x100019e0                runtime_init
 .text._exit    0x10001ab8        0x4 CMakeFiles/bmp280_pio.dir/C_/Users/Alfonso_Samuel/Documents/pico/pico-sdk/src/rp2_common/pico_runtime/runtime.c.obj
                0x10001ab8                _exit
 .text.exit     0x10001abc        0x6 CMakeFiles/bmp280_pio.dir/C_/Users/Alfonso_Samuel/Documents/pico/pico-sdk/src/rp2_common/pico_runtime/runtime.c.obj
                0x10001abc                exit
 *fill*         0x10001ac2        0x2 
 .text.__assert_func
                0x10001ac4       0x3c CMakeFiles/bmp280_pio.dir/C_/Users/Alfonso_Samuel/Documents/pico/pico-sdk/src/rp2_common/pico_runtime/runtime.c.obj
                0x10001ac4                __assert_func
 .text.panic    0x10001b00       0x30 CMakeFiles/bmp280_pio.dir/C_/Users/Alfonso_Samuel/Documents/pico/pico-sdk/src/rp2_common/pico_runtime/runtime.c.obj
                0x10001b00                panic
 .text.clock_configure
                0x10001b30      0x104 CMakeFiles/bmp280_pio.dir/C_/Users/Alfonso_Samuel/Documents/pico/pico-sdk/src/rp2_common/hardware_clocks/clocks.c.obj
                0x10001b30                clock_configure
 .text.clocks_init
                0x10001c34      0x100 CMakeFiles/bmp280_pio.dir/C_/Users/Alfonso_Samuel/Documents/pico/pico-sdk/src/rp2_common/hardware_clocks/clocks.c.obj
                0x10001c34                clocks_init
 .text.set_raw_irq_handler_and_unlock
                0x10001d34       0x28 CMakeFiles/bmp280_pio.dir/C_/Users/Alfonso_Samuel/Documents/pico/pico-sdk/src/rp2_common/hardware_irq/irq.c.obj
 .text.make_branch
                0x10001d5c       0x34 CMakeFiles/bmp280_pio.dir/C_/Users/Alfonso_Samuel/Documents/pico/pico-sdk/src/rp2_common/hardware_irq/irq.c.obj
 .text.insert_branch_and_link
                0x10001d90       0x40 CMakeFiles/bmp280_pio.dir/C_/Users/Alfonso_Samuel/Documents/pico/pico-sdk/src/rp2_common/hardware_irq/irq.c.obj
 .text.irq_is_enabled
                0x10001dd0       0x18 CMakeFiles/bmp280_pio.dir/C_/Users/Alfonso_Samuel/Documents/pico/pico-sdk/src/rp2_common/hardware_irq/irq.c.obj
                0x10001dd0                irq_is_enabled
 .text.irq_set_mask_enabled
                0x10001de8       0x20 CMakeFiles/bmp280_pio.dir/C_/Users/Alfonso_Samuel/Documents/pico/pico-sdk/src/rp2_common/hardware_irq/irq.c.obj
                0x10001de8                irq_set_mask_enabled
 .text.irq_set_enabled
                0x10001e08        0xe CMakeFiles/bmp280_pio.dir/C_/Users/Alfonso_Samuel/Documents/pico/pico-sdk/src/rp2_common/hardware_irq/irq.c.obj
                0x10001e08                irq_set_enabled
 *fill*         0x10001e16        0x2 
 .text.irq_set_pending
                0x10001e18       0x10 CMakeFiles/bmp280_pio.dir/C_/Users/Alfonso_Samuel/Documents/pico/pico-sdk/src/rp2_common/hardware_irq/irq.c.obj
                0x10001e18                irq_set_pending
 .text.irq_get_vtable_handler
                0x10001e28       0x10 CMakeFiles/bmp280_pio.dir/C_/Users/Alfonso_Samuel/Documents/pico/pico-sdk/src/rp2_common/hardware_irq/irq.c.obj
                0x10001e28                irq_get_vtable_handler
 .text.irq_set_exclusive_handler
                0x10001e38       0x54 CMakeFiles/bmp280_pio.dir/C_/Users/Alfonso_Samuel/Documents/pico/pico-sdk/src/rp2_common/hardware_irq/irq.c.obj
                0x10001e38                irq_set_exclusive_handler
 .text.irq_remove_handler
                0x10001e8c      0x1ac CMakeFiles/bmp280_pio.dir/C_/Users/Alfonso_Samuel/Documents/pico/pico-sdk/src/rp2_common/hardware_irq/irq.c.obj
                0x10001e8c                irq_remove_handler
 .text.irq_set_priority
                0x10002038       0x28 CMakeFiles/bmp280_pio.dir/C_/Users/Alfonso_Samuel/Documents/pico/pico-sdk/src/rp2_common/hardware_irq/irq.c.obj
                0x10002038                irq_set_priority
 .text.irq_add_tail_to_free_list
                0x10002060       0xf0 CMakeFiles/bmp280_pio.dir/C_/Users/Alfonso_Samuel/Documents/pico/pico-sdk/src/rp2_common/hardware_irq/irq.c.obj
                0x10002060                irq_add_tail_to_free_list
 .text.irq_init_priorities
                0x10002150       0x16 CMakeFiles/bmp280_pio.dir/C_/Users/Alfonso_Samuel/Documents/pico/pico-sdk/src/rp2_common/hardware_irq/irq.c.obj
                0x10002150                irq_init_priorities
 *fill*         0x10002166        0x2 
 .text.pll_init
                0x10002168      0x118 CMakeFiles/bmp280_pio.dir/C_/Users/Alfonso_Samuel/Documents/pico/pico-sdk/src/rp2_common/hardware_pll/pll.c.obj
                0x10002168                pll_init
 .text.watchdog_start_tick
                0x10002280       0x10 CMakeFiles/bmp280_pio.dir/C_/Users/Alfonso_Samuel/Documents/pico/pico-sdk/src/rp2_common/hardware_watchdog/watchdog.c.obj
                0x10002280                watchdog_start_tick
 .text.watchdog_update
                0x10002290       0x14 CMakeFiles/bmp280_pio.dir/C_/Users/Alfonso_Samuel/Documents/pico/pico-sdk/src/rp2_common/hardware_watchdog/watchdog.c.obj
                0x10002290                watchdog_update
 .text._watchdog_enable
                0x100022a4       0x70 CMakeFiles/bmp280_pio.dir/C_/Users/Alfonso_Samuel/Documents/pico/pico-sdk/src/rp2_common/hardware_watchdog/watchdog.c.obj
                0x100022a4                _watchdog_enable
 .text.watchdog_reboot
                0x10002314       0x48 CMakeFiles/bmp280_pio.dir/C_/Users/Alfonso_Samuel/Documents/pico/pico-sdk/src/rp2_common/hardware_watchdog/watchdog.c.obj
                0x10002314                watchdog_reboot
 .text.xosc_init
                0x1000235c       0x28 CMakeFiles/bmp280_pio.dir/C_/Users/Alfonso_Samuel/Documents/pico/pico-sdk/src/rp2_common/hardware_xosc/xosc.c.obj
                0x1000235c                xosc_init
 .text._out_null
                0x10002384        0x2 CMakeFiles/bmp280_pio.dir/C_/Users/Alfonso_Samuel/Documents/pico/pico-sdk/src/rp2_common/pico_printf/printf.c.obj
 .text._out_fct
                0x10002386        0xe CMakeFiles/bmp280_pio.dir/C_/Users/Alfonso_Samuel/Documents/pico/pico-sdk/src/rp2_common/pico_printf/printf.c.obj
 .text._atoi    0x10002394       0x24 CMakeFiles/bmp280_pio.dir/C_/Users/Alfonso_Samuel/Documents/pico/pico-sdk/src/rp2_common/pico_printf/printf.c.obj
 .text._out_rev
                0x100023b8       0xae CMakeFiles/bmp280_pio.dir/C_/Users/Alfonso_Samuel/Documents/pico/pico-sdk/src/rp2_common/pico_printf/printf.c.obj
 .text._ntoa_format
                0x10002466      0x112 CMakeFiles/bmp280_pio.dir/C_/Users/Alfonso_Samuel/Documents/pico/pico-sdk/src/rp2_common/pico_printf/printf.c.obj
 .text._ntoa_long
                0x10002578       0xbc CMakeFiles/bmp280_pio.dir/C_/Users/Alfonso_Samuel/Documents/pico/pico-sdk/src/rp2_common/pico_printf/printf.c.obj
 .text._ntoa_long_long
                0x10002634       0xe2 CMakeFiles/bmp280_pio.dir/C_/Users/Alfonso_Samuel/Documents/pico/pico-sdk/src/rp2_common/pico_printf/printf.c.obj
 *fill*         0x10002716        0x2 
 .text._etoa    0x10002718      0x414 CMakeFiles/bmp280_pio.dir/C_/Users/Alfonso_Samuel/Documents/pico/pico-sdk/src/rp2_common/pico_printf/printf.c.obj
 .text._ftoa    0x10002b2c      0x354 CMakeFiles/bmp280_pio.dir/C_/Users/Alfonso_Samuel/Documents/pico/pico-sdk/src/rp2_common/pico_printf/printf.c.obj
 .text._vsnprintf
                0x10002e80      0x624 CMakeFiles/bmp280_pio.dir/C_/Users/Alfonso_Samuel/Documents/pico/pico-sdk/src/rp2_common/pico_printf/printf.c.obj
 .text.vfctprintf
                0x100034a4       0x20 CMakeFiles/bmp280_pio.dir/C_/Users/Alfonso_Samuel/Documents/pico/pico-sdk/src/rp2_common/pico_printf/printf.c.obj
                0x100034a4                vfctprintf
 .text          0x100034c4       0x10 CMakeFiles/bmp280_pio.dir/C_/Users/Alfonso_Samuel/Documents/pico/pico-sdk/src/rp2_common/pico_bit_ops/bit_ops_aeabi.S.obj
 .text.ctzsi    0x100034d4        0xc CMakeFiles/bmp280_pio.dir/C_/Users/Alfonso_Samuel/Documents/pico/pico-sdk/src/rp2_common/pico_bit_ops/bit_ops_aeabi.S.obj
                0x100034d4                __wrap___ctzsi2
 .text.rom_func_lookup
                0x100034e0       0x10 CMakeFiles/bmp280_pio.dir/C_/Users/Alfonso_Samuel/Documents/pico/pico-sdk/src/rp2_common/pico_bootrom/bootrom.c.obj
                0x100034e0                rom_func_lookup
 .text.rom_data_lookup
                0x100034f0       0x10 CMakeFiles/bmp280_pio.dir/C_/Users/Alfonso_Samuel/Documents/pico/pico-sdk/src/rp2_common/pico_bootrom/bootrom.c.obj
                0x100034f0                rom_data_lookup
 .text.rom_funcs_lookup
                0x10003500       0x36 CMakeFiles/bmp280_pio.dir/C_/Users/Alfonso_Samuel/Documents/pico/pico-sdk/src/rp2_common/pico_bootrom/bootrom.c.obj
                0x10003500                rom_funcs_lookup
 *fill*         0x10003536        0x2 
 .text.__wrap___aeabi_idiv
                0x10003538       0x50 CMakeFiles/bmp280_pio.dir/C_/Users/Alfonso_Samuel/Documents/pico/pico-sdk/src/rp2_common/pico_divider/divider.S.obj
                0x10003538                __wrap___aeabi_idivmod
                0x10003538                divmod_s32s32
                0x10003538                div_s32s32
                0x10003538                __wrap___aeabi_idiv
                0x10003540                divmod_s32s32_unsafe
                0x1000356c                divmod_s32s32_savestate
 .text.__wrap___aeabi_uidiv
                0x10003588       0x4c CMakeFiles/bmp280_pio.dir/C_/Users/Alfonso_Samuel/Documents/pico/pico-sdk/src/rp2_common/pico_divider/divider.S.obj
                0x10003588                __wrap___aeabi_uidiv
                0x10003588                __wrap___aeabi_uidivmod
                0x10003588                div_u32u32
                0x10003588                divmod_u32u32
                0x10003590                divmod_u32u32_unsafe
                0x100035b8                divmod_u32u32_savestate
 .text.__wrap___aeabi_ldiv
                0x100035d4      0x430 CMakeFiles/bmp280_pio.dir/C_/Users/Alfonso_Samuel/Documents/pico/pico-sdk/src/rp2_common/pico_divider/divider.S.obj
                0x100035d4                div_s64s64
                0x100035d4                divmod_s64s64
                0x100035d4                __wrap___aeabi_ldivmod
                0x1000360c                divmod_u64u64
                0x1000360c                div_u64u64
                0x1000360c                __wrap___aeabi_uldivmod
                0x1000361c                divmod_u64u64_savestate
                0x10003644                divmod_s64s64_unsafe
                0x100036cc                divmod_u64u64_unsafe
 .text.__wrap___aeabi_darithmetic
                0x10003a04       0x80 CMakeFiles/bmp280_pio.dir/C_/Users/Alfonso_Samuel/Documents/pico/pico-sdk/src/rp2_common/pico_double/double_aeabi.S.obj
                0x10003a04                __wrap___aeabi_drsub
                0x10003a0a                __wrap___aeabi_dsub
                0x10003a1c                __wrap___aeabi_dadd
                0x10003a2e                __wrap___aeabi_ddiv
                0x10003a6a                __wrap___aeabi_dmul
 .text.__wrap___aeabi_cdcmple
                0x10003a84       0x6c CMakeFiles/bmp280_pio.dir/C_/Users/Alfonso_Samuel/Documents/pico/pico-sdk/src/rp2_common/pico_double/double_aeabi.S.obj
                0x10003a84                __wrap___aeabi_cdrcmple
                0x10003a94                __wrap___aeabi_cdcmpeq
                0x10003a94                __wrap___aeabi_cdcmple
 .text.__wrap___aeabi_dcmplt
                0x10003af0        0xc CMakeFiles/bmp280_pio.dir/C_/Users/Alfonso_Samuel/Documents/pico/pico-sdk/src/rp2_common/pico_double/double_aeabi.S.obj
                0x10003af0                __wrap___aeabi_dcmplt
 .text.__wrap___aeabi_dcmple
                0x10003afc       0x10 CMakeFiles/bmp280_pio.dir/C_/Users/Alfonso_Samuel/Documents/pico/pico-sdk/src/rp2_common/pico_double/double_aeabi.S.obj
                0x10003afc                __wrap___aeabi_dcmple
 .text.__wrap___aeabi_dcmpge
                0x10003b0c       0x10 CMakeFiles/bmp280_pio.dir/C_/Users/Alfonso_Samuel/Documents/pico/pico-sdk/src/rp2_common/pico_double/double_aeabi.S.obj
                0x10003b0c                __wrap___aeabi_dcmpge
 .text.__wrap___aeabi_dcmpgt
                0x10003b1c        0xa CMakeFiles/bmp280_pio.dir/C_/Users/Alfonso_Samuel/Documents/pico/pico-sdk/src/rp2_common/pico_double/double_aeabi.S.obj
                0x10003b1c                __wrap___aeabi_dcmpgt
 .text.__wrap___aeabi_dcmpun
                0x10003b26       0x1c CMakeFiles/bmp280_pio.dir/C_/Users/Alfonso_Samuel/Documents/pico/pico-sdk/src/rp2_common/pico_double/double_aeabi.S.obj
                0x10003b26                __wrap___aeabi_dcmpun
 *fill*         0x10003b42        0x2 
 .text.__wrap___aeabi_i2d
                0x10003b44       0x38 CMakeFiles/bmp280_pio.dir/C_/Users/Alfonso_Samuel/Documents/pico/pico-sdk/src/rp2_common/pico_double/double_aeabi.S.obj
                0x10003b44                __wrap___aeabi_ui2d
                0x10003b4c                __wrap___aeabi_i2d
 .text.__wrap___aeabi_d2iz
                0x10003b7c       0x48 CMakeFiles/bmp280_pio.dir/C_/Users/Alfonso_Samuel/Documents/pico/pico-sdk/src/rp2_common/pico_double/double_aeabi.S.obj
                0x10003b7c                double2int_z
                0x10003b7c                __wrap___aeabi_d2iz
 .text.__wrap___aeabi_d2uiz
                0x10003bc4       0x18 CMakeFiles/bmp280_pio.dir/C_/Users/Alfonso_Samuel/Documents/pico/pico-sdk/src/rp2_common/pico_double/double_aeabi.S.obj
                0x10003bc4                __wrap___aeabi_d2uiz
                0x10003bc4                double2uint
 .text.__aeabi_double_init
                0x10003bdc       0xb8 CMakeFiles/bmp280_pio.dir/C_/Users/Alfonso_Samuel/Documents/pico/pico-sdk/src/rp2_common/pico_double/double_init_rom.c.obj
                0x10003bdc                __aeabi_double_init
 .text.double_table_shim_on_use_helper
                0x10003c94       0x34 CMakeFiles/bmp280_pio.dir/C_/Users/Alfonso_Samuel/Documents/pico/pico-sdk/src/rp2_common/pico_double/double_v1_rom_shim.S.obj
                0x10003c94                double_table_shim_on_use_helper
 .text.__wrap___aeabi_dsub
                0x10003cc8       0x10 CMakeFiles/bmp280_pio.dir/C_/Users/Alfonso_Samuel/Documents/pico/pico-sdk/src/rp2_common/pico_double/double_v1_rom_shim.S.obj
                0x10003cc8                drsub_shim
                0x10003cce                dsub_shim
 .text.dadd_shim
                0x10003cd8      0x15c CMakeFiles/bmp280_pio.dir/C_/Users/Alfonso_Samuel/Documents/pico/pico-sdk/src/rp2_common/pico_double/double_v1_rom_shim.S.obj
                0x10003cd8                dadd_shim
 .text.dmul_shim
                0x10003e34      0x15c CMakeFiles/bmp280_pio.dir/C_/Users/Alfonso_Samuel/Documents/pico/pico-sdk/src/rp2_common/pico_double/double_v1_rom_shim.S.obj
                0x10003e34                dmul_shim
 .text.ddiv_shim
                0x10003f90      0x1b0 CMakeFiles/bmp280_pio.dir/C_/Users/Alfonso_Samuel/Documents/pico/pico-sdk/src/rp2_common/pico_double/double_v1_rom_shim.S.obj
                0x10003f90                ddiv_shim
 .text.dcordic_rot_step
                0x10004140       0x7c CMakeFiles/bmp280_pio.dir/C_/Users/Alfonso_Samuel/Documents/pico/pico-sdk/src/rp2_common/pico_double/double_v1_rom_shim.S.obj
                0x10004140                dcordic_rot_step
 .text.double2uint_shim
                0x100041bc        0xe CMakeFiles/bmp280_pio.dir/C_/Users/Alfonso_Samuel/Documents/pico/pico-sdk/src/rp2_common/pico_double/double_v1_rom_shim.S.obj
                0x100041bc                double2uint_shim
                0x100041be                double2ufix_shim
 *fill*         0x100041ca        0x2 
 .text.double2uint64_shim
                0x100041cc       0x6c CMakeFiles/bmp280_pio.dir/C_/Users/Alfonso_Samuel/Documents/pico/pico-sdk/src/rp2_common/pico_double/double_v1_rom_shim.S.obj
                0x100041cc                double2uint64_shim
                0x100041ce                double2ufix64_shim
                0x100041e8                d2fix_a
 .text.dunpacks
                0x10004238       0x3c CMakeFiles/bmp280_pio.dir/C_/Users/Alfonso_Samuel/Documents/pico/pico-sdk/src/rp2_common/pico_double/double_v1_rom_shim.S.obj
                0x10004238                dunpacks
 .text.__aeabi_lmul
                0x10004274       0x32 CMakeFiles/bmp280_pio.dir/C_/Users/Alfonso_Samuel/Documents/pico/pico-sdk/src/rp2_common/pico_int64_ops/pico_int64_ops_aeabi.S.obj
                0x10004274                __wrap___aeabi_lmul
 *fill*         0x100042a6        0x2 
 .text.__aeabi_float_init
                0x100042a8       0xfc CMakeFiles/bmp280_pio.dir/C_/Users/Alfonso_Samuel/Documents/pico/pico-sdk/src/rp2_common/pico_float/float_init_rom.c.obj
                0x100042a8                __aeabi_float_init
 .text.float_table_shim_on_use_helper
                0x100043a4       0x34 CMakeFiles/bmp280_pio.dir/C_/Users/Alfonso_Samuel/Documents/pico/pico-sdk/src/rp2_common/pico_float/float_v1_rom_shim.S.obj
                0x100043a4                float_table_shim_on_use_helper
 .text          0x100043d8       0x10 CMakeFiles/bmp280_pio.dir/C_/Users/Alfonso_Samuel/Documents/pico/pico-sdk/src/rp2_common/pico_mem_ops/mem_ops_aeabi.S.obj
                0x100043d8                __aeabi_mem_init
 .text.memset   0x100043e8        0xc CMakeFiles/bmp280_pio.dir/C_/Users/Alfonso_Samuel/Documents/pico/pico-sdk/src/rp2_common/pico_mem_ops/mem_ops_aeabi.S.obj
                0x100043e8                __wrap_memset
 .text.memcpy   0x100043f4        0xc CMakeFiles/bmp280_pio.dir/C_/Users/Alfonso_Samuel/Documents/pico/pico-sdk/src/rp2_common/pico_mem_ops/mem_ops_aeabi.S.obj
                0x100043f4                __wrap_memcpy
                0x100043f4                __wrap___aeabi_memcpy
 .text.stdio_out_chars_crlf
                0x10004400       0x80 CMakeFiles/bmp280_pio.dir/C_/Users/Alfonso_Samuel/Documents/pico/pico-sdk/src/rp2_common/pico_stdio/stdio.c.obj
 .text.stdio_stack_buffer_flush
                0x10004480       0x44 CMakeFiles/bmp280_pio.dir/C_/Users/Alfonso_Samuel/Documents/pico/pico-sdk/src/rp2_common/pico_stdio/stdio.c.obj
 .text.stdio_buffered_printer
                0x100044c4       0x20 CMakeFiles/bmp280_pio.dir/C_/Users/Alfonso_Samuel/Documents/pico/pico-sdk/src/rp2_common/pico_stdio/stdio.c.obj
 .text.stdout_serialize_begin
                0x100044e4       0x30 CMakeFiles/bmp280_pio.dir/C_/Users/Alfonso_Samuel/Documents/pico/pico-sdk/src/rp2_common/pico_stdio/stdio.c.obj
                0x100044e4                stdout_serialize_begin
 .text.stdout_serialize_end
                0x10004514       0x10 CMakeFiles/bmp280_pio.dir/C_/Users/Alfonso_Samuel/Documents/pico/pico-sdk/src/rp2_common/pico_stdio/stdio.c.obj
                0x10004514                stdout_serialize_end
 .text.stdio_put_string
                0x10004524       0x84 CMakeFiles/bmp280_pio.dir/C_/Users/Alfonso_Samuel/Documents/pico/pico-sdk/src/rp2_common/pico_stdio/stdio.c.obj
 .text.stdio_set_driver_enabled
                0x100045a8       0x38 CMakeFiles/bmp280_pio.dir/C_/Users/Alfonso_Samuel/Documents/pico/pico-sdk/src/rp2_common/pico_stdio/stdio.c.obj
                0x100045a8                stdio_set_driver_enabled
 .text.stdio_flush
                0x100045e0       0x20 CMakeFiles/bmp280_pio.dir/C_/Users/Alfonso_Samuel/Documents/pico/pico-sdk/src/rp2_common/pico_stdio/stdio.c.obj
                0x100045e0                stdio_flush
 .text.__wrap_puts
                0x10004600       0x1c CMakeFiles/bmp280_pio.dir/C_/Users/Alfonso_Samuel/Documents/pico/pico-sdk/src/rp2_common/pico_stdio/stdio.c.obj
                0x10004600                __wrap_puts
 .text.__wrap_vprintf
                0x1000461c       0x44 CMakeFiles/bmp280_pio.dir/C_/Users/Alfonso_Samuel/Documents/pico/pico-sdk/src/rp2_common/pico_stdio/stdio.c.obj
                0x1000461c                __wrap_vprintf
 .text.__wrap_printf
                0x10004660       0x18 CMakeFiles/bmp280_pio.dir/C_/Users/Alfonso_Samuel/Documents/pico/pico-sdk/src/rp2_common/pico_stdio/stdio.c.obj
                0x10004660                __wrap_printf
 .text.stdio_init_all
                0x10004678        0x8 CMakeFiles/bmp280_pio.dir/C_/Users/Alfonso_Samuel/Documents/pico/pico-sdk/src/rp2_common/pico_stdio/stdio.c.obj
                0x10004678                stdio_init_all
 .text.resetd_init
                0x10004680        0x2 CMakeFiles/bmp280_pio.dir/C_/Users/Alfonso_Samuel/Documents/pico/pico-sdk/src/rp2_common/pico_stdio_usb/reset_interface.c.obj
 *fill*         0x10004682        0x2 
 .text.resetd_reset
                0x10004684        0xc CMakeFiles/bmp280_pio.dir/C_/Users/Alfonso_Samuel/Documents/pico/pico-sdk/src/rp2_common/pico_stdio_usb/reset_interface.c.obj
 .text.resetd_open
                0x10004690       0x34 CMakeFiles/bmp280_pio.dir/C_/Users/Alfonso_Samuel/Documents/pico/pico-sdk/src/rp2_common/pico_stdio_usb/reset_interface.c.obj
 .text.resetd_xfer_cb
                0x100046c4        0x4 CMakeFiles/bmp280_pio.dir/C_/Users/Alfonso_Samuel/Documents/pico/pico-sdk/src/rp2_common/pico_stdio_usb/reset_interface.c.obj
 .text.reset_usb_boot
                0x100046c8       0x18 CMakeFiles/bmp280_pio.dir/C_/Users/Alfonso_Samuel/Documents/pico/pico-sdk/src/rp2_common/pico_stdio_usb/reset_interface.c.obj
 .text.resetd_control_xfer_cb
                0x100046e0       0x5c CMakeFiles/bmp280_pio.dir/C_/Users/Alfonso_Samuel/Documents/pico/pico-sdk/src/rp2_common/pico_stdio_usb/reset_interface.c.obj
 .text.usbd_app_driver_get_cb
                0x1000473c        0xc CMakeFiles/bmp280_pio.dir/C_/Users/Alfonso_Samuel/Documents/pico/pico-sdk/src/rp2_common/pico_stdio_usb/reset_interface.c.obj
                0x1000473c                usbd_app_driver_get_cb
 .text.tud_cdc_line_coding_cb
                0x10004748       0x28 CMakeFiles/bmp280_pio.dir/C_/Users/Alfonso_Samuel/Documents/pico/pico-sdk/src/rp2_common/pico_stdio_usb/reset_interface.c.obj
                0x10004748                tud_cdc_line_coding_cb
 .text.stdio_usb_in_chars
                0x10004770       0x70 CMakeFiles/bmp280_pio.dir/C_/Users/Alfonso_Samuel/Documents/pico/pico-sdk/src/rp2_common/pico_stdio_usb/stdio_usb.c.obj
                0x10004770                stdio_usb_in_chars
 .text.low_priority_worker_irq
                0x100047e0       0x20 CMakeFiles/bmp280_pio.dir/C_/Users/Alfonso_Samuel/Documents/pico/pico-sdk/src/rp2_common/pico_stdio_usb/stdio_usb.c.obj
 .text.stdio_usb_out_chars
                0x10004800       0xd4 CMakeFiles/bmp280_pio.dir/C_/Users/Alfonso_Samuel/Documents/pico/pico-sdk/src/rp2_common/pico_stdio_usb/stdio_usb.c.obj
 .text.timer_task
                0x100048d4       0x10 CMakeFiles/bmp280_pio.dir/C_/Users/Alfonso_Samuel/Documents/pico/pico-sdk/src/rp2_common/pico_stdio_usb/stdio_usb.c.obj
 .text.stdio_usb_init
                0x100048e4       0xb8 CMakeFiles/bmp280_pio.dir/C_/Users/Alfonso_Samuel/Documents/pico/pico-sdk/src/rp2_common/pico_stdio_usb/stdio_usb.c.obj
                0x100048e4                stdio_usb_init
 .text.tud_descriptor_device_cb
                0x1000499c        0x8 CMakeFiles/bmp280_pio.dir/C_/Users/Alfonso_Samuel/Documents/pico/pico-sdk/src/rp2_common/pico_stdio_usb/stdio_usb_descriptors.c.obj
                0x1000499c                tud_descriptor_device_cb
 .text.tud_descriptor_configuration_cb
                0x100049a4        0x8 CMakeFiles/bmp280_pio.dir/C_/Users/Alfonso_Samuel/Documents/pico/pico-sdk/src/rp2_common/pico_stdio_usb/stdio_usb_descriptors.c.obj
                0x100049a4                tud_descriptor_configuration_cb
 .text.tud_descriptor_string_cb
                0x100049ac       0x68 CMakeFiles/bmp280_pio.dir/C_/Users/Alfonso_Samuel/Documents/pico/pico-sdk/src/rp2_common/pico_stdio_usb/stdio_usb_descriptors.c.obj
                0x100049ac                tud_descriptor_string_cb
 .text.hw_endpoint_get_by_addr
                0x10004a14       0x18 CMakeFiles/bmp280_pio.dir/C_/Users/Alfonso_Samuel/Documents/pico/pico-sdk/lib/tinyusb/src/portable/raspberrypi/rp2040/dcd_rp2040.c.obj
 .text.reset_ep0
                0x10004a2c       0x2c CMakeFiles/bmp280_pio.dir/C_/Users/Alfonso_Samuel/Documents/pico/pico-sdk/lib/tinyusb/src/portable/raspberrypi/rp2040/dcd_rp2040.c.obj
 .text._hw_endpoint_alloc
                0x10004a58       0x80 CMakeFiles/bmp280_pio.dir/C_/Users/Alfonso_Samuel/Documents/pico/pico-sdk/lib/tinyusb/src/portable/raspberrypi/rp2040/dcd_rp2040.c.obj
 .text._hw_endpoint_init
                0x10004ad8       0xbc CMakeFiles/bmp280_pio.dir/C_/Users/Alfonso_Samuel/Documents/pico/pico-sdk/lib/tinyusb/src/portable/raspberrypi/rp2040/dcd_rp2040.c.obj
 .text.hw_endpoint_init
                0x10004b94       0x18 CMakeFiles/bmp280_pio.dir/C_/Users/Alfonso_Samuel/Documents/pico/pico-sdk/lib/tinyusb/src/portable/raspberrypi/rp2040/dcd_rp2040.c.obj
 .text.hw_handle_buff_status
                0x10004bac       0xb4 CMakeFiles/bmp280_pio.dir/C_/Users/Alfonso_Samuel/Documents/pico/pico-sdk/lib/tinyusb/src/portable/raspberrypi/rp2040/dcd_rp2040.c.obj
 .text.dcd_rp2040_irq
                0x10004c60       0xa8 CMakeFiles/bmp280_pio.dir/C_/Users/Alfonso_Samuel/Documents/pico/pico-sdk/lib/tinyusb/src/portable/raspberrypi/rp2040/dcd_rp2040.c.obj
 .text.hw_endpoint_xfer
                0x10004d08       0x18 CMakeFiles/bmp280_pio.dir/C_/Users/Alfonso_Samuel/Documents/pico/pico-sdk/lib/tinyusb/src/portable/raspberrypi/rp2040/dcd_rp2040.c.obj
 .text.ep0_0len_status
                0x10004d20       0x14 CMakeFiles/bmp280_pio.dir/C_/Users/Alfonso_Samuel/Documents/pico/pico-sdk/lib/tinyusb/src/portable/raspberrypi/rp2040/dcd_rp2040.c.obj
 .text._hw_endpoint_stall
                0x10004d34       0x54 CMakeFiles/bmp280_pio.dir/C_/Users/Alfonso_Samuel/Documents/pico/pico-sdk/lib/tinyusb/src/portable/raspberrypi/rp2040/dcd_rp2040.c.obj
 .text.hw_endpoint_stall
                0x10004d88        0xc CMakeFiles/bmp280_pio.dir/C_/Users/Alfonso_Samuel/Documents/pico/pico-sdk/lib/tinyusb/src/portable/raspberrypi/rp2040/dcd_rp2040.c.obj
 .text._hw_endpoint_clear_stall
                0x10004d94       0x34 CMakeFiles/bmp280_pio.dir/C_/Users/Alfonso_Samuel/Documents/pico/pico-sdk/lib/tinyusb/src/portable/raspberrypi/rp2040/dcd_rp2040.c.obj
 .text.hw_endpoint_clear_stall
                0x10004dc8        0xc CMakeFiles/bmp280_pio.dir/C_/Users/Alfonso_Samuel/Documents/pico/pico-sdk/lib/tinyusb/src/portable/raspberrypi/rp2040/dcd_rp2040.c.obj
 .text.dcd_int_enable
                0x10004dd4       0x2c CMakeFiles/bmp280_pio.dir/C_/Users/Alfonso_Samuel/Documents/pico/pico-sdk/lib/tinyusb/src/portable/raspberrypi/rp2040/dcd_rp2040.c.obj
                0x10004dd4                dcd_int_enable
 .text.dcd_set_address
                0x10004e00       0x28 CMakeFiles/bmp280_pio.dir/C_/Users/Alfonso_Samuel/Documents/pico/pico-sdk/lib/tinyusb/src/portable/raspberrypi/rp2040/dcd_rp2040.c.obj
                0x10004e00                dcd_set_address
 .text.dcd_connect
                0x10004e28       0x30 CMakeFiles/bmp280_pio.dir/C_/Users/Alfonso_Samuel/Documents/pico/pico-sdk/lib/tinyusb/src/portable/raspberrypi/rp2040/dcd_rp2040.c.obj
                0x10004e28                dcd_connect
 .text.dcd_init
                0x10004e58       0x84 CMakeFiles/bmp280_pio.dir/C_/Users/Alfonso_Samuel/Documents/pico/pico-sdk/lib/tinyusb/src/portable/raspberrypi/rp2040/dcd_rp2040.c.obj
                0x10004e58                dcd_init
 .text.dcd_edpt0_status_complete
                0x10004edc       0x40 CMakeFiles/bmp280_pio.dir/C_/Users/Alfonso_Samuel/Documents/pico/pico-sdk/lib/tinyusb/src/portable/raspberrypi/rp2040/dcd_rp2040.c.obj
                0x10004edc                dcd_edpt0_status_complete
 .text.dcd_edpt_open
                0x10004f1c       0x40 CMakeFiles/bmp280_pio.dir/C_/Users/Alfonso_Samuel/Documents/pico/pico-sdk/lib/tinyusb/src/portable/raspberrypi/rp2040/dcd_rp2040.c.obj
                0x10004f1c                dcd_edpt_open
 .text.dcd_edpt_xfer
                0x10004f5c       0x34 CMakeFiles/bmp280_pio.dir/C_/Users/Alfonso_Samuel/Documents/pico/pico-sdk/lib/tinyusb/src/portable/raspberrypi/rp2040/dcd_rp2040.c.obj
                0x10004f5c                dcd_edpt_xfer
 .text.dcd_edpt_stall
                0x10004f90       0x28 CMakeFiles/bmp280_pio.dir/C_/Users/Alfonso_Samuel/Documents/pico/pico-sdk/lib/tinyusb/src/portable/raspberrypi/rp2040/dcd_rp2040.c.obj
                0x10004f90                dcd_edpt_stall
 .text.dcd_edpt_clear_stall
                0x10004fb8       0x2c CMakeFiles/bmp280_pio.dir/C_/Users/Alfonso_Samuel/Documents/pico/pico-sdk/lib/tinyusb/src/portable/raspberrypi/rp2040/dcd_rp2040.c.obj
                0x10004fb8                dcd_edpt_clear_stall
 .text.rp2040_usb_init
                0x10004fe4       0x50 CMakeFiles/bmp280_pio.dir/C_/Users/Alfonso_Samuel/Documents/pico/pico-sdk/lib/tinyusb/src/portable/raspberrypi/rp2040/rp2040_usb.c.obj
                0x10004fe4                rp2040_usb_init
 .text.hw_endpoint_reset_transfer
                0x10005034       0x10 CMakeFiles/bmp280_pio.dir/C_/Users/Alfonso_Samuel/Documents/pico/pico-sdk/lib/tinyusb/src/portable/raspberrypi/rp2040/rp2040_usb.c.obj
                0x10005034                hw_endpoint_reset_transfer
 .text._hw_endpoint_buffer_control_update32
                0x10005044       0x58 CMakeFiles/bmp280_pio.dir/C_/Users/Alfonso_Samuel/Documents/pico/pico-sdk/lib/tinyusb/src/portable/raspberrypi/rp2040/rp2040_usb.c.obj
                0x10005044                _hw_endpoint_buffer_control_update32
 .text._hw_endpoint_start_next_buffer
                0x1000509c       0x50 CMakeFiles/bmp280_pio.dir/C_/Users/Alfonso_Samuel/Documents/pico/pico-sdk/lib/tinyusb/src/portable/raspberrypi/rp2040/rp2040_usb.c.obj
                0x1000509c                _hw_endpoint_start_next_buffer
 .text._hw_endpoint_xfer_start
                0x100050ec       0x3e CMakeFiles/bmp280_pio.dir/C_/Users/Alfonso_Samuel/Documents/pico/pico-sdk/lib/tinyusb/src/portable/raspberrypi/rp2040/rp2040_usb.c.obj
                0x100050ec                _hw_endpoint_xfer_start
 *fill*         0x1000512a        0x2 
 .text._hw_endpoint_xfer_sync
                0x1000512c       0x74 CMakeFiles/bmp280_pio.dir/C_/Users/Alfonso_Samuel/Documents/pico/pico-sdk/lib/tinyusb/src/portable/raspberrypi/rp2040/rp2040_usb.c.obj
                0x1000512c                _hw_endpoint_xfer_sync
 .text._hw_endpoint_xfer_continue
                0x100051a0       0x60 CMakeFiles/bmp280_pio.dir/C_/Users/Alfonso_Samuel/Documents/pico/pico-sdk/lib/tinyusb/src/portable/raspberrypi/rp2040/rp2040_usb.c.obj
                0x100051a0                _hw_endpoint_xfer_continue
 .text._hw_endpoint_xfer
                0x10005200       0x34 CMakeFiles/bmp280_pio.dir/C_/Users/Alfonso_Samuel/Documents/pico/pico-sdk/lib/tinyusb/src/portable/raspberrypi/rp2040/rp2040_usb.c.obj
                0x10005200                _hw_endpoint_xfer
 .text.mark_interface_endpoint
                0x10005234       0x2a CMakeFiles/bmp280_pio.dir/C_/Users/Alfonso_Samuel/Documents/pico/pico-sdk/lib/tinyusb/src/device/usbd.c.obj
 *fill*         0x1000525e        0x2 
 .text.usbd_reset
                0x10005260       0x88 CMakeFiles/bmp280_pio.dir/C_/Users/Alfonso_Samuel/Documents/pico/pico-sdk/lib/tinyusb/src/device/usbd.c.obj
 .text.invoke_class_control
                0x100052e8       0x1a CMakeFiles/bmp280_pio.dir/C_/Users/Alfonso_Samuel/Documents/pico/pico-sdk/lib/tinyusb/src/device/usbd.c.obj
 *fill*         0x10005302        0x2 
 .text.process_set_config
                0x10005304      0x1d4 CMakeFiles/bmp280_pio.dir/C_/Users/Alfonso_Samuel/Documents/pico/pico-sdk/lib/tinyusb/src/device/usbd.c.obj
 .text.process_get_descriptor
                0x100054d8       0xf8 CMakeFiles/bmp280_pio.dir/C_/Users/Alfonso_Samuel/Documents/pico/pico-sdk/lib/tinyusb/src/device/usbd.c.obj
 .text.tud_mounted
                0x100055d0       0x10 CMakeFiles/bmp280_pio.dir/C_/Users/Alfonso_Samuel/Documents/pico/pico-sdk/lib/tinyusb/src/device/usbd.c.obj
                0x100055d0                tud_mounted
 .text.tud_suspended
                0x100055e0       0x10 CMakeFiles/bmp280_pio.dir/C_/Users/Alfonso_Samuel/Documents/pico/pico-sdk/lib/tinyusb/src/device/usbd.c.obj
                0x100055e0                tud_suspended
 .text.tud_inited
                0x100055f0        0xc CMakeFiles/bmp280_pio.dir/C_/Users/Alfonso_Samuel/Documents/pico/pico-sdk/lib/tinyusb/src/device/usbd.c.obj
                0x100055f0                tud_inited
 .text.tud_init
                0x100055fc       0xcc CMakeFiles/bmp280_pio.dir/C_/Users/Alfonso_Samuel/Documents/pico/pico-sdk/lib/tinyusb/src/device/usbd.c.obj
                0x100055fc                tud_init
 .text.dcd_event_handler
                0x100056c8      0x174 CMakeFiles/bmp280_pio.dir/C_/Users/Alfonso_Samuel/Documents/pico/pico-sdk/lib/tinyusb/src/device/usbd.c.obj
                0x100056c8                dcd_event_handler
 .text.dcd_event_bus_signal
                0x1000583c       0x26 CMakeFiles/bmp280_pio.dir/C_/Users/Alfonso_Samuel/Documents/pico/pico-sdk/lib/tinyusb/src/device/usbd.c.obj
                0x1000583c                dcd_event_bus_signal
 .text.dcd_event_bus_reset
                0x10005862       0x2a CMakeFiles/bmp280_pio.dir/C_/Users/Alfonso_Samuel/Documents/pico/pico-sdk/lib/tinyusb/src/device/usbd.c.obj
                0x10005862                dcd_event_bus_reset
 .text.dcd_event_setup_received
                0x1000588c       0x34 CMakeFiles/bmp280_pio.dir/C_/Users/Alfonso_Samuel/Documents/pico/pico-sdk/lib/tinyusb/src/device/usbd.c.obj
                0x1000588c                dcd_event_setup_received
 .text.dcd_event_xfer_complete
                0x100058c0       0x44 CMakeFiles/bmp280_pio.dir/C_/Users/Alfonso_Samuel/Documents/pico/pico-sdk/lib/tinyusb/src/device/usbd.c.obj
                0x100058c0                dcd_event_xfer_complete
 .text.usbd_edpt_open
                0x10005904       0xe0 CMakeFiles/bmp280_pio.dir/C_/Users/Alfonso_Samuel/Documents/pico/pico-sdk/lib/tinyusb/src/device/usbd.c.obj
                0x10005904                usbd_edpt_open
 .text.usbd_open_edpt_pair
                0x100059e4       0x8c CMakeFiles/bmp280_pio.dir/C_/Users/Alfonso_Samuel/Documents/pico/pico-sdk/lib/tinyusb/src/device/usbd.c.obj
                0x100059e4                usbd_open_edpt_pair
 .text.usbd_edpt_claim
                0x10005a70       0x8c CMakeFiles/bmp280_pio.dir/C_/Users/Alfonso_Samuel/Documents/pico/pico-sdk/lib/tinyusb/src/device/usbd.c.obj
                0x10005a70                usbd_edpt_claim
 .text.usbd_edpt_release
                0x10005afc       0x68 CMakeFiles/bmp280_pio.dir/C_/Users/Alfonso_Samuel/Documents/pico/pico-sdk/lib/tinyusb/src/device/usbd.c.obj
                0x10005afc                usbd_edpt_release
 .text.usbd_edpt_xfer
                0x10005b64       0x80 CMakeFiles/bmp280_pio.dir/C_/Users/Alfonso_Samuel/Documents/pico/pico-sdk/lib/tinyusb/src/device/usbd.c.obj
                0x10005b64                usbd_edpt_xfer
 .text.usbd_edpt_stall
                0x10005be4       0x2c CMakeFiles/bmp280_pio.dir/C_/Users/Alfonso_Samuel/Documents/pico/pico-sdk/lib/tinyusb/src/device/usbd.c.obj
                0x10005be4                usbd_edpt_stall
 .text.usbd_edpt_clear_stall
                0x10005c10       0x2c CMakeFiles/bmp280_pio.dir/C_/Users/Alfonso_Samuel/Documents/pico/pico-sdk/lib/tinyusb/src/device/usbd.c.obj
                0x10005c10                usbd_edpt_clear_stall
 .text.usbd_edpt_stalled
                0x10005c3c       0x1c CMakeFiles/bmp280_pio.dir/C_/Users/Alfonso_Samuel/Documents/pico/pico-sdk/lib/tinyusb/src/device/usbd.c.obj
                0x10005c3c                usbd_edpt_stalled
 .text.process_control_request
                0x10005c58      0x380 CMakeFiles/bmp280_pio.dir/C_/Users/Alfonso_Samuel/Documents/pico/pico-sdk/lib/tinyusb/src/device/usbd.c.obj
 .text.tud_task
                0x10005fd8      0x204 CMakeFiles/bmp280_pio.dir/C_/Users/Alfonso_Samuel/Documents/pico/pico-sdk/lib/tinyusb/src/device/usbd.c.obj
                0x10005fd8                tud_task
 .text._data_stage_xact
                0x100061dc       0x58 CMakeFiles/bmp280_pio.dir/C_/Users/Alfonso_Samuel/Documents/pico/pico-sdk/lib/tinyusb/src/device/usbd_control.c.obj
 .text.tud_control_status
                0x10006234       0x38 CMakeFiles/bmp280_pio.dir/C_/Users/Alfonso_Samuel/Documents/pico/pico-sdk/lib/tinyusb/src/device/usbd_control.c.obj
                0x10006234                tud_control_status
 .text.tud_control_xfer
                0x1000626c       0xa8 CMakeFiles/bmp280_pio.dir/C_/Users/Alfonso_Samuel/Documents/pico/pico-sdk/lib/tinyusb/src/device/usbd_control.c.obj
                0x1000626c                tud_control_xfer
 .text.usbd_control_reset
                0x10006314       0x14 CMakeFiles/bmp280_pio.dir/C_/Users/Alfonso_Samuel/Documents/pico/pico-sdk/lib/tinyusb/src/device/usbd_control.c.obj
                0x10006314                usbd_control_reset
 .text.usbd_control_set_complete_callback
                0x10006328        0xc CMakeFiles/bmp280_pio.dir/C_/Users/Alfonso_Samuel/Documents/pico/pico-sdk/lib/tinyusb/src/device/usbd_control.c.obj
                0x10006328                usbd_control_set_complete_callback
 .text.usbd_control_set_request
                0x10006334       0x1c CMakeFiles/bmp280_pio.dir/C_/Users/Alfonso_Samuel/Documents/pico/pico-sdk/lib/tinyusb/src/device/usbd_control.c.obj
                0x10006334                usbd_control_set_request
 .text.usbd_control_xfer_cb
                0x10006350       0xfc CMakeFiles/bmp280_pio.dir/C_/Users/Alfonso_Samuel/Documents/pico/pico-sdk/lib/tinyusb/src/device/usbd_control.c.obj
                0x10006350                usbd_control_xfer_cb
 .text._prep_out_transaction
                0x1000644c       0x46 CMakeFiles/bmp280_pio.dir/C_/Users/Alfonso_Samuel/Documents/pico/pico-sdk/lib/tinyusb/src/class/cdc/cdc_device.c.obj
 *fill*         0x10006492        0x2 
 .text.tud_cdc_n_connected
                0x10006494       0x44 CMakeFiles/bmp280_pio.dir/C_/Users/Alfonso_Samuel/Documents/pico/pico-sdk/lib/tinyusb/src/class/cdc/cdc_device.c.obj
                0x10006494                tud_cdc_n_connected
 .text.tud_cdc_n_available
                0x100064d8       0x18 CMakeFiles/bmp280_pio.dir/C_/Users/Alfonso_Samuel/Documents/pico/pico-sdk/lib/tinyusb/src/class/cdc/cdc_device.c.obj
                0x100064d8                tud_cdc_n_available
 .text.tud_cdc_n_read
                0x100064f0       0x28 CMakeFiles/bmp280_pio.dir/C_/Users/Alfonso_Samuel/Documents/pico/pico-sdk/lib/tinyusb/src/class/cdc/cdc_device.c.obj
                0x100064f0                tud_cdc_n_read
 .text.tud_cdc_n_write_flush
                0x10006518       0xcc CMakeFiles/bmp280_pio.dir/C_/Users/Alfonso_Samuel/Documents/pico/pico-sdk/lib/tinyusb/src/class/cdc/cdc_device.c.obj
                0x10006518                tud_cdc_n_write_flush
 .text.tud_cdc_n_write
                0x100065e4       0x38 CMakeFiles/bmp280_pio.dir/C_/Users/Alfonso_Samuel/Documents/pico/pico-sdk/lib/tinyusb/src/class/cdc/cdc_device.c.obj
                0x100065e4                tud_cdc_n_write
 .text.tud_cdc_n_write_available
                0x1000661c       0x1c CMakeFiles/bmp280_pio.dir/C_/Users/Alfonso_Samuel/Documents/pico/pico-sdk/lib/tinyusb/src/class/cdc/cdc_device.c.obj
                0x1000661c                tud_cdc_n_write_available
 .text.cdcd_init
                0x10006638       0xbc CMakeFiles/bmp280_pio.dir/C_/Users/Alfonso_Samuel/Documents/pico/pico-sdk/lib/tinyusb/src/class/cdc/cdc_device.c.obj
                0x10006638                cdcd_init
 .text.cdcd_reset
                0x100066f4       0x44 CMakeFiles/bmp280_pio.dir/C_/Users/Alfonso_Samuel/Documents/pico/pico-sdk/lib/tinyusb/src/class/cdc/cdc_device.c.obj
                0x100066f4                cdcd_reset
 .text.cdcd_open
                0x10006738      0x10c CMakeFiles/bmp280_pio.dir/C_/Users/Alfonso_Samuel/Documents/pico/pico-sdk/lib/tinyusb/src/class/cdc/cdc_device.c.obj
                0x10006738                cdcd_open
 .text.cdcd_control_xfer_cb
                0x10006844      0x134 CMakeFiles/bmp280_pio.dir/C_/Users/Alfonso_Samuel/Documents/pico/pico-sdk/lib/tinyusb/src/class/cdc/cdc_device.c.obj
                0x10006844                cdcd_control_xfer_cb
 .text.cdcd_xfer_cb
                0x10006978      0x144 CMakeFiles/bmp280_pio.dir/C_/Users/Alfonso_Samuel/Documents/pico/pico-sdk/lib/tinyusb/src/class/cdc/cdc_device.c.obj
                0x10006978                cdcd_xfer_cb
 .text.tusb_init
                0x10006abc       0x24 CMakeFiles/bmp280_pio.dir/C_/Users/Alfonso_Samuel/Documents/pico/pico-sdk/lib/tinyusb/src/tusb.c.obj
                0x10006abc                tusb_init
 .text.tusb_inited
                0x10006ae0        0xe CMakeFiles/bmp280_pio.dir/C_/Users/Alfonso_Samuel/Documents/pico/pico-sdk/lib/tinyusb/src/tusb.c.obj
                0x10006ae0                tusb_inited
 .text.advance_pointer
                0x10006aee       0x1e CMakeFiles/bmp280_pio.dir/C_/Users/Alfonso_Samuel/Documents/pico/pico-sdk/lib/tinyusb/src/common/tusb_fifo.c.obj
 .text.backward_pointer
                0x10006b0c       0x1a CMakeFiles/bmp280_pio.dir/C_/Users/Alfonso_Samuel/Documents/pico/pico-sdk/lib/tinyusb/src/common/tusb_fifo.c.obj
 .text.get_relative_pointer
                0x10006b26       0x10 CMakeFiles/bmp280_pio.dir/C_/Users/Alfonso_Samuel/Documents/pico/pico-sdk/lib/tinyusb/src/common/tusb_fifo.c.obj
 .text._tu_fifo_peek
                0x10006b36       0x50 CMakeFiles/bmp280_pio.dir/C_/Users/Alfonso_Samuel/Documents/pico/pico-sdk/lib/tinyusb/src/common/tusb_fifo.c.obj
 .text._ff_pull_const_addr
                0x10006b86       0x4c CMakeFiles/bmp280_pio.dir/C_/Users/Alfonso_Samuel/Documents/pico/pico-sdk/lib/tinyusb/src/common/tusb_fifo.c.obj
 .text._ff_pull_n
                0x10006bd2      0x10c CMakeFiles/bmp280_pio.dir/C_/Users/Alfonso_Samuel/Documents/pico/pico-sdk/lib/tinyusb/src/common/tusb_fifo.c.obj
 .text._tu_fifo_peek_n
                0x10006cde       0x5e CMakeFiles/bmp280_pio.dir/C_/Users/Alfonso_Samuel/Documents/pico/pico-sdk/lib/tinyusb/src/common/tusb_fifo.c.obj
 .text._tu_fifo_read_n
                0x10006d3c       0x4e CMakeFiles/bmp280_pio.dir/C_/Users/Alfonso_Samuel/Documents/pico/pico-sdk/lib/tinyusb/src/common/tusb_fifo.c.obj
 .text._ff_push_const_addr
                0x10006d8a       0x40 CMakeFiles/bmp280_pio.dir/C_/Users/Alfonso_Samuel/Documents/pico/pico-sdk/lib/tinyusb/src/common/tusb_fifo.c.obj
 .text._ff_push_n
                0x10006dca      0x108 CMakeFiles/bmp280_pio.dir/C_/Users/Alfonso_Samuel/Documents/pico/pico-sdk/lib/tinyusb/src/common/tusb_fifo.c.obj
 .text._tu_fifo_write_n
                0x10006ed2       0x9e CMakeFiles/bmp280_pio.dir/C_/Users/Alfonso_Samuel/Documents/pico/pico-sdk/lib/tinyusb/src/common/tusb_fifo.c.obj
 .text.tu_fifo_config
                0x10006f70       0x72 CMakeFiles/bmp280_pio.dir/C_/Users/Alfonso_Samuel/Documents/pico/pico-sdk/lib/tinyusb/src/common/tusb_fifo.c.obj
                0x10006f70                tu_fifo_config
 .text.tu_fifo_count
                0x10006fe2       0x26 CMakeFiles/bmp280_pio.dir/C_/Users/Alfonso_Samuel/Documents/pico/pico-sdk/lib/tinyusb/src/common/tusb_fifo.c.obj
                0x10006fe2                tu_fifo_count
 .text.tu_fifo_empty
                0x10007008       0x10 CMakeFiles/bmp280_pio.dir/C_/Users/Alfonso_Samuel/Documents/pico/pico-sdk/lib/tinyusb/src/common/tusb_fifo.c.obj
                0x10007008                tu_fifo_empty
 .text.tu_fifo_remaining
                0x10007018       0x20 CMakeFiles/bmp280_pio.dir/C_/Users/Alfonso_Samuel/Documents/pico/pico-sdk/lib/tinyusb/src/common/tusb_fifo.c.obj
                0x10007018                tu_fifo_remaining
 .text.tu_fifo_read
                0x10007038       0x42 CMakeFiles/bmp280_pio.dir/C_/Users/Alfonso_Samuel/Documents/pico/pico-sdk/lib/tinyusb/src/common/tusb_fifo.c.obj
                0x10007038                tu_fifo_read
 .text.tu_fifo_read_n
                0x1000707a        0xa CMakeFiles/bmp280_pio.dir/C_/Users/Alfonso_Samuel/Documents/pico/pico-sdk/lib/tinyusb/src/common/tusb_fifo.c.obj
                0x1000707a                tu_fifo_read_n
 .text.tu_fifo_write
                0x10007084       0x6c CMakeFiles/bmp280_pio.dir/C_/Users/Alfonso_Samuel/Documents/pico/pico-sdk/lib/tinyusb/src/common/tusb_fifo.c.obj
                0x10007084                tu_fifo_write
 .text.tu_fifo_write_n
                0x100070f0        0xa CMakeFiles/bmp280_pio.dir/C_/Users/Alfonso_Samuel/Documents/pico/pico-sdk/lib/tinyusb/src/common/tusb_fifo.c.obj
                0x100070f0                tu_fifo_write_n
 .text.tu_fifo_clear
                0x100070fa       0x4c CMakeFiles/bmp280_pio.dir/C_/Users/Alfonso_Samuel/Documents/pico/pico-sdk/lib/tinyusb/src/common/tusb_fifo.c.obj
                0x100070fa                tu_fifo_clear
 .text.tu_fifo_set_overwritable
                0x10007146       0x3c CMakeFiles/bmp280_pio.dir/C_/Users/Alfonso_Samuel/Documents/pico/pico-sdk/lib/tinyusb/src/common/tusb_fifo.c.obj
                0x10007146                tu_fifo_set_overwritable
 *fill*         0x10007182        0x2 
 .text._retrieve_unique_id_on_boot
                0x10007184       0x10 CMakeFiles/bmp280_pio.dir/C_/Users/Alfonso_Samuel/Documents/pico/pico-sdk/src/rp2_common/pico_unique_id/unique_id.c.obj
 .text.pico_get_unique_board_id_string
                0x10007194       0x60 CMakeFiles/bmp280_pio.dir/C_/Users/Alfonso_Samuel/Documents/pico/pico-sdk/src/rp2_common/pico_unique_id/unique_id.c.obj
                0x10007194                pico_get_unique_board_id_string
 .text.flash_get_unique_id
                0x100071f4       0x46 CMakeFiles/bmp280_pio.dir/C_/Users/Alfonso_Samuel/Documents/pico/pico-sdk/src/rp2_common/hardware_flash/flash.c.obj
                0x100071f4                flash_get_unique_id
 *fill*         0x1000723a        0x2 
 .text._pio_can_add_program_at_offset
                0x1000723c       0x3c CMakeFiles/bmp280_pio.dir/C_/Users/Alfonso_Samuel/Documents/pico/pico-sdk/src/rp2_common/hardware_pio/pio.c.obj
 .text._pio_find_offset_for_program
                0x10007278       0x7c CMakeFiles/bmp280_pio.dir/C_/Users/Alfonso_Samuel/Documents/pico/pico-sdk/src/rp2_common/hardware_pio/pio.c.obj
 .text._pio_add_program_at_offset
                0x100072f4       0x78 CMakeFiles/bmp280_pio.dir/C_/Users/Alfonso_Samuel/Documents/pico/pico-sdk/src/rp2_common/hardware_pio/pio.c.obj
 .text.pio_add_program
                0x1000736c       0x38 CMakeFiles/bmp280_pio.dir/C_/Users/Alfonso_Samuel/Documents/pico/pico-sdk/src/rp2_common/hardware_pio/pio.c.obj
                0x1000736c                pio_add_program
 .text.pio_sm_set_pins_with_mask
                0x100073a4       0x6c CMakeFiles/bmp280_pio.dir/C_/Users/Alfonso_Samuel/Documents/pico/pico-sdk/src/rp2_common/hardware_pio/pio.c.obj
                0x100073a4                pio_sm_set_pins_with_mask
 .text.pio_sm_set_pindirs_with_mask
                0x10007410       0x70 CMakeFiles/bmp280_pio.dir/C_/Users/Alfonso_Samuel/Documents/pico/pico-sdk/src/rp2_common/hardware_pio/pio.c.obj
                0x10007410                pio_sm_set_pindirs_with_mask
 .text.pio_sm_init
                0x10007480       0xe4 CMakeFiles/bmp280_pio.dir/C_/Users/Alfonso_Samuel/Documents/pico/pico-sdk/src/rp2_common/hardware_pio/pio.c.obj
                0x10007480                pio_sm_init
 .text.strlen   0x10007564       0x5c c:/progra~2/gnuarm~1/102020~1/bin/../lib/gcc/arm-none-eabi/10.2.1/../../../../arm-none-eabi/lib/thumb/v6-m/nofp\libg.a(lib_a-strlen-stub.o)
                0x10007564                strlen
 *(.fini)
 .fini          0x100075c0        0x4 c:/progra~2/gnuarm~1/102020~1/bin/../lib/gcc/arm-none-eabi/10.2.1/thumb/v6-m/nofp/crti.o
                0x100075c0                _fini
 *fill*         0x100075c4        0x4 
 .fini.__stub   0x100075c8       0x90 linker stubs
 *crtbegin.o(.ctors)
 *crtbegin?.o(.ctors)
 *(EXCLUDE_FILE(*crtend.o *crtend?.o) .ctors)
 *(SORT_BY_NAME(.ctors.*))
 *(.ctors)
 *crtbegin.o(.dtors)
 *crtbegin?.o(.dtors)
 *(EXCLUDE_FILE(*crtend.o *crtend?.o) .dtors)
 *(SORT_BY_NAME(.dtors.*))
 *(.dtors)
 *(.eh_frame*)
 .eh_frame      0x10007658        0x0 c:/progra~2/gnuarm~1/102020~1/bin/../lib/gcc/arm-none-eabi/10.2.1/thumb/v6-m/nofp/crtbegin.o
                0x10007658                . = ALIGN (0x4)

.glue_7         0x10007658        0x0
 .glue_7        0x10007658        0x0 linker stubs

.glue_7t        0x10007658        0x0
 .glue_7t       0x10007658        0x0 linker stubs

.vfp11_veneer   0x10007658        0x0
 .vfp11_veneer  0x10007658        0x0 linker stubs

.v4_bx          0x10007658        0x0
 .v4_bx         0x10007658        0x0 linker stubs

.iplt           0x10007658        0x0
 .iplt          0x10007658        0x0 c:/progra~2/gnuarm~1/102020~1/bin/../lib/gcc/arm-none-eabi/10.2.1/thumb/v6-m/nofp/crtbegin.o

.rodata         0x10007658     0x1850
 *(EXCLUDE_FILE(*libm.a: *libc.a:*lib_a-mem*.o *libgcc.a:) .rodata*)
 .rodata.main.str1.4
                0x10007658       0x27 CMakeFiles/bmp280_pio.dir/bmp280_pio.c.obj
 *fill*         0x1000767f        0x1 
 .rodata        0x10007680       0x17 CMakeFiles/bmp280_pio.dir/bmp280_pio.c.obj
 *fill*         0x10007697        0x1 
 .rodata.spi_cpha0_program
                0x10007698        0x6 CMakeFiles/bmp280_pio.dir/bmp280_pio.c.obj
 *fill*         0x1000769e        0x2 
 .rodata.spi_cpha0_program_instructions
                0x100076a0        0x4 CMakeFiles/bmp280_pio.dir/bmp280_pio.c.obj
 .rodata.spin_lock_claim_unused.str1.4
                0x100076a4       0x1b CMakeFiles/bmp280_pio.dir/C_/Users/Alfonso_Samuel/Documents/pico/pico-sdk/src/rp2_common/hardware_sync/sync.c.obj
 *fill*         0x100076bf        0x1 
 .rodata.repeating_timer_callback.str1.4
                0x100076c0       0x60 CMakeFiles/bmp280_pio.dir/C_/Users/Alfonso_Samuel/Documents/pico/pico-sdk/src/common/pico_time/time.c.obj
 .rodata.alarm_pool_dump_key.str1.4
                0x10007720       0x33 CMakeFiles/bmp280_pio.dir/C_/Users/Alfonso_Samuel/Documents/pico/pico-sdk/src/common/pico_time/time.c.obj
 *fill*         0x10007753        0x1 
 .rodata.ph_add_child_node.str1.4
                0x10007754       0xa2 CMakeFiles/bmp280_pio.dir/C_/Users/Alfonso_Samuel/Documents/pico/pico-sdk/src/common/pico_time/time.c.obj
 *fill*         0x100077f6        0x2 
 .rodata.add_alarm_under_lock.str1.4
                0x100077f8       0x28 CMakeFiles/bmp280_pio.dir/C_/Users/Alfonso_Samuel/Documents/pico/pico-sdk/src/common/pico_time/time.c.obj
                                 0x2b (size before relaxing)
 .rodata.alarm_pool_alarm_callback.str1.4
                0x10007820       0xf2 CMakeFiles/bmp280_pio.dir/C_/Users/Alfonso_Samuel/Documents/pico/pico-sdk/src/common/pico_time/time.c.obj
 *fill*         0x10007912        0x2 
 .rodata.alarm_pool_get_default.str1.4
                0x10007914       0x21 CMakeFiles/bmp280_pio.dir/C_/Users/Alfonso_Samuel/Documents/pico/pico-sdk/src/common/pico_time/time.c.obj
 *fill*         0x10007935        0x3 
 .rodata.alarm_pool_cancel_alarm.str1.4
                0x10007938       0x27 CMakeFiles/bmp280_pio.dir/C_/Users/Alfonso_Samuel/Documents/pico/pico-sdk/src/common/pico_time/time.c.obj
 *fill*         0x1000795f        0x1 
 .rodata.sleep_until.str1.4
                0x10007960       0x4d CMakeFiles/bmp280_pio.dir/C_/Users/Alfonso_Samuel/Documents/pico/pico-sdk/src/common/pico_time/time.c.obj
 *fill*         0x100079ad        0x3 
 .rodata.__func__.1
                0x100079b0       0x18 CMakeFiles/bmp280_pio.dir/C_/Users/Alfonso_Samuel/Documents/pico/pico-sdk/src/common/pico_time/time.c.obj
 .rodata.__func__.10
                0x100079c8       0x15 CMakeFiles/bmp280_pio.dir/C_/Users/Alfonso_Samuel/Documents/pico/pico-sdk/src/common/pico_time/time.c.obj
 *fill*         0x100079dd        0x3 
 .rodata.__func__.11
                0x100079e0       0x1a CMakeFiles/bmp280_pio.dir/C_/Users/Alfonso_Samuel/Documents/pico/pico-sdk/src/common/pico_time/time.c.obj
 *fill*         0x100079fa        0x2 
 .rodata.__func__.12
                0x100079fc        0xa CMakeFiles/bmp280_pio.dir/C_/Users/Alfonso_Samuel/Documents/pico/pico-sdk/src/common/pico_time/time.c.obj
 *fill*         0x10007a06        0x2 
 .rodata.__func__.3
                0x10007a08       0x17 CMakeFiles/bmp280_pio.dir/C_/Users/Alfonso_Samuel/Documents/pico/pico-sdk/src/common/pico_time/time.c.obj
 *fill*         0x10007a1f        0x1 
 .rodata.__func__.4
                0x10007a20       0x12 CMakeFiles/bmp280_pio.dir/C_/Users/Alfonso_Samuel/Documents/pico/pico-sdk/src/common/pico_time/time.c.obj
 *fill*         0x10007a32        0x2 
 .rodata.__func__.5
                0x10007a34        0xd CMakeFiles/bmp280_pio.dir/C_/Users/Alfonso_Samuel/Documents/pico/pico-sdk/src/common/pico_time/time.c.obj
 *fill*         0x10007a41        0x3 
 .rodata.__func__.6
                0x10007a44       0x12 CMakeFiles/bmp280_pio.dir/C_/Users/Alfonso_Samuel/Documents/pico/pico-sdk/src/common/pico_time/time.c.obj
 *fill*         0x10007a56        0x2 
 .rodata.__func__.7
                0x10007a58        0xf CMakeFiles/bmp280_pio.dir/C_/Users/Alfonso_Samuel/Documents/pico/pico-sdk/src/common/pico_time/time.c.obj
 *fill*         0x10007a67        0x1 
 .rodata.__func__.8
                0x10007a68        0xc CMakeFiles/bmp280_pio.dir/C_/Users/Alfonso_Samuel/Documents/pico/pico-sdk/src/common/pico_time/time.c.obj
 .rodata.__func__.9
                0x10007a74       0x15 CMakeFiles/bmp280_pio.dir/C_/Users/Alfonso_Samuel/Documents/pico/pico-sdk/src/common/pico_time/time.c.obj
 *fill*         0x10007a89        0x3 
 .rodata.hardware_alarm_claim.str1.4
                0x10007a8c       0x22 CMakeFiles/bmp280_pio.dir/C_/Users/Alfonso_Samuel/Documents/pico/pico-sdk/src/rp2_common/hardware_timer/timer.c.obj
 *fill*         0x10007aae        0x2 
 .rodata.hardware_alarm_set_target.str1.4
                0x10007ab0       0x7a CMakeFiles/bmp280_pio.dir/C_/Users/Alfonso_Samuel/Documents/pico/pico-sdk/src/rp2_common/hardware_timer/timer.c.obj
 *fill*         0x10007b2a        0x2 
 .rodata.__func__.0
                0x10007b2c       0x1a CMakeFiles/bmp280_pio.dir/C_/Users/Alfonso_Samuel/Documents/pico/pico-sdk/src/rp2_common/hardware_timer/timer.c.obj
 *fill*         0x10007b46        0x2 
 .rodata.str1.4
                0x10007b48       0xc9 CMakeFiles/bmp280_pio.dir/C_/Users/Alfonso_Samuel/Documents/pico/pico-sdk/src/common/pico_sync/mutex.c.obj
                                0x139 (size before relaxing)
 *fill*         0x10007c11        0x3 
 .rodata.__func__.0
                0x10007c14        0xb CMakeFiles/bmp280_pio.dir/C_/Users/Alfonso_Samuel/Documents/pico/pico-sdk/src/common/pico_sync/mutex.c.obj
 *fill*         0x10007c1f        0x1 
 .rodata.__func__.1
                0x10007c20       0x18 CMakeFiles/bmp280_pio.dir/C_/Users/Alfonso_Samuel/Documents/pico/pico-sdk/src/common/pico_sync/mutex.c.obj
 .rodata.__func__.2
                0x10007c38       0x15 CMakeFiles/bmp280_pio.dir/C_/Users/Alfonso_Samuel/Documents/pico/pico-sdk/src/common/pico_sync/mutex.c.obj
 *fill*         0x10007c4d        0x3 
 .rodata.__func__.3
                0x10007c50       0x15 CMakeFiles/bmp280_pio.dir/C_/Users/Alfonso_Samuel/Documents/pico/pico-sdk/src/common/pico_sync/mutex.c.obj
 .rodata.ph_add_child_node.str1.4
                0x10007c65       0xa2 CMakeFiles/bmp280_pio.dir/C_/Users/Alfonso_Samuel/Documents/pico/pico-sdk/src/common/pico_util/pheap.c.obj
 *fill*         0x10007c65        0x3 
 .rodata.ph_remove_any_head.str1.4
                0x10007c68       0xa4 CMakeFiles/bmp280_pio.dir/C_/Users/Alfonso_Samuel/Documents/pico/pico-sdk/src/common/pico_util/pheap.c.obj
 .rodata.ph_remove_and_free_node.str1.4
                0x10007d0c       0x26 CMakeFiles/bmp280_pio.dir/C_/Users/Alfonso_Samuel/Documents/pico/pico-sdk/src/common/pico_util/pheap.c.obj
 *fill*         0x10007d32        0x2 
 .rodata.__func__.0
                0x10007d34       0x18 CMakeFiles/bmp280_pio.dir/C_/Users/Alfonso_Samuel/Documents/pico/pico-sdk/src/common/pico_util/pheap.c.obj
 .rodata.__func__.1
                0x10007d4c       0x13 CMakeFiles/bmp280_pio.dir/C_/Users/Alfonso_Samuel/Documents/pico/pico-sdk/src/common/pico_util/pheap.c.obj
 *fill*         0x10007d5f        0x1 
 .rodata.__func__.2
                0x10007d60       0x12 CMakeFiles/bmp280_pio.dir/C_/Users/Alfonso_Samuel/Documents/pico/pico-sdk/src/common/pico_util/pheap.c.obj
 *fill*         0x10007d72        0x2 
 .rodata.__func__.3
                0x10007d74        0xc CMakeFiles/bmp280_pio.dir/C_/Users/Alfonso_Samuel/Documents/pico/pico-sdk/src/common/pico_util/pheap.c.obj
 .rodata.__assert_func.str1.4
                0x10007d80       0x3f CMakeFiles/bmp280_pio.dir/C_/Users/Alfonso_Samuel/Documents/pico/pico-sdk/src/rp2_common/pico_runtime/runtime.c.obj
                                 0x43 (size before relaxing)
 *fill*         0x10007dbf        0x1 
 .rodata.panic.str1.4
                0x10007dc0       0x10 CMakeFiles/bmp280_pio.dir/C_/Users/Alfonso_Samuel/Documents/pico/pico-sdk/src/rp2_common/pico_runtime/runtime.c.obj
                                 0x12 (size before relaxing)
 .rodata.clock_configure.str1.4
                0x10007dd0       0x6c CMakeFiles/bmp280_pio.dir/C_/Users/Alfonso_Samuel/Documents/pico/pico-sdk/src/rp2_common/hardware_clocks/clocks.c.obj
 .rodata.__func__.1
                0x10007e3c       0x10 CMakeFiles/bmp280_pio.dir/C_/Users/Alfonso_Samuel/Documents/pico/pico-sdk/src/rp2_common/hardware_clocks/clocks.c.obj
 .rodata.make_branch.str1.4
                0x10007e4c       0x62 CMakeFiles/bmp280_pio.dir/C_/Users/Alfonso_Samuel/Documents/pico/pico-sdk/src/rp2_common/hardware_irq/irq.c.obj
 *fill*         0x10007eae        0x2 
 .rodata.irq_set_exclusive_handler.str1.4
                0x10007eb0       0x36 CMakeFiles/bmp280_pio.dir/C_/Users/Alfonso_Samuel/Documents/pico/pico-sdk/src/rp2_common/hardware_irq/irq.c.obj
 *fill*         0x10007ee6        0x2 
 .rodata.irq_add_shared_handler.str1.4
                0x10007ee8       0xd9 CMakeFiles/bmp280_pio.dir/C_/Users/Alfonso_Samuel/Documents/pico/pico-sdk/src/rp2_common/hardware_irq/irq.c.obj
 *fill*         0x10007fc1        0x3 
 .rodata.irq_remove_handler.str1.4
                0x10007fc4       0x2a CMakeFiles/bmp280_pio.dir/C_/Users/Alfonso_Samuel/Documents/pico/pico-sdk/src/rp2_common/hardware_irq/irq.c.obj
 *fill*         0x10007fee        0x2 
 .rodata.irq_add_tail_to_free_list.str1.4
                0x10007ff0       0x32 CMakeFiles/bmp280_pio.dir/C_/Users/Alfonso_Samuel/Documents/pico/pico-sdk/src/rp2_common/hardware_irq/irq.c.obj
                                 0x3a (size before relaxing)
 *fill*         0x10008022        0x2 
 .rodata.__func__.0
                0x10008024       0x1a CMakeFiles/bmp280_pio.dir/C_/Users/Alfonso_Samuel/Documents/pico/pico-sdk/src/rp2_common/hardware_irq/irq.c.obj
 *fill*         0x1000803e        0x2 
 .rodata.__func__.1
                0x10008040       0x17 CMakeFiles/bmp280_pio.dir/C_/Users/Alfonso_Samuel/Documents/pico/pico-sdk/src/rp2_common/hardware_irq/irq.c.obj
 *fill*         0x10008057        0x1 
 .rodata.__func__.2
                0x10008058       0x13 CMakeFiles/bmp280_pio.dir/C_/Users/Alfonso_Samuel/Documents/pico/pico-sdk/src/rp2_common/hardware_irq/irq.c.obj
 *fill*         0x1000806b        0x1 
 .rodata.__func__.3
                0x1000806c        0xc CMakeFiles/bmp280_pio.dir/C_/Users/Alfonso_Samuel/Documents/pico/pico-sdk/src/rp2_common/hardware_irq/irq.c.obj
 .rodata.__func__.4
                0x10008078        0xf CMakeFiles/bmp280_pio.dir/C_/Users/Alfonso_Samuel/Documents/pico/pico-sdk/src/rp2_common/hardware_irq/irq.c.obj
 *fill*         0x10008087        0x1 
 .rodata.__func__.6
                0x10008088       0x1a CMakeFiles/bmp280_pio.dir/C_/Users/Alfonso_Samuel/Documents/pico/pico-sdk/src/rp2_common/hardware_irq/irq.c.obj
 *fill*         0x100080a2        0x2 
 .rodata.pll_init.str1.4
                0x100080a4       0xef CMakeFiles/bmp280_pio.dir/C_/Users/Alfonso_Samuel/Documents/pico/pico-sdk/src/rp2_common/hardware_pll/pll.c.obj
 *fill*         0x10008193        0x1 
 .rodata.__func__.0
                0x10008194        0x9 CMakeFiles/bmp280_pio.dir/C_/Users/Alfonso_Samuel/Documents/pico/pico-sdk/src/rp2_common/hardware_pll/pll.c.obj
 *fill*         0x1000819d        0x3 
 .rodata._ftoa.str1.4
                0x100081a0       0x15 CMakeFiles/bmp280_pio.dir/C_/Users/Alfonso_Samuel/Documents/pico/pico-sdk/src/rp2_common/pico_printf/printf.c.obj
 *fill*         0x100081b5        0x3 
 .rodata._vsnprintf
                0x100081b8      0x1e0 CMakeFiles/bmp280_pio.dir/C_/Users/Alfonso_Samuel/Documents/pico/pico-sdk/src/rp2_common/pico_printf/printf.c.obj
 .rodata.pow10.0
                0x10008398       0x50 CMakeFiles/bmp280_pio.dir/C_/Users/Alfonso_Samuel/Documents/pico/pico-sdk/src/rp2_common/pico_printf/printf.c.obj
 .rodata.__aeabi_double_init.str1.4
                0x100083e8       0xbd CMakeFiles/bmp280_pio.dir/C_/Users/Alfonso_Samuel/Documents/pico/pico-sdk/src/rp2_common/pico_double/double_init_rom.c.obj
 *fill*         0x100084a5        0x3 
 .rodata.__func__.0
                0x100084a8       0x14 CMakeFiles/bmp280_pio.dir/C_/Users/Alfonso_Samuel/Documents/pico/pico-sdk/src/rp2_common/pico_double/double_init_rom.c.obj
 .rodata.__aeabi_float_init.str1.4
                0x100084bc       0x8f CMakeFiles/bmp280_pio.dir/C_/Users/Alfonso_Samuel/Documents/pico/pico-sdk/src/rp2_common/pico_float/float_init_rom.c.obj
                                 0x93 (size before relaxing)
 *fill*         0x1000854b        0x1 
 .rodata.__func__.0
                0x1000854c       0x13 CMakeFiles/bmp280_pio.dir/C_/Users/Alfonso_Samuel/Documents/pico/pico-sdk/src/rp2_common/pico_float/float_init_rom.c.obj
 *fill*         0x1000855f        0x1 
 .rodata.str1.4
                0x10008560       0x40 CMakeFiles/bmp280_pio.dir/C_/Users/Alfonso_Samuel/Documents/pico/pico-sdk/src/rp2_common/pico_standard_link/binary_info.c.obj
 .rodata.__bi_44
                0x100085a0        0xc CMakeFiles/bmp280_pio.dir/C_/Users/Alfonso_Samuel/Documents/pico/pico-sdk/src/rp2_common/pico_standard_link/binary_info.c.obj
 .rodata.__bi_75
                0x100085ac        0xc CMakeFiles/bmp280_pio.dir/C_/Users/Alfonso_Samuel/Documents/pico/pico-sdk/src/rp2_common/pico_standard_link/binary_info.c.obj
 .rodata.__bi_81
                0x100085b8        0xc CMakeFiles/bmp280_pio.dir/C_/Users/Alfonso_Samuel/Documents/pico/pico-sdk/src/rp2_common/pico_standard_link/binary_info.c.obj
 .rodata.crlf_str.3
                0x100085c4        0x2 CMakeFiles/bmp280_pio.dir/C_/Users/Alfonso_Samuel/Documents/pico/pico-sdk/src/rp2_common/pico_stdio/stdio.c.obj
 *fill*         0x100085c6        0x2 
 .rodata._resetd_driver
                0x100085c8       0x18 CMakeFiles/bmp280_pio.dir/C_/Users/Alfonso_Samuel/Documents/pico/pico-sdk/src/rp2_common/pico_stdio_usb/reset_interface.c.obj
 .rodata.stdio_usb_init.str1.4
                0x100085e0       0x6e CMakeFiles/bmp280_pio.dir/C_/Users/Alfonso_Samuel/Documents/pico/pico-sdk/src/rp2_common/pico_stdio_usb/stdio_usb.c.obj
 .rodata.str1.4
                0x100085e0       0x13 CMakeFiles/bmp280_pio.dir/C_/Users/Alfonso_Samuel/Documents/pico/pico-sdk/src/rp2_common/pico_stdio_usb/stdio_usb.c.obj
 *fill*         0x100085f3        0x1 
 .rodata.__bi_93.1
                0x100085f4        0xc CMakeFiles/bmp280_pio.dir/C_/Users/Alfonso_Samuel/Documents/pico/pico-sdk/src/rp2_common/pico_stdio_usb/stdio_usb.c.obj
 .rodata.__func__.0
                0x10008600       0x15 CMakeFiles/bmp280_pio.dir/C_/Users/Alfonso_Samuel/Documents/pico/pico-sdk/src/rp2_common/pico_stdio_usb/stdio_usb.c.obj
 *fill*         0x10008615        0x3 
 .rodata.str1.4
                0x10008618       0x2a CMakeFiles/bmp280_pio.dir/C_/Users/Alfonso_Samuel/Documents/pico/pico-sdk/src/rp2_common/pico_stdio_usb/stdio_usb_descriptors.c.obj
 *fill*         0x10008642        0x2 
 .rodata.usbd_desc_cfg
                0x10008644       0x54 CMakeFiles/bmp280_pio.dir/C_/Users/Alfonso_Samuel/Documents/pico/pico-sdk/src/rp2_common/pico_stdio_usb/stdio_usb_descriptors.c.obj
 .rodata.usbd_desc_device
                0x10008698       0x12 CMakeFiles/bmp280_pio.dir/C_/Users/Alfonso_Samuel/Documents/pico/pico-sdk/src/rp2_common/pico_stdio_usb/stdio_usb_descriptors.c.obj
 *fill*         0x100086aa        0x2 
 .rodata.usbd_desc_str
                0x100086ac       0x18 CMakeFiles/bmp280_pio.dir/C_/Users/Alfonso_Samuel/Documents/pico/pico-sdk/src/rp2_common/pico_stdio_usb/stdio_usb_descriptors.c.obj
 .rodata._hw_endpoint_alloc.str1.4
                0x100086c4       0xcd CMakeFiles/bmp280_pio.dir/C_/Users/Alfonso_Samuel/Documents/pico/pico-sdk/lib/tinyusb/src/portable/raspberrypi/rp2040/dcd_rp2040.c.obj
 *fill*         0x10008791        0x3 
 .rodata._hw_endpoint_init.str1.4
                0x10008794       0x28 CMakeFiles/bmp280_pio.dir/C_/Users/Alfonso_Samuel/Documents/pico/pico-sdk/lib/tinyusb/src/portable/raspberrypi/rp2040/dcd_rp2040.c.obj
 .rodata.hw_handle_buff_status.str1.4
                0x100087bc        0xb CMakeFiles/bmp280_pio.dir/C_/Users/Alfonso_Samuel/Documents/pico/pico-sdk/lib/tinyusb/src/portable/raspberrypi/rp2040/dcd_rp2040.c.obj
 *fill*         0x100087c7        0x1 
 .rodata.dcd_rp2040_irq.str1.4
                0x100087c8       0x14 CMakeFiles/bmp280_pio.dir/C_/Users/Alfonso_Samuel/Documents/pico/pico-sdk/lib/tinyusb/src/portable/raspberrypi/rp2040/dcd_rp2040.c.obj
 .rodata._hw_endpoint_stall.str1.4
                0x100087dc        0xd CMakeFiles/bmp280_pio.dir/C_/Users/Alfonso_Samuel/Documents/pico/pico-sdk/lib/tinyusb/src/portable/raspberrypi/rp2040/dcd_rp2040.c.obj
 *fill*         0x100087e9        0x3 
 .rodata.dcd_int_enable.str1.4
                0x100087ec        0xc CMakeFiles/bmp280_pio.dir/C_/Users/Alfonso_Samuel/Documents/pico/pico-sdk/lib/tinyusb/src/portable/raspberrypi/rp2040/dcd_rp2040.c.obj
 .rodata.__func__.0
                0x100087f8       0x15 CMakeFiles/bmp280_pio.dir/C_/Users/Alfonso_Samuel/Documents/pico/pico-sdk/lib/tinyusb/src/portable/raspberrypi/rp2040/dcd_rp2040.c.obj
 *fill*         0x1000880d        0x3 
 .rodata.__func__.1
                0x10008810       0x13 CMakeFiles/bmp280_pio.dir/C_/Users/Alfonso_Samuel/Documents/pico/pico-sdk/lib/tinyusb/src/portable/raspberrypi/rp2040/dcd_rp2040.c.obj
 *fill*         0x10008823        0x1 
 .rodata.__func__.11
                0x10008824        0xf CMakeFiles/bmp280_pio.dir/C_/Users/Alfonso_Samuel/Documents/pico/pico-sdk/lib/tinyusb/src/portable/raspberrypi/rp2040/dcd_rp2040.c.obj
 *fill*         0x10008833        0x1 
 .rodata.__func__.12
                0x10008834       0x13 CMakeFiles/bmp280_pio.dir/C_/Users/Alfonso_Samuel/Documents/pico/pico-sdk/lib/tinyusb/src/portable/raspberrypi/rp2040/dcd_rp2040.c.obj
 *fill*         0x10008847        0x1 
 .rodata.__func__.13
                0x10008848       0x16 CMakeFiles/bmp280_pio.dir/C_/Users/Alfonso_Samuel/Documents/pico/pico-sdk/lib/tinyusb/src/portable/raspberrypi/rp2040/dcd_rp2040.c.obj
 *fill*         0x1000885e        0x2 
 .rodata.__func__.14
                0x10008860        0x9 CMakeFiles/bmp280_pio.dir/C_/Users/Alfonso_Samuel/Documents/pico/pico-sdk/lib/tinyusb/src/portable/raspberrypi/rp2040/dcd_rp2040.c.obj
 *fill*         0x10008869        0x3 
 .rodata.__func__.2
                0x1000886c        0xf CMakeFiles/bmp280_pio.dir/C_/Users/Alfonso_Samuel/Documents/pico/pico-sdk/lib/tinyusb/src/portable/raspberrypi/rp2040/dcd_rp2040.c.obj
 *fill*         0x1000887b        0x1 
 .rodata.__func__.3
                0x1000887c        0xe CMakeFiles/bmp280_pio.dir/C_/Users/Alfonso_Samuel/Documents/pico/pico-sdk/lib/tinyusb/src/portable/raspberrypi/rp2040/dcd_rp2040.c.obj
 *fill*         0x1000888a        0x2 
 .rodata.__func__.4
                0x1000888c        0xe CMakeFiles/bmp280_pio.dir/C_/Users/Alfonso_Samuel/Documents/pico/pico-sdk/lib/tinyusb/src/portable/raspberrypi/rp2040/dcd_rp2040.c.obj
 *fill*         0x1000889a        0x2 
 .rodata.__func__.5
                0x1000889c       0x1a CMakeFiles/bmp280_pio.dir/C_/Users/Alfonso_Samuel/Documents/pico/pico-sdk/lib/tinyusb/src/portable/raspberrypi/rp2040/dcd_rp2040.c.obj
 *fill*         0x100088b6        0x2 
 .rodata.__func__.6
                0x100088b8        0xc CMakeFiles/bmp280_pio.dir/C_/Users/Alfonso_Samuel/Documents/pico/pico-sdk/lib/tinyusb/src/portable/raspberrypi/rp2040/dcd_rp2040.c.obj
 .rodata.__func__.9
                0x100088c4       0x10 CMakeFiles/bmp280_pio.dir/C_/Users/Alfonso_Samuel/Documents/pico/pico-sdk/lib/tinyusb/src/portable/raspberrypi/rp2040/dcd_rp2040.c.obj
 .rodata._hw_endpoint_buffer_control_update32.str1.4
                0x100088d4       0x1f CMakeFiles/bmp280_pio.dir/C_/Users/Alfonso_Samuel/Documents/pico/pico-sdk/lib/tinyusb/src/portable/raspberrypi/rp2040/rp2040_usb.c.obj
 *fill*         0x100088f3        0x1 
 .rodata._hw_endpoint_xfer_sync.str1.4
                0x100088f4       0xa9 CMakeFiles/bmp280_pio.dir/C_/Users/Alfonso_Samuel/Documents/pico/pico-sdk/lib/tinyusb/src/portable/raspberrypi/rp2040/rp2040_usb.c.obj
 *fill*         0x1000899d        0x3 
 .rodata._hw_endpoint_xfer_continue.str1.4
                0x100089a0       0x50 CMakeFiles/bmp280_pio.dir/C_/Users/Alfonso_Samuel/Documents/pico/pico-sdk/lib/tinyusb/src/portable/raspberrypi/rp2040/rp2040_usb.c.obj
 .rodata._hw_endpoint_xfer.str1.4
                0x100089f0        0xf CMakeFiles/bmp280_pio.dir/C_/Users/Alfonso_Samuel/Documents/pico/pico-sdk/lib/tinyusb/src/portable/raspberrypi/rp2040/rp2040_usb.c.obj
 *fill*         0x100089ff        0x1 
 .rodata.str1.4
                0x10008a00        0x7 CMakeFiles/bmp280_pio.dir/C_/Users/Alfonso_Samuel/Documents/pico/pico-sdk/lib/tinyusb/src/portable/raspberrypi/rp2040/rp2040_usb.c.obj
 *fill*         0x10008a07        0x1 
 .rodata.__func__.0
                0x10008a08       0x12 CMakeFiles/bmp280_pio.dir/C_/Users/Alfonso_Samuel/Documents/pico/pico-sdk/lib/tinyusb/src/portable/raspberrypi/rp2040/rp2040_usb.c.obj
 *fill*         0x10008a1a        0x2 
 .rodata.__func__.1
                0x10008a1c       0x17 CMakeFiles/bmp280_pio.dir/C_/Users/Alfonso_Samuel/Documents/pico/pico-sdk/lib/tinyusb/src/portable/raspberrypi/rp2040/rp2040_usb.c.obj
 *fill*         0x10008a33        0x1 
 .rodata.process_set_config.str1.4
                0x10008a34       0x17 CMakeFiles/bmp280_pio.dir/C_/Users/Alfonso_Samuel/Documents/pico/pico-sdk/lib/tinyusb/src/device/usbd.c.obj
 *fill*         0x10008a4b        0x1 
 .rodata.process_get_descriptor
                0x10008a4c       0x40 CMakeFiles/bmp280_pio.dir/C_/Users/Alfonso_Samuel/Documents/pico/pico-sdk/lib/tinyusb/src/device/usbd.c.obj
 .rodata.process_control_request
                0x10008a8c       0x28 CMakeFiles/bmp280_pio.dir/C_/Users/Alfonso_Samuel/Documents/pico/pico-sdk/lib/tinyusb/src/device/usbd.c.obj
 .rodata.tud_task
                0x10008ab4       0x24 CMakeFiles/bmp280_pio.dir/C_/Users/Alfonso_Samuel/Documents/pico/pico-sdk/lib/tinyusb/src/device/usbd.c.obj
 .rodata.__func__.2
                0x10008ad8        0xf CMakeFiles/bmp280_pio.dir/C_/Users/Alfonso_Samuel/Documents/pico/pico-sdk/lib/tinyusb/src/device/usbd.c.obj
 *fill*         0x10008ae7        0x1 
 .rodata.__func__.3
                0x10008ae8        0xf CMakeFiles/bmp280_pio.dir/C_/Users/Alfonso_Samuel/Documents/pico/pico-sdk/lib/tinyusb/src/device/usbd.c.obj
 *fill*         0x10008af7        0x1 
 .rodata.__func__.4
                0x10008af8       0x14 CMakeFiles/bmp280_pio.dir/C_/Users/Alfonso_Samuel/Documents/pico/pico-sdk/lib/tinyusb/src/device/usbd.c.obj
 .rodata.__func__.5
                0x10008b0c       0x10 CMakeFiles/bmp280_pio.dir/C_/Users/Alfonso_Samuel/Documents/pico/pico-sdk/lib/tinyusb/src/device/usbd.c.obj
 .rodata.__func__.6
                0x10008b1c       0x17 CMakeFiles/bmp280_pio.dir/C_/Users/Alfonso_Samuel/Documents/pico/pico-sdk/lib/tinyusb/src/device/usbd.c.obj
 *fill*         0x10008b33        0x1 
 .rodata.__func__.7
                0x10008b34       0x13 CMakeFiles/bmp280_pio.dir/C_/Users/Alfonso_Samuel/Documents/pico/pico-sdk/lib/tinyusb/src/device/usbd.c.obj
 *fill*         0x10008b47        0x1 
 .rodata.__func__.8
                0x10008b48       0x18 CMakeFiles/bmp280_pio.dir/C_/Users/Alfonso_Samuel/Documents/pico/pico-sdk/lib/tinyusb/src/device/usbd.c.obj
 .rodata.__func__.9
                0x10008b60        0x9 CMakeFiles/bmp280_pio.dir/C_/Users/Alfonso_Samuel/Documents/pico/pico-sdk/lib/tinyusb/src/device/usbd.c.obj
 *fill*         0x10008b69        0x3 
 .rodata._usbd_driver
                0x10008b6c       0x18 CMakeFiles/bmp280_pio.dir/C_/Users/Alfonso_Samuel/Documents/pico/pico-sdk/lib/tinyusb/src/device/usbd.c.obj
 .rodata.tud_control_xfer.str1.4
                0x10008b84       0x17 CMakeFiles/bmp280_pio.dir/C_/Users/Alfonso_Samuel/Documents/pico/pico-sdk/lib/tinyusb/src/device/usbd_control.c.obj
 .rodata.__func__.0
                0x10008b84       0x15 CMakeFiles/bmp280_pio.dir/C_/Users/Alfonso_Samuel/Documents/pico/pico-sdk/lib/tinyusb/src/device/usbd_control.c.obj
 *fill*         0x10008b99        0x3 
 .rodata.__func__.1
                0x10008b9c       0x11 CMakeFiles/bmp280_pio.dir/C_/Users/Alfonso_Samuel/Documents/pico/pico-sdk/lib/tinyusb/src/device/usbd_control.c.obj
 .rodata.tud_cdc_n_write_flush.str1.4
                0x10008bad       0x17 CMakeFiles/bmp280_pio.dir/C_/Users/Alfonso_Samuel/Documents/pico/pico-sdk/lib/tinyusb/src/class/cdc/cdc_device.c.obj
 *fill*         0x10008bad        0x3 
 .rodata.__func__.0
                0x10008bb0        0xd CMakeFiles/bmp280_pio.dir/C_/Users/Alfonso_Samuel/Documents/pico/pico-sdk/lib/tinyusb/src/class/cdc/cdc_device.c.obj
 *fill*         0x10008bbd        0x3 
 .rodata.__func__.1
                0x10008bc0        0xa CMakeFiles/bmp280_pio.dir/C_/Users/Alfonso_Samuel/Documents/pico/pico-sdk/lib/tinyusb/src/class/cdc/cdc_device.c.obj
 *fill*         0x10008bca        0x2 
 .rodata.__func__.2
                0x10008bcc       0x16 CMakeFiles/bmp280_pio.dir/C_/Users/Alfonso_Samuel/Documents/pico/pico-sdk/lib/tinyusb/src/class/cdc/cdc_device.c.obj
 .rodata.tusb_init.str1.4
                0x10008be2       0x17 CMakeFiles/bmp280_pio.dir/C_/Users/Alfonso_Samuel/Documents/pico/pico-sdk/lib/tinyusb/src/tusb.c.obj
 *fill*         0x10008be2        0x2 
 .rodata.__func__.0
                0x10008be4        0xa CMakeFiles/bmp280_pio.dir/C_/Users/Alfonso_Samuel/Documents/pico/pico-sdk/lib/tinyusb/src/tusb.c.obj
 *fill*         0x10008bee        0x2 
 .rodata.pico_get_unique_board_id_string.str1.4
                0x10008bf0       0x62 CMakeFiles/bmp280_pio.dir/C_/Users/Alfonso_Samuel/Documents/pico/pico-sdk/src/rp2_common/pico_unique_id/unique_id.c.obj
 *fill*         0x10008c52        0x2 
 .rodata.__func__.0
                0x10008c54       0x20 CMakeFiles/bmp280_pio.dir/C_/Users/Alfonso_Samuel/Documents/pico/pico-sdk/src/rp2_common/pico_unique_id/unique_id.c.obj
 .rodata.str1.4
                0x10008c74      0x16e CMakeFiles/bmp280_pio.dir/C_/Users/Alfonso_Samuel/Documents/pico/pico-sdk/src/rp2_common/hardware_flash/flash.c.obj
 *fill*         0x10008de2        0x2 
 .rodata.__func__.0
                0x10008de4        0xd CMakeFiles/bmp280_pio.dir/C_/Users/Alfonso_Samuel/Documents/pico/pico-sdk/src/rp2_common/hardware_flash/flash.c.obj
 *fill*         0x10008df1        0x3 
 .rodata._pio_find_offset_for_program.str1.4
                0x10008df4       0x7e CMakeFiles/bmp280_pio.dir/C_/Users/Alfonso_Samuel/Documents/pico/pico-sdk/src/rp2_common/hardware_pio/pio.c.obj
 *fill*         0x10008e72        0x2 
 .rodata._pio_add_program_at_offset.str1.4
                0x10008e74       0x11 CMakeFiles/bmp280_pio.dir/C_/Users/Alfonso_Samuel/Documents/pico/pico-sdk/src/rp2_common/hardware_pio/pio.c.obj
 *fill*         0x10008e85        0x3 
 .rodata.__func__.1
                0x10008e88       0x1d CMakeFiles/bmp280_pio.dir/C_/Users/Alfonso_Samuel/Documents/pico/pico-sdk/src/rp2_common/hardware_pio/pio.c.obj
                0x10008ea8                . = ALIGN (0x4)
 *fill*         0x10008ea5        0x3 
 *(SORT_BY_ALIGNMENT(SORT_BY_NAME(.flashdata*)))
                0x10008ea8                . = ALIGN (0x4)

.rel.dyn        0x10008ea8        0x0
 .rel.iplt      0x10008ea8        0x0 c:/progra~2/gnuarm~1/102020~1/bin/../lib/gcc/arm-none-eabi/10.2.1/thumb/v6-m/nofp/crtbegin.o

.ARM.extab
 *(.ARM.extab* .gnu.linkonce.armextab.*)
                0x10008ea8                __exidx_start = .

.ARM.exidx
 *(.ARM.exidx* .gnu.linkonce.armexidx.*)
                0x10008ea8                __exidx_end = .
                0x10008ea8                . = ALIGN (0x4)
                0x10008ea8                __binary_info_start = .

.binary_info    0x10008ea8       0x20
 *(.binary_info.keep.*)
 .binary_info.keep.__bi_ptr22